###############################################################################
#
# IAR ELF Linker V7.40.7.9843/W32 for ARM                 09/Dec/2017  14:52:47
# Copyright 2007-2015 IAR Systems AB.
#
#    Output file  =  
#        E:\GitHub\GCP-MulitMCUs\Project\GCP-LPC17XX_Booloader\Release\Exe\GCP-LPC17XX_Booloader.out.tmp
#    Map file     =  
#        E:\GitHub\GCP-MulitMCUs\Project\GCP-LPC17XX_Booloader\Release\List\GCP-LPC17XX_Booloader.map
#    Command line =  
#        E:\GitHub\GCP-MulitMCUs\Project\GCP-LPC17XX_Booloader\Release\Obj\adc_17xx_40xx.o
#        E:\GitHub\GCP-MulitMCUs\Project\GCP-LPC17XX_Booloader\Release\Obj\Ammeter_Spm91.o
#        E:\GitHub\GCP-MulitMCUs\Project\GCP-LPC17XX_Booloader\Release\Obj\at24cxx.o
#        E:\GitHub\GCP-MulitMCUs\Project\GCP-LPC17XX_Booloader\Release\Obj\Bootloader.o
#        E:\GitHub\GCP-MulitMCUs\Project\GCP-LPC17XX_Booloader\Release\Obj\can_17xx_40xx.o
#        E:\GitHub\GCP-MulitMCUs\Project\GCP-LPC17XX_Booloader\Release\Obj\chip_17xx_40xx.o
#        E:\GitHub\GCP-MulitMCUs\Project\GCP-LPC17XX_Booloader\Release\Obj\cJSON.o
#        E:\GitHub\GCP-MulitMCUs\Project\GCP-LPC17XX_Booloader\Release\Obj\clock_17xx_40xx.o
#        E:\GitHub\GCP-MulitMCUs\Project\GCP-LPC17XX_Booloader\Release\Obj\cmp_17xx_40xx.o
#        E:\GitHub\GCP-MulitMCUs\Project\GCP-LPC17XX_Booloader\Release\Obj\CoreCtrl.o
#        E:\GitHub\GCP-MulitMCUs\Project\GCP-LPC17XX_Booloader\Release\Obj\crc16.o
#        E:\GitHub\GCP-MulitMCUs\Project\GCP-LPC17XX_Booloader\Release\Obj\crc8.o
#        E:\GitHub\GCP-MulitMCUs\Project\GCP-LPC17XX_Booloader\Release\Obj\crc_17xx_40xx.o
#        E:\GitHub\GCP-MulitMCUs\Project\GCP-LPC17XX_Booloader\Release\Obj\dac_17xx_40xx.o
#        E:\GitHub\GCP-MulitMCUs\Project\GCP-LPC17XX_Booloader\Release\Obj\Demo.o
#        E:\GitHub\GCP-MulitMCUs\Project\GCP-LPC17XX_Booloader\Release\Obj\Ds18b20.o
#        E:\GitHub\GCP-MulitMCUs\Project\GCP-LPC17XX_Booloader\Release\Obj\Eeprom.o
#        E:\GitHub\GCP-MulitMCUs\Project\GCP-LPC17XX_Booloader\Release\Obj\eeprom_17xx_40xx.o
#        E:\GitHub\GCP-MulitMCUs\Project\GCP-LPC17XX_Booloader\Release\Obj\emc_17xx_40xx.o
#        E:\GitHub\GCP-MulitMCUs\Project\GCP-LPC17XX_Booloader\Release\Obj\enet_17xx_40xx.o
#        E:\GitHub\GCP-MulitMCUs\Project\GCP-LPC17XX_Booloader\Release\Obj\EXTI.o
#        E:\GitHub\GCP-MulitMCUs\Project\GCP-LPC17XX_Booloader\Release\Obj\Flash.o
#        E:\GitHub\GCP-MulitMCUs\Project\GCP-LPC17XX_Booloader\Release\Obj\fpu_init.o
#        E:\GitHub\GCP-MulitMCUs\Project\GCP-LPC17XX_Booloader\Release\Obj\gpdma_17xx_40xx.o
#        E:\GitHub\GCP-MulitMCUs\Project\GCP-LPC17XX_Booloader\Release\Obj\gpio_17xx_40xx.o
#        E:\GitHub\GCP-MulitMCUs\Project\GCP-LPC17XX_Booloader\Release\Obj\GPIO_Man.o
#        E:\GitHub\GCP-MulitMCUs\Project\GCP-LPC17XX_Booloader\Release\Obj\gpioint_17xx_40xx.o
#        E:\GitHub\GCP-MulitMCUs\Project\GCP-LPC17XX_Booloader\Release\Obj\HAL_Delay.o
#        E:\GitHub\GCP-MulitMCUs\Project\GCP-LPC17XX_Booloader\Release\Obj\HAL_Exti.o
#        E:\GitHub\GCP-MulitMCUs\Project\GCP-LPC17XX_Booloader\Release\Obj\HAL_Flash.o
#        E:\GitHub\GCP-MulitMCUs\Project\GCP-LPC17XX_Booloader\Release\Obj\HAL_Gpio.o
#        E:\GitHub\GCP-MulitMCUs\Project\GCP-LPC17XX_Booloader\Release\Obj\HAL_IRQHandler.o
#        E:\GitHub\GCP-MulitMCUs\Project\GCP-LPC17XX_Booloader\Release\Obj\HAL_Pwm.o
#        E:\GitHub\GCP-MulitMCUs\Project\GCP-LPC17XX_Booloader\Release\Obj\HAL_PwmCount.o
#        E:\GitHub\GCP-MulitMCUs\Project\GCP-LPC17XX_Booloader\Release\Obj\HAL_Spi.o
#        E:\GitHub\GCP-MulitMCUs\Project\GCP-LPC17XX_Booloader\Release\Obj\HAL_SysCtrl.o
#        E:\GitHub\GCP-MulitMCUs\Project\GCP-LPC17XX_Booloader\Release\Obj\HAL_SysTick.o
#        E:\GitHub\GCP-MulitMCUs\Project\GCP-LPC17XX_Booloader\Release\Obj\HAL_Uart.o
#        E:\GitHub\GCP-MulitMCUs\Project\GCP-LPC17XX_Booloader\Release\Obj\HAL_Watchdog.o
#        E:\GitHub\GCP-MulitMCUs\Project\GCP-LPC17XX_Booloader\Release\Obj\HW_Can.o
#        E:\GitHub\GCP-MulitMCUs\Project\GCP-LPC17XX_Booloader\Release\Obj\HW_Exti.o
#        E:\GitHub\GCP-MulitMCUs\Project\GCP-LPC17XX_Booloader\Release\Obj\HW_Flash.o
#        E:\GitHub\GCP-MulitMCUs\Project\GCP-LPC17XX_Booloader\Release\Obj\HW_Gpio.o
#        E:\GitHub\GCP-MulitMCUs\Project\GCP-LPC17XX_Booloader\Release\Obj\HW_IRQHandler.o
#        E:\GitHub\GCP-MulitMCUs\Project\GCP-LPC17XX_Booloader\Release\Obj\HW_Mcpwm.o
#        E:\GitHub\GCP-MulitMCUs\Project\GCP-LPC17XX_Booloader\Release\Obj\HW_Pwm.o
#        E:\GitHub\GCP-MulitMCUs\Project\GCP-LPC17XX_Booloader\Release\Obj\HW_SysCtrl.o
#        E:\GitHub\GCP-MulitMCUs\Project\GCP-LPC17XX_Booloader\Release\Obj\HW_SysTick.o
#        E:\GitHub\GCP-MulitMCUs\Project\GCP-LPC17XX_Booloader\Release\Obj\HW_TimeDelay.o
#        E:\GitHub\GCP-MulitMCUs\Project\GCP-LPC17XX_Booloader\Release\Obj\HW_TimeInput.o
#        E:\GitHub\GCP-MulitMCUs\Project\GCP-LPC17XX_Booloader\Release\Obj\HW_TimeOutput.o
#        E:\GitHub\GCP-MulitMCUs\Project\GCP-LPC17XX_Booloader\Release\Obj\HW_Uart.o
#        E:\GitHub\GCP-MulitMCUs\Project\GCP-LPC17XX_Booloader\Release\Obj\HW_Watchdog.o
#        E:\GitHub\GCP-MulitMCUs\Project\GCP-LPC17XX_Booloader\Release\Obj\i2c_17xx_40xx.o
#        E:\GitHub\GCP-MulitMCUs\Project\GCP-LPC17XX_Booloader\Release\Obj\I2C_BaseOps.o
#        E:\GitHub\GCP-MulitMCUs\Project\GCP-LPC17XX_Booloader\Release\Obj\I2C_DeviceAPI.o
#        E:\GitHub\GCP-MulitMCUs\Project\GCP-LPC17XX_Booloader\Release\Obj\I2C_DeviceOps.o
#        E:\GitHub\GCP-MulitMCUs\Project\GCP-LPC17XX_Booloader\Release\Obj\i2s_17xx_40xx.o
#        E:\GitHub\GCP-MulitMCUs\Project\GCP-LPC17XX_Booloader\Release\Obj\iap.o
#        E:\GitHub\GCP-MulitMCUs\Project\GCP-LPC17XX_Booloader\Release\Obj\iar_startup_LPC17xx.o
#        E:\GitHub\GCP-MulitMCUs\Project\GCP-LPC17XX_Booloader\Release\Obj\iocon_17xx_40xx.o
#        E:\GitHub\GCP-MulitMCUs\Project\GCP-LPC17XX_Booloader\Release\Obj\IRQ_Man.o
#        E:\GitHub\GCP-MulitMCUs\Project\GCP-LPC17XX_Booloader\Release\Obj\KEY.o
#        E:\GitHub\GCP-MulitMCUs\Project\GCP-LPC17XX_Booloader\Release\Obj\LCD1602.o
#        E:\GitHub\GCP-MulitMCUs\Project\GCP-LPC17XX_Booloader\Release\Obj\lcd_17xx_40xx.o
#        E:\GitHub\GCP-MulitMCUs\Project\GCP-LPC17XX_Booloader\Release\Obj\Main.o
#        E:\GitHub\GCP-MulitMCUs\Project\GCP-LPC17XX_Booloader\Release\Obj\ModBus.o
#        E:\GitHub\GCP-MulitMCUs\Project\GCP-LPC17XX_Booloader\Release\Obj\MotorCtrl.o
#        E:\GitHub\GCP-MulitMCUs\Project\GCP-LPC17XX_Booloader\Release\Obj\NixieTube.o
#        E:\GitHub\GCP-MulitMCUs\Project\GCP-LPC17XX_Booloader\Release\Obj\pmu_17xx_40xx.o
#        E:\GitHub\GCP-MulitMCUs\Project\GCP-LPC17XX_Booloader\Release\Obj\PWM.o
#        E:\GitHub\GCP-MulitMCUs\Project\GCP-LPC17XX_Booloader\Release\Obj\pwm_17xx_40xx.o
#        E:\GitHub\GCP-MulitMCUs\Project\GCP-LPC17XX_Booloader\Release\Obj\PWM_Count.o
#        E:\GitHub\GCP-MulitMCUs\Project\GCP-LPC17XX_Booloader\Release\Obj\PWM_MotorCtrl.o
#        E:\GitHub\GCP-MulitMCUs\Project\GCP-LPC17XX_Booloader\Release\Obj\ring_buffer.o
#        E:\GitHub\GCP-MulitMCUs\Project\GCP-LPC17XX_Booloader\Release\Obj\ritimer_17xx_40xx.o
#        E:\GitHub\GCP-MulitMCUs\Project\GCP-LPC17XX_Booloader\Release\Obj\RTC.o
#        E:\GitHub\GCP-MulitMCUs\Project\GCP-LPC17XX_Booloader\Release\Obj\rtc_17xx_40xx.o
#        E:\GitHub\GCP-MulitMCUs\Project\GCP-LPC17XX_Booloader\Release\Obj\sdc_17xx_40xx.o
#        E:\GitHub\GCP-MulitMCUs\Project\GCP-LPC17XX_Booloader\Release\Obj\sdmmc_17xx_40xx.o
#        E:\GitHub\GCP-MulitMCUs\Project\GCP-LPC17XX_Booloader\Release\Obj\spi_17xx_40xx.o
#        E:\GitHub\GCP-MulitMCUs\Project\GCP-LPC17XX_Booloader\Release\Obj\ssp_17xx_40xx.o
#        E:\GitHub\GCP-MulitMCUs\Project\GCP-LPC17XX_Booloader\Release\Obj\SYS_CmuConfig.o
#        E:\GitHub\GCP-MulitMCUs\Project\GCP-LPC17XX_Booloader\Release\Obj\SYS_CncConfig.o
#        E:\GitHub\GCP-MulitMCUs\Project\GCP-LPC17XX_Booloader\Release\Obj\SYS_Ctrl.o
#        E:\GitHub\GCP-MulitMCUs\Project\GCP-LPC17XX_Booloader\Release\Obj\SYS_Init.o
#        E:\GitHub\GCP-MulitMCUs\Project\GCP-LPC17XX_Booloader\Release\Obj\sysctl_17xx_40xx.o
#        E:\GitHub\GCP-MulitMCUs\Project\GCP-LPC17XX_Booloader\Release\Obj\sysinit.o
#        E:\GitHub\GCP-MulitMCUs\Project\GCP-LPC17XX_Booloader\Release\Obj\sysinit_17xx_40xx.o
#        E:\GitHub\GCP-MulitMCUs\Project\GCP-LPC17XX_Booloader\Release\Obj\SysTimer.o
#        E:\GitHub\GCP-MulitMCUs\Project\GCP-LPC17XX_Booloader\Release\Obj\SysUpdate.o
#        E:\GitHub\GCP-MulitMCUs\Project\GCP-LPC17XX_Booloader\Release\Obj\TempSensor.o
#        E:\GitHub\GCP-MulitMCUs\Project\GCP-LPC17XX_Booloader\Release\Obj\timer_17xx_40xx.o
#        E:\GitHub\GCP-MulitMCUs\Project\GCP-LPC17XX_Booloader\Release\Obj\TM1617.o
#        E:\GitHub\GCP-MulitMCUs\Project\GCP-LPC17XX_Booloader\Release\Obj\UART.o
#        E:\GitHub\GCP-MulitMCUs\Project\GCP-LPC17XX_Booloader\Release\Obj\uart_17xx_40xx.o
#        E:\GitHub\GCP-MulitMCUs\Project\GCP-LPC17XX_Booloader\Release\Obj\Watchdog.o
#        E:\GitHub\GCP-MulitMCUs\Project\GCP-LPC17XX_Booloader\Release\Obj\wwdt_17xx_40xx.o
#        -o
#        E:\GitHub\GCP-MulitMCUs\Project\GCP-LPC17XX_Booloader\Release\Exe\GCP-LPC17XX_Booloader.out.tmp
#        --map
#        E:\GitHub\GCP-MulitMCUs\Project\GCP-LPC17XX_Booloader\Release\List\GCP-LPC17XX_Booloader.map
#        --config
#        E:\GitHub\GCP-MulitMCUs\Project\GCP-LPC17XX_Booloader\settings\GCP-LPC17XX_Booloader.icf
#        --semihosting --entry __iar_program_start --inline --vfe
#
###############################################################################

*******************************************************************************
*** RUNTIME MODEL ATTRIBUTES
***

CppFlavor       = *
__Heap_Handler  = DLMalloc
__SystemLibrary = DLib


*******************************************************************************
*** PLACEMENT SUMMARY
***

"A1":  place at 0x00000000 { ro section .intvec };
"P1":  place in [from 0x00000000 to 0x000002fb] |
                [from 0x00000300 to 0x0007ffff] { ro };
"P2":  place in [from 0x10000000 to 0x10007fdf] { rw, block CSTACK, block HEAP };

  Section            Kind        Address    Size  Object
  -------            ----        -------    ----  ------
"A1":                                       0xcc
  .intvec            ro code  0x00000000    0xcc  iar_startup_LPC17xx.o [1]
                            - 0x000000cc    0xcc

"P1", part 1 of 2:                          0x14
  CRPKEY             ro code  0x000000cc     0x0  iar_startup_LPC17xx.o [1]
  .rodata            const    0x000000cc     0x0  zero_init3.o [5]
  .rodata            const    0x000000cc     0x0  copy_init3.o [5]
  Initializer bytes  const    0x000000cc    0x14  <for P2 s0>
                            - 0x000000e0    0x14

"P1", part 2 of 2:                        0x175c
  .text              ro code  0x00000300   0x498  HW_IRQHandler.o [1]
  .text              ro code  0x00000798    0xcc  gpdma_17xx_40xx.o [1]
  .text              ro code  0x00000864   0x244  clock_17xx_40xx.o [1]
  .text              ro code  0x00000aa8   0x2b8  GPIO_Man.o [1]
  .text              ro code  0x00000d60    0x14  HAL_Gpio.o [1]
  .text              ro code  0x00000d74     0x6  ABImemclr4.o [5]
  .rodata            const    0x00000d7a     0x2  HW_IRQHandler.o [1]
  .text              ro code  0x00000d7c    0x66  ABImemset.o [5]
  .text              ro code  0x00000de4    0xba  SysTimer.o [1]
  .text              ro code  0x00000ea0    0x2c  HW_Gpio.o [1]
  .text              ro code  0x00000ecc    0x32  ABImemset48.o [5]
  .text              ro code  0x00000efe    0x14  HAL_SysTick.o [1]
  .text              ro code  0x00000f12     0xa  HAL_Delay.o [1]
  .text              ro code  0x00000f1c    0xc0  HW_SysTick.o [1]
  .text              ro code  0x00000fdc    0x48  HW_TimeDelay.o [1]
  .text              ro code  0x00001024    0x10  chip_17xx_40xx.o [1]
  .text              ro code  0x00001034    0x1e  ritimer_17xx_40xx.o [1]
  .text              ro code  0x00001054   0x1f6  HW_Flash.o [1]
  .text              ro code  0x0000124c    0x98  iap.o [1]
  .rodata            const    0x000012e4   0x100  crc16.o [1]
  .rodata            const    0x000013e4   0x100  crc16.o [1]
  .text              ro code  0x000014e4    0xfe  SysUpdate.o [1]
  .text              ro code  0x000015e2    0x3c  Flash.o [1]
  .text              ro code  0x00001620    0x48  crc16.o [1]
  .text              ro code  0x00001668    0x76  ABImemcpy_unaligned.o [5]
  .text              ro code  0x000016e0    0x28  CoreCtrl.o [1]
  .text              ro code  0x00001708    0x40  HAL_Flash.o [1]
  .text              ro code  0x00001748    0x10  HAL_SysCtrl.o [1]
  .text              ro code  0x00001758    0x92  HW_SysCtrl.o [1]
  .text              ro code  0x000017ec    0xc0  sysinit_17xx_40xx.o [1]
  .text              ro code  0x000018ac    0x40  zero_init3.o [5]
  .text              ro code  0x000018ec    0x2c  SYS_Init.o [1]
  .text              ro code  0x00001918     0x8  IRQ_Man.o [1]
  .text              ro code  0x00001920     0x8  HAL_IRQHandler.o [1]
  .text              ro code  0x00001928    0x2c  copy_init3.o [5]
  .text              ro code  0x00001954    0x28  data_init.o [5]
  .iar.init_table    const    0x0000197c    0x24  - Linker created -
  .text              ro code  0x000019a0    0x1a  cmain.o [5]
  .text              ro code  0x000019ba     0xc  Main.o [1]
  .text              ro code  0x000019c6     0x4  exit.o [3]
  .text              ro code  0x000019cc     0xa  cexit.o [5]
  .text              ro code  0x000019d8    0x14  exit.o [6]
  .text              ro code  0x000019ec    0x18  sysinit.o [1]
  .rodata            const    0x00001a04    0x10  HW_Flash.o [1]
  .text              ro code  0x00001a14    0x10  iar_startup_LPC17xx.o [1]
  .text              ro code  0x00001a24     0xc  cstartup_M.o [5]
  .rodata            const    0x00001a30     0x4  HW_SysCtrl.o [1]
  .rodata            const    0x00001a34     0x4  HW_SysCtrl.o [1]
  .text              ro code  0x00001a38     0x4  iar_startup_LPC17xx.o [1]
  .text              ro code  0x00001a3c     0x4  iar_startup_LPC17xx.o [1]
  .text              ro code  0x00001a40     0x4  iar_startup_LPC17xx.o [1]
  .text              ro code  0x00001a44     0x4  iar_startup_LPC17xx.o [1]
  .text              ro code  0x00001a48     0x4  iar_startup_LPC17xx.o [1]
  .text              ro code  0x00001a4c     0x4  iar_startup_LPC17xx.o [1]
  .text              ro code  0x00001a50     0x4  iar_startup_LPC17xx.o [1]
  .text              ro code  0x00001a54     0x4  iar_startup_LPC17xx.o [1]
  .text              ro code  0x00001a58     0x4  iar_startup_LPC17xx.o [1]
                            - 0x00001a5c  0x175c

"P2":                                      0xc58
  P2 s0                       0x10000000    0x14  <Init block>
    .data            inited   0x10000000    0x10  GPIO_Man.o [1]
    .data            inited   0x10000010     0x4  HW_SysTick.o [1]
  .bss               zero     0x10000014   0x1ac  HW_IRQHandler.o [1]
  .bss               zero     0x100001c0   0x100  GPIO_Man.o [1]
  .bss               zero     0x100002c0   0x100  GPIO_Man.o [1]
  .bss               zero     0x100003c0    0x20  GPIO_Man.o [1]
  .bss               zero     0x100003e0    0x20  GPIO_Man.o [1]
  .bss               zero     0x10000400    0x20  SysUpdate.o [1]
  .bss               zero     0x10000420    0x10  CoreCtrl.o [1]
  .bss               zero     0x10000430    0x10  GPIO_Man.o [1]
  .bss               zero     0x10000440     0x8  gpdma_17xx_40xx.o [1]
  .bss               zero     0x10000448     0x4  chip_17xx_40xx.o [1]
  .bss               zero     0x1000044c     0x4  HW_SysTick.o [1]
  .bss               zero     0x10000450     0x4  HW_TimeDelay.o [1]
  .bss               zero     0x10000454     0x1  SysTimer.o [1]
  CSTACK                      0x10000458   0x800  <Block>
    CSTACK           uninit   0x10000458   0x800  <Block tail>
                            - 0x10000c58   0xc58


*******************************************************************************
*** INIT TABLE
***

          Address     Size
          -------     ----
Zero (__iar_zero_init3)
    1 destination range, total size 0x441:
          0x10000014  0x441

Copy (__iar_copy_init3)
    1 source range, total size 0x14:
          0x000000cc   0x14
    1 destination range, total size 0x14:
          0x10000000   0x14



*******************************************************************************
*** MODULE SUMMARY
***

    Module                 ro code  ro data  rw data
    ------                 -------  -------  -------
E:\GitHub\GCP-MulitMCUs\Project\GCP-LPC17XX_Booloader\Release\Obj: [1]
    CoreCtrl.o                  40                16
    Flash.o                     60
    GPIO_Man.o                 696       16      608
    HAL_Delay.o                 10
    HAL_Flash.o                 64
    HAL_Gpio.o                  20
    HAL_IRQHandler.o             8
    HAL_SysCtrl.o               16
    HAL_SysTick.o               20
    HW_Flash.o                 502       16
    HW_Gpio.o                   44
    HW_IRQHandler.o          1 176        2      428
    HW_SysCtrl.o               146        8
    HW_SysTick.o               192        4        8
    HW_TimeDelay.o              72                 4
    IRQ_Man.o                    8
    Main.o                      12
    SYS_Init.o                  44
    SysTimer.o                 186                 1
    SysUpdate.o                254                32
    chip_17xx_40xx.o            16                 4
    clock_17xx_40xx.o          580
    crc16.o                     72      512
    gpdma_17xx_40xx.o          204                 8
    iap.o                      152
    iar_startup_LPC17xx.o      256
    ritimer_17xx_40xx.o         30
    sysinit.o                   24
    sysinit_17xx_40xx.o        192
    ------------------------------------------------
    Total:                   5 096      558    1 109

command line: [2]
    ------------------------------------------------
    Total:

dl7M_tln.a: [3]
    exit.o                       4
    ------------------------------------------------
    Total:                       4

m7M_tl.a: [4]
    ------------------------------------------------
    Total:

rt7M_tl.a: [5]
    ABImemclr4.o                 6
    ABImemcpy_unaligned.o      118
    ABImemset.o                102
    ABImemset48.o               50
    cexit.o                     10
    cmain.o                     26
    copy_init3.o                44
    cstartup_M.o                12
    data_init.o                 40
    zero_init3.o                64
    ------------------------------------------------
    Total:                     472

shb_l.a: [6]
    exit.o                      20
    ------------------------------------------------
    Total:                      20

    Gaps                        18
    Linker created                       36    2 048
----------------------------------------------------
    Grand Total:             5 610      594    3 157


*******************************************************************************
*** ENTRY LIST
***

Entry                      Address   Size  Type      Object
-----                      -------   ----  ----      ------
.iar.init_table$$Base   0x0000197c          --   Gb  - Linker created -
.iar.init_table$$Limit  0x000019a0          --   Gb  - Linker created -
?main                   0x000019a1         Code  Gb  cmain.o [5]
ADC_IRQHandler          0x000006d7    0xa  Code  Gb  HW_IRQHandler.o [1]
BOD_IRQHandler          0x000006e1    0xa  Code  Gb  HW_IRQHandler.o [1]
Board_SystemInit        0x0000178b   0x1a  Code  Gb  HW_SysCtrl.o [1]
CANActivity_IRQHandler  0x00000779    0xc  Code  Gb  HW_IRQHandler.o [1]
CAN_IRQHandler          0x000006f5    0xa  Code  Gb  HW_IRQHandler.o [1]
CRC16_GetValue          0x00001621   0x48  Code  Gb  crc16.o [1]
CRC16_H_CODE            0x000012e4  0x100  Data  Lc  crc16.o [1]
CRC16_L_CODE            0x000013e4  0x100  Data  Lc  crc16.o [1]
CRP_Value               0x000000cd         Code  Gb  iar_startup_LPC17xx.o [1]
CSTACK$$Base            0x10000458          --   Gb  - Linker created -
CSTACK$$Limit           0x10000c58          --   Gb  - Linker created -
ChannelHandlerArray     0x10000440    0x8  Data  Lc  gpdma_17xx_40xx.o [1]
Chip_Clock_DisablePLL   0x000008dd   0x24  Code  Gb  clock_17xx_40xx.o [1]
Chip_Clock_EnableCrystal
                        0x00001811    0xe  Code  Lc  sysinit_17xx_40xx.o [1]
Chip_Clock_EnablePLL    0x000008b9   0x24  Code  Gb  clock_17xx_40xx.o [1]
Chip_Clock_EnablePeriphClock
                        0x0000093b   0x12  Code  Gb  clock_17xx_40xx.o [1]
Chip_Clock_FeedPLL      0x0000087d   0x1a  Code  Lc  clock_17xx_40xx.o [1]
Chip_Clock_GetCPUClockDiv
                        0x0000096d    0xa  Code  Gb  clock_17xx_40xx.o [1]
Chip_Clock_GetCPUClockSource
                        0x0000094d   0x1a  Code  Gb  clock_17xx_40xx.o [1]
Chip_Clock_GetIntOscRate
                        0x000008a7    0x4  Code  Lc  clock_17xx_40xx.o [1]
Chip_Clock_GetMainClockRate
                        0x00000a61   0x1e  Code  Gb  clock_17xx_40xx.o [1]
Chip_Clock_GetMainOscRate
                        0x000008a1    0x6  Code  Lc  clock_17xx_40xx.o [1]
Chip_Clock_GetMainPLLInClockRate
                        0x000008b1    0x8  Code  Lc  clock_17xx_40xx.o [1]
Chip_Clock_GetMainPLLOutClockRate
                        0x00000a03   0x36  Code  Gb  clock_17xx_40xx.o [1]
Chip_Clock_GetMainPLLSource
                        0x00000897    0xa  Code  Lc  clock_17xx_40xx.o [1]
Chip_Clock_GetPCLKDiv   0x00000977   0x64  Code  Gb  clock_17xx_40xx.o [1]
Chip_Clock_GetPeripheralClockRate
                        0x00000a91   0x18  Code  Gb  clock_17xx_40xx.o [1]
Chip_Clock_GetRTCOscRate
                        0x000008ab    0x6  Code  Lc  clock_17xx_40xx.o [1]
Chip_Clock_GetSYSCLKRate
                        0x000009db   0x28  Code  Gb  clock_17xx_40xx.o [1]
Chip_Clock_GetSystemClockRate
                        0x00000a7f   0x12  Code  Gb  clock_17xx_40xx.o [1]
Chip_Clock_IsCrystalEnabled
                        0x0000181f    0xc  Code  Lc  sysinit_17xx_40xx.o [1]
Chip_Clock_IsMainPLLConnected
                        0x00000871    0xc  Code  Lc  clock_17xx_40xx.o [1]
Chip_Clock_IsMainPLLConnected
                        0x00001805    0xc  Code  Lc  sysinit_17xx_40xx.o [1]
Chip_Clock_IsMainPLLEnabled
                        0x00000865    0xc  Code  Lc  clock_17xx_40xx.o [1]
Chip_Clock_IsMainPLLEnabled
                        0x000017ed    0xc  Code  Lc  sysinit_17xx_40xx.o [1]
Chip_Clock_IsMainPLLLocked
                        0x000017f9    0xc  Code  Lc  sysinit_17xx_40xx.o [1]
Chip_Clock_SetCPUClockDiv
                        0x00000967    0x6  Code  Gb  clock_17xx_40xx.o [1]
Chip_Clock_SetMainPLLSource
                        0x0000182b    0x8  Code  Lc  sysinit_17xx_40xx.o [1]
Chip_Clock_SetupPLL     0x00000901   0x3a  Code  Gb  clock_17xx_40xx.o [1]
Chip_GPDMA_ClearIntPending
                        0x00000847   0x1a  Code  Gb  gpdma_17xx_40xx.o [1]
Chip_GPDMA_Init         0x00000799   0x46  Code  Gb  gpdma_17xx_40xx.o [1]
Chip_GPDMA_IntGetStatus
                        0x000007df   0x68  Code  Gb  gpdma_17xx_40xx.o [1]
Chip_GPIOINT_ClearIntStatus
                        0x0000031d    0xe  Code  Lc  HW_IRQHandler.o [1]
Chip_GPIOINT_GetStatusFalling
                        0x00000301    0xe  Code  Lc  HW_IRQHandler.o [1]
Chip_GPIOINT_GetStatusRising
                        0x0000030f    0xe  Code  Lc  HW_IRQHandler.o [1]
Chip_GPIOINT_IsIntPending
                        0x0000032b    0xa  Code  Lc  HW_IRQHandler.o [1]
Chip_GPIO_GetPinState   0x00000ea1   0x10  Code  Lc  HW_Gpio.o [1]
Chip_GPIO_Init          0x0000177f    0xc  Code  Lc  HW_SysCtrl.o [1]
Chip_IAP_CopyRamToFlash
                        0x0000127d   0x32  Code  Gb  iap.o [1]
Chip_IAP_EraseSector    0x000012af   0x2e  Code  Gb  iap.o [1]
Chip_IAP_PreSectorForReadWrite
                        0x0000125d   0x20  Code  Gb  iap.o [1]
Chip_IOCON_Init         0x00001773    0xc  Code  Lc  HW_SysCtrl.o [1]
Chip_RIT_Disable        0x00000fdd    0xa  Code  Lc  HW_TimeDelay.o [1]
Chip_RIT_EnableCTRL     0x00000fe7    0x8  Code  Lc  HW_TimeDelay.o [1]
Chip_RIT_Init           0x00001035   0x1e  Code  Gb  ritimer_17xx_40xx.o [1]
Chip_SetupXtalClocking  0x00001841   0x6c  Code  Gb  sysinit_17xx_40xx.o [1]
CoreCtrl_JumToApp       0x00001701    0x8  Code  Gb  CoreCtrl.o [1]
CoreCtrl_ResetHandler   0x000016e9   0x12  Code  Gb  CoreCtrl.o [1]
CoreCtrl_ResetSystemNow
                        0x000016e1    0x8  Code  Gb  CoreCtrl.o [1]
DMA_IRQHandler          0x000006ff   0x3a  Code  Gb  HW_IRQHandler.o [1]
EINT0_IRQHandler        0x0000063b    0xa  Code  Gb  HW_IRQHandler.o [1]
EINT1_IRQHandler        0x00000645    0xa  Code  Gb  HW_IRQHandler.o [1]
EINT2_IRQHandler        0x0000064f    0xa  Code  Gb  HW_IRQHandler.o [1]
EINT3_IRQHandler        0x00000659   0x7e  Code  Gb  HW_IRQHandler.o [1]
FLASH_Erase             0x000015e3   0x14  Code  Gb  Flash.o [1]
FLASH_Read              0x0000160b   0x14  Code  Gb  Flash.o [1]
FLASH_Write             0x000015f7   0x14  Code  Gb  Flash.o [1]
GPIO_GetInputState      0x00000ad7   0x2e  Code  Gb  GPIO_Man.o [1]
GPIO_GetOutputState     0x00000aa9   0x2e  Code  Gb  GPIO_Man.o [1]
GPIO_MAN_UpdateInputIOState
                        0x00000b05  0x112  Code  Lc  GPIO_Man.o [1]
GPIO_MAN_UpdateOutputIOState
                        0x00000c17  0x112  Code  Lc  GPIO_Man.o [1]
GPIO_MAN_UpdateProc     0x00000d29   0x1e  Code  Gb  GPIO_Man.o [1]
HAL_DelayInit           0x00000f13    0xa  Code  Gb  HAL_Delay.o [1]
HAL_FLASH_Erase         0x00001709   0x18  Code  Gb  HAL_Flash.o [1]
HAL_FLASH_Read          0x00001735   0x14  Code  Gb  HAL_Flash.o [1]
HAL_FLASH_Write         0x00001721   0x14  Code  Gb  HAL_Flash.o [1]
HAL_GPIO_GetIOState     0x00000d61   0x14  Code  Gb  HAL_Gpio.o [1]
HAL_IRQ_Init            0x00001921    0x8  Code  Gb  HAL_IRQHandler.o [1]
HAL_JumToApp            0x00001751    0x8  Code  Gb  HAL_SysCtrl.o [1]
HAL_SysTick_GetCount    0x00000eff    0x8  Code  Gb  HAL_SysTick.o [1]
HAL_SysTick_Init        0x00000f07    0xc  Code  Gb  HAL_SysTick.o [1]
HAL_SystemReset         0x00001749    0x8  Code  Gb  HAL_SysCtrl.o [1]
HW_FLASH_CheckAddr      0x00001071   0x10  Code  Lc  HW_Flash.o [1]
HW_FLASH_Erase          0x000010f1   0x5a  Code  Gb  HW_Flash.o [1]
HW_FLASH_GetSector      0x00001081   0x6a  Code  Gb  HW_Flash.o [1]
HW_FLASH_Read           0x0000120b   0x40  Code  Gb  HW_Flash.o [1]
HW_FLASH_SimpleDelay    0x00001055   0x1c  Code  Lc  HW_Flash.o [1]
HW_FLASH_Write          0x0000114b   0xc0  Code  Gb  HW_Flash.o [1]
HW_GPIO_GetIOState      0x00000eb1   0x16  Code  Gb  HW_Gpio.o [1]
HW_IRQ_Init             0x00000337  0x1aa  Code  Gb  HW_IRQHandler.o [1]
HW_IRQ_NullEntry        0x00000335    0x2  Code  Gb  HW_IRQHandler.o [1]
HW_IRQ_SetTrgCallback   0x000004e1   0x96  Code  Gb  HW_IRQHandler.o [1]
HW_JumToApp             0x000017c1   0x2a  Code  Gb  HW_SysCtrl.o [1]
HW_SysTick_GetCount     0x00000f89    0x6  Code  Gb  HW_SysTick.o [1]
HW_SysTick_Init         0x00000f8f   0x2a  Code  Gb  HW_SysTick.o [1]
HW_SysTick_SetTickTime  0x00000f73    0x6  Code  Gb  HW_SysTick.o [1]
HW_SysTick_Update       0x00000f79   0x10  Code  Gb  HW_SysTick.o [1]
HW_SystemReset          0x000017b9    0x8  Code  Gb  HW_SysCtrl.o [1]
HW_TIM_DelayInit        0x00000fef   0x28  Code  Gb  HW_TimeDelay.o [1]
I2C0_IRQHandler         0x000005eb    0xa  Code  Gb  HW_IRQHandler.o [1]
I2C1_IRQHandler         0x000005f5    0xa  Code  Gb  HW_IRQHandler.o [1]
I2C2_IRQHandler         0x000005ff    0xa  Code  Gb  HW_IRQHandler.o [1]
I2S_IRQHandler          0x00000739    0xa  Code  Gb  HW_IRQHandler.o [1]
IRQ_Init                0x00001919    0x8  Code  Gb  IRQ_Man.o [1]
MCPWM_IRQHandler        0x0000074d    0xa  Code  Gb  HW_IRQHandler.o [1]
NVIC_SetPriority        0x00000f1d   0x26  Code  Lc  HW_SysTick.o [1]
NVIC_SystemReset        0x00001759   0x1a  Code  Lc  HW_SysCtrl.o [1]
OscRateIn               0x00001a30    0x4  Data  Gb  HW_SysCtrl.o [1]
PLL0_IRQHandler         0x00000627    0xa  Code  Gb  HW_IRQHandler.o [1]
PLL1_IRQHandler         0x00000761    0xc  Code  Gb  HW_IRQHandler.o [1]
PWM1_IRQHandler         0x000005e1    0xa  Code  Gb  HW_IRQHandler.o [1]
QEI_IRQHandler          0x00000757    0xa  Code  Gb  HW_IRQHandler.o [1]
RIT_IRQHandler          0x00000743    0xa  Code  Gb  HW_IRQHandler.o [1]
RTCOscRateIn            0x00001a34    0x4  Data  Gb  HW_SysCtrl.o [1]
RTC_IRQHandler          0x00000631    0xa  Code  Gb  HW_IRQHandler.o [1]
Region$$Table$$Base     0x0000197c          --   Gb  - Linker created -
Region$$Table$$Limit    0x000019a0          --   Gb  - Linker created -
SPI_IRQHandler          0x00000609    0xa  Code  Gb  HW_IRQHandler.o [1]
SSP0_IRQHandler         0x00000613    0xa  Code  Gb  HW_IRQHandler.o [1]
SSP1_IRQHandler         0x0000061d    0xa  Code  Gb  HW_IRQHandler.o [1]
SYS_Init                0x000018ed   0x20  Code  Gb  SYS_Init.o [1]
SYS_MainTaskHandler     0x0000190d    0xc  Code  Gb  SYS_Init.o [1]
SYS_UPDATE_CheckAppValidity
                        0x000015a5   0x12  Code  Gb  SysUpdate.o [1]
SYS_UPDATE_GetSystemParm
                        0x000014e5   0x28  Code  Gb  SysUpdate.o [1]
SYS_UPDATE_Init         0x000015bd   0x26  Code  Gb  SysUpdate.o [1]
SYS_UPDATE_SetDefaultParm
                        0x0000150d   0x32  Code  Gb  SysUpdate.o [1]
SYS_UPDATE_StoreParmToFLash
                        0x0000153f   0x66  Code  Gb  SysUpdate.o [1]
SysTick_Config          0x00000f43   0x30  Code  Lc  HW_SysTick.o [1]
SysTick_Handler         0x00000577   0x10  Code  Gb  HW_IRQHandler.o [1]
SysTime_CheckExpiredState
                        0x00000e6d   0x32  Code  Gb  SysTimer.o [1]
SysTime_DelayMs         0x00000e39   0x1c  Code  Gb  SysTimer.o [1]
SysTime_GetTickCount    0x00000e13    0x8  Code  Gb  SysTimer.o [1]
SysTime_GetTimeDiffMs   0x00000de5    0xc  Code  Lc  SysTimer.o [1]
SysTime_Init            0x00000df1   0x22  Code  Gb  SysTimer.o [1]
SysTime_SimpleDelay     0x00000e1b   0x18  Code  Gb  SysTimer.o [1]
SysTime_Start           0x00000e55   0x18  Code  Gb  SysTimer.o [1]
SystemCoreClock         0x10000448    0x4  Data  Gb  chip_17xx_40xx.o [1]
SystemCoreClockUpdate   0x00001025    0xc  Code  Gb  chip_17xx_40xx.o [1]
SystemInit              0x000019ed   0x18  Code  Gb  sysinit.o [1]
TIMER0_IRQHandler       0x00000591    0xa  Code  Gb  HW_IRQHandler.o [1]
TIMER1_IRQHandler       0x0000059b    0xa  Code  Gb  HW_IRQHandler.o [1]
TIMER2_IRQHandler       0x000005a5    0xa  Code  Gb  HW_IRQHandler.o [1]
TIMER3_IRQHandler       0x000005af    0xa  Code  Gb  HW_IRQHandler.o [1]
UART0_IRQHandler        0x000005b9    0xa  Code  Gb  HW_IRQHandler.o [1]
UART1_IRQHandler        0x000005c3    0xa  Code  Gb  HW_IRQHandler.o [1]
UART2_IRQHandler        0x000005cd    0xa  Code  Gb  HW_IRQHandler.o [1]
UART3_IRQHandler        0x000005d7    0xa  Code  Gb  HW_IRQHandler.o [1]
USBActivity_IRQHandler  0x0000076d    0xc  Code  Gb  HW_IRQHandler.o [1]
USB_IRQHandler          0x000006eb    0xa  Code  Gb  HW_IRQHandler.o [1]
WDT_IRQHandler          0x00000587    0xa  Code  Gb  HW_IRQHandler.o [1]
__Vectors               0x00000000          --   Gb  iar_startup_LPC17xx.o [1]
__Vectors_End           0x000000cc         Data  Gb  iar_startup_LPC17xx.o [1]
__Vectors_Size {Abs}    0x000000cc          --   Gb  iar_startup_LPC17xx.o [1]
__aeabi_memclr4         0x00000d75         Code  Gb  ABImemclr4.o [5]
__aeabi_memset          0x00000d7d         Code  Gb  ABImemset.o [5]
__cmain                 0x000019a1         Code  Gb  cmain.o [5]
__exit                  0x000019d9   0x14  Code  Gb  exit.o [6]
__iar_Memset            0x00000d7d         Code  Gb  ABImemset.o [5]
__iar_Memset4_word      0x00000ecd         Code  Gb  ABImemset48.o [5]
__iar_Memset8_word      0x00000ecd         Code  Gb  ABImemset48.o [5]
__iar_Memset_word       0x00000d85         Code  Gb  ABImemset.o [5]
__iar_copy_init3        0x00001929   0x2c  Code  Gb  copy_init3.o [5]
__iar_data_init3        0x00001955   0x28  Code  Gb  data_init.o [5]
__iar_program_start     0x00001a25         Code  Gb  cstartup_M.o [5]
__iar_unaligned___aeabi_memcpy
                        0x00001669         Code  Gb  ABImemcpy_unaligned.o [5]
__iar_unaligned___aeabi_memcpy4
                        0x00001689         Code  Gb  ABImemcpy_unaligned.o [5]
__iar_unaligned___aeabi_memcpy8
                        0x00001689         Code  Gb  ABImemcpy_unaligned.o [5]
__iar_zero_init3        0x000018ad   0x40  Code  Gb  zero_init3.o [5]
__vector_table          0x00000000         Data  Gb  iar_startup_LPC17xx.o [1]
__vector_table_0x1c     0x0000001c         Data  Gb  iar_startup_LPC17xx.o [1]
_call_main              0x000019ad         Code  Gb  cmain.o [5]
_exit                   0x000019cd         Code  Gb  cexit.o [5]
_main                   0x000019b7         Code  Gb  cmain.o [5]
bUsEnableFlag           0x10000454    0x1  Data  Lc  SysTimer.o [1]
exit                    0x000019c7    0x4  Code  Gb  exit.o [3]
g_GpioCtrlTable         0x10000430   0x10  Data  Gb  GPIO_Man.o [1]
g_IRQInterface          0x10000014  0x1ac  Data  Lc  HW_IRQHandler.o [1]
iap_entry               0x0000124d   0x10  Code  Lc  iap.o [1]
m_FlashLayout           0x00001a04   0x10  Data  Lc  HW_Flash.o [1]
m_IOUpdateTimer         0x10000000   0x10  Data  Lc  GPIO_Man.o [1]
m_ResetTimer            0x10000420   0x10  Data  Lc  CoreCtrl.o [1]
m_sys_BootloaderData    0x10000400   0x20  Data  Lc  SysUpdate.o [1]
m_uInputChangeCount     0x100001c0  0x100  Data  Lc  GPIO_Man.o [1]
m_uOutputChangeCount    0x100002c0  0x100  Data  Lc  GPIO_Man.o [1]
m_ulInputStateGroup     0x100003c0   0x20  Data  Lc  GPIO_Man.o [1]
m_ulOutputStateGroup    0x100003e0   0x20  Data  Lc  GPIO_Man.o [1]
m_ulSysTickCount        0x1000044c    0x4  Data  Lc  HW_SysTick.o [1]
m_ulSysTickTime         0x10000010    0x4  Data  Lc  HW_SysTick.o [1]
main                    0x000019bb    0xc  Code  Gb  Main.o [1]
s_RitClockRate          0x10000450    0x4  Data  Lc  HW_TimeDelay.o [1]


[1] = E:\GitHub\GCP-MulitMCUs\Project\GCP-LPC17XX_Booloader\Release\Obj
[2] = command line
[3] = dl7M_tln.a
[4] = m7M_tl.a
[5] = rt7M_tl.a
[6] = shb_l.a

  5 610 bytes of readonly  code memory
    594 bytes of readonly  data memory
  3 157 bytes of readwrite data memory

Errors: none
Warnings: none
