###############################################################################
#
# IAR ELF Linker V7.40.7.9843/W32 for ARM                 15/Dec/2017  11:49:46
# Copyright 2007-2015 IAR Systems AB.
#
#    Output file  =  
#        E:\GitHub\GCP-MulitMCUs\Project\GCP-LPC17XX_Booloader\Release\Exe\GCP-LPC17XX_Booloader.out.tmp
#    Map file     =  
#        E:\GitHub\GCP-MulitMCUs\Project\GCP-LPC17XX_Booloader\Release\List\GCP-LPC17XX_Booloader.map
#    Command line =  
#        E:\GitHub\GCP-MulitMCUs\Project\GCP-LPC17XX_Booloader\Release\Obj\AbstractionLayer.o
#        E:\GitHub\GCP-MulitMCUs\Project\GCP-LPC17XX_Booloader\Release\Obj\adc_17xx_40xx.o
#        E:\GitHub\GCP-MulitMCUs\Project\GCP-LPC17XX_Booloader\Release\Obj\Ammeter_Spm91.o
#        E:\GitHub\GCP-MulitMCUs\Project\GCP-LPC17XX_Booloader\Release\Obj\at24cxx.o
#        E:\GitHub\GCP-MulitMCUs\Project\GCP-LPC17XX_Booloader\Release\Obj\Bootloader.o
#        E:\GitHub\GCP-MulitMCUs\Project\GCP-LPC17XX_Booloader\Release\Obj\can_17xx_40xx.o
#        E:\GitHub\GCP-MulitMCUs\Project\GCP-LPC17XX_Booloader\Release\Obj\chip_17xx_40xx.o
#        E:\GitHub\GCP-MulitMCUs\Project\GCP-LPC17XX_Booloader\Release\Obj\cJSON.o
#        E:\GitHub\GCP-MulitMCUs\Project\GCP-LPC17XX_Booloader\Release\Obj\clock_17xx_40xx.o
#        E:\GitHub\GCP-MulitMCUs\Project\GCP-LPC17XX_Booloader\Release\Obj\cmp_17xx_40xx.o
#        E:\GitHub\GCP-MulitMCUs\Project\GCP-LPC17XX_Booloader\Release\Obj\CMU_CanInterface.o
#        E:\GitHub\GCP-MulitMCUs\Project\GCP-LPC17XX_Booloader\Release\Obj\CMU_CmdProcess.o
#        E:\GitHub\GCP-MulitMCUs\Project\GCP-LPC17XX_Booloader\Release\Obj\CMU_EnetInterface.o
#        E:\GitHub\GCP-MulitMCUs\Project\GCP-LPC17XX_Booloader\Release\Obj\CMU_ErrorMana.o
#        E:\GitHub\GCP-MulitMCUs\Project\GCP-LPC17XX_Booloader\Release\Obj\CMU_ExApi.o
#        E:\GitHub\GCP-MulitMCUs\Project\GCP-LPC17XX_Booloader\Release\Obj\CMU_Init.o
#        E:\GitHub\GCP-MulitMCUs\Project\GCP-LPC17XX_Booloader\Release\Obj\CMU_RcvDataProcess.o
#        E:\GitHub\GCP-MulitMCUs\Project\GCP-LPC17XX_Booloader\Release\Obj\CMU_UartInterface.o
#        E:\GitHub\GCP-MulitMCUs\Project\GCP-LPC17XX_Booloader\Release\Obj\CMU_Unpack.o
#        E:\GitHub\GCP-MulitMCUs\Project\GCP-LPC17XX_Booloader\Release\Obj\CoreCtrl.o
#        E:\GitHub\GCP-MulitMCUs\Project\GCP-LPC17XX_Booloader\Release\Obj\CRC16.o
#        E:\GitHub\GCP-MulitMCUs\Project\GCP-LPC17XX_Booloader\Release\Obj\CRC8.o
#        E:\GitHub\GCP-MulitMCUs\Project\GCP-LPC17XX_Booloader\Release\Obj\crc_17xx_40xx.o
#        E:\GitHub\GCP-MulitMCUs\Project\GCP-LPC17XX_Booloader\Release\Obj\dac_17xx_40xx.o
#        E:\GitHub\GCP-MulitMCUs\Project\GCP-LPC17XX_Booloader\Release\Obj\Demo.o
#        E:\GitHub\GCP-MulitMCUs\Project\GCP-LPC17XX_Booloader\Release\Obj\Ds18b20.o
#        E:\GitHub\GCP-MulitMCUs\Project\GCP-LPC17XX_Booloader\Release\Obj\Eeprom.o
#        E:\GitHub\GCP-MulitMCUs\Project\GCP-LPC17XX_Booloader\Release\Obj\eeprom_17xx_40xx.o
#        E:\GitHub\GCP-MulitMCUs\Project\GCP-LPC17XX_Booloader\Release\Obj\emc_17xx_40xx.o
#        E:\GitHub\GCP-MulitMCUs\Project\GCP-LPC17XX_Booloader\Release\Obj\enet_17xx_40xx.o
#        E:\GitHub\GCP-MulitMCUs\Project\GCP-LPC17XX_Booloader\Release\Obj\EXTI.o
#        E:\GitHub\GCP-MulitMCUs\Project\GCP-LPC17XX_Booloader\Release\Obj\Flash.o
#        E:\GitHub\GCP-MulitMCUs\Project\GCP-LPC17XX_Booloader\Release\Obj\fpu_init.o
#        E:\GitHub\GCP-MulitMCUs\Project\GCP-LPC17XX_Booloader\Release\Obj\gpdma_17xx_40xx.o
#        E:\GitHub\GCP-MulitMCUs\Project\GCP-LPC17XX_Booloader\Release\Obj\gpio_17xx_40xx.o
#        E:\GitHub\GCP-MulitMCUs\Project\GCP-LPC17XX_Booloader\Release\Obj\GPIO_Man.o
#        E:\GitHub\GCP-MulitMCUs\Project\GCP-LPC17XX_Booloader\Release\Obj\gpioint_17xx_40xx.o
#        E:\GitHub\GCP-MulitMCUs\Project\GCP-LPC17XX_Booloader\Release\Obj\HAL_Delay.o
#        E:\GitHub\GCP-MulitMCUs\Project\GCP-LPC17XX_Booloader\Release\Obj\HAL_Exti.o
#        E:\GitHub\GCP-MulitMCUs\Project\GCP-LPC17XX_Booloader\Release\Obj\HAL_Flash.o
#        E:\GitHub\GCP-MulitMCUs\Project\GCP-LPC17XX_Booloader\Release\Obj\HAL_Gpio.o
#        E:\GitHub\GCP-MulitMCUs\Project\GCP-LPC17XX_Booloader\Release\Obj\HAL_IRQHandler.o
#        E:\GitHub\GCP-MulitMCUs\Project\GCP-LPC17XX_Booloader\Release\Obj\HAL_Pwm.o
#        E:\GitHub\GCP-MulitMCUs\Project\GCP-LPC17XX_Booloader\Release\Obj\HAL_PwmCount.o
#        E:\GitHub\GCP-MulitMCUs\Project\GCP-LPC17XX_Booloader\Release\Obj\HAL_Spi.o
#        E:\GitHub\GCP-MulitMCUs\Project\GCP-LPC17XX_Booloader\Release\Obj\HAL_SysCtrl.o
#        E:\GitHub\GCP-MulitMCUs\Project\GCP-LPC17XX_Booloader\Release\Obj\HAL_SysTick.o
#        E:\GitHub\GCP-MulitMCUs\Project\GCP-LPC17XX_Booloader\Release\Obj\HAL_Uart.o
#        E:\GitHub\GCP-MulitMCUs\Project\GCP-LPC17XX_Booloader\Release\Obj\HAL_Watchdog.o
#        E:\GitHub\GCP-MulitMCUs\Project\GCP-LPC17XX_Booloader\Release\Obj\HW_Can.o
#        E:\GitHub\GCP-MulitMCUs\Project\GCP-LPC17XX_Booloader\Release\Obj\HW_Exti.o
#        E:\GitHub\GCP-MulitMCUs\Project\GCP-LPC17XX_Booloader\Release\Obj\HW_Flash.o
#        E:\GitHub\GCP-MulitMCUs\Project\GCP-LPC17XX_Booloader\Release\Obj\HW_Gpio.o
#        E:\GitHub\GCP-MulitMCUs\Project\GCP-LPC17XX_Booloader\Release\Obj\HW_IRQHandler.o
#        E:\GitHub\GCP-MulitMCUs\Project\GCP-LPC17XX_Booloader\Release\Obj\HW_Mcpwm.o
#        E:\GitHub\GCP-MulitMCUs\Project\GCP-LPC17XX_Booloader\Release\Obj\HW_Pwm.o
#        E:\GitHub\GCP-MulitMCUs\Project\GCP-LPC17XX_Booloader\Release\Obj\HW_SysCtrl.o
#        E:\GitHub\GCP-MulitMCUs\Project\GCP-LPC17XX_Booloader\Release\Obj\HW_SysTick.o
#        E:\GitHub\GCP-MulitMCUs\Project\GCP-LPC17XX_Booloader\Release\Obj\HW_TimeDelay.o
#        E:\GitHub\GCP-MulitMCUs\Project\GCP-LPC17XX_Booloader\Release\Obj\HW_TimeInput.o
#        E:\GitHub\GCP-MulitMCUs\Project\GCP-LPC17XX_Booloader\Release\Obj\HW_TimeOutput.o
#        E:\GitHub\GCP-MulitMCUs\Project\GCP-LPC17XX_Booloader\Release\Obj\HW_Uart.o
#        E:\GitHub\GCP-MulitMCUs\Project\GCP-LPC17XX_Booloader\Release\Obj\HW_Watchdog.o
#        E:\GitHub\GCP-MulitMCUs\Project\GCP-LPC17XX_Booloader\Release\Obj\i2c_17xx_40xx.o
#        E:\GitHub\GCP-MulitMCUs\Project\GCP-LPC17XX_Booloader\Release\Obj\I2C_BaseOps.o
#        E:\GitHub\GCP-MulitMCUs\Project\GCP-LPC17XX_Booloader\Release\Obj\I2C_DeviceAPI.o
#        E:\GitHub\GCP-MulitMCUs\Project\GCP-LPC17XX_Booloader\Release\Obj\I2C_DeviceOps.o
#        E:\GitHub\GCP-MulitMCUs\Project\GCP-LPC17XX_Booloader\Release\Obj\i2s_17xx_40xx.o
#        E:\GitHub\GCP-MulitMCUs\Project\GCP-LPC17XX_Booloader\Release\Obj\iap.o
#        E:\GitHub\GCP-MulitMCUs\Project\GCP-LPC17XX_Booloader\Release\Obj\iar_startup_LPC17xx.o
#        E:\GitHub\GCP-MulitMCUs\Project\GCP-LPC17XX_Booloader\Release\Obj\iocon_17xx_40xx.o
#        E:\GitHub\GCP-MulitMCUs\Project\GCP-LPC17XX_Booloader\Release\Obj\IRQ_Man.o
#        E:\GitHub\GCP-MulitMCUs\Project\GCP-LPC17XX_Booloader\Release\Obj\KEY.o
#        E:\GitHub\GCP-MulitMCUs\Project\GCP-LPC17XX_Booloader\Release\Obj\LCD1602.o
#        E:\GitHub\GCP-MulitMCUs\Project\GCP-LPC17XX_Booloader\Release\Obj\lcd_17xx_40xx.o
#        E:\GitHub\GCP-MulitMCUs\Project\GCP-LPC17XX_Booloader\Release\Obj\Main.o
#        E:\GitHub\GCP-MulitMCUs\Project\GCP-LPC17XX_Booloader\Release\Obj\ModBus.o
#        E:\GitHub\GCP-MulitMCUs\Project\GCP-LPC17XX_Booloader\Release\Obj\MotorCtrl.o
#        E:\GitHub\GCP-MulitMCUs\Project\GCP-LPC17XX_Booloader\Release\Obj\NixieTube.o
#        E:\GitHub\GCP-MulitMCUs\Project\GCP-LPC17XX_Booloader\Release\Obj\pmu_17xx_40xx.o
#        E:\GitHub\GCP-MulitMCUs\Project\GCP-LPC17XX_Booloader\Release\Obj\PWM.o
#        E:\GitHub\GCP-MulitMCUs\Project\GCP-LPC17XX_Booloader\Release\Obj\pwm_17xx_40xx.o
#        E:\GitHub\GCP-MulitMCUs\Project\GCP-LPC17XX_Booloader\Release\Obj\PWM_Count.o
#        E:\GitHub\GCP-MulitMCUs\Project\GCP-LPC17XX_Booloader\Release\Obj\PWM_MotorCtrl.o
#        E:\GitHub\GCP-MulitMCUs\Project\GCP-LPC17XX_Booloader\Release\Obj\ring_buffer.o
#        E:\GitHub\GCP-MulitMCUs\Project\GCP-LPC17XX_Booloader\Release\Obj\ritimer_17xx_40xx.o
#        E:\GitHub\GCP-MulitMCUs\Project\GCP-LPC17XX_Booloader\Release\Obj\RTC.o
#        E:\GitHub\GCP-MulitMCUs\Project\GCP-LPC17XX_Booloader\Release\Obj\rtc_17xx_40xx.o
#        E:\GitHub\GCP-MulitMCUs\Project\GCP-LPC17XX_Booloader\Release\Obj\sdc_17xx_40xx.o
#        E:\GitHub\GCP-MulitMCUs\Project\GCP-LPC17XX_Booloader\Release\Obj\sdmmc_17xx_40xx.o
#        E:\GitHub\GCP-MulitMCUs\Project\GCP-LPC17XX_Booloader\Release\Obj\spi_17xx_40xx.o
#        E:\GitHub\GCP-MulitMCUs\Project\GCP-LPC17XX_Booloader\Release\Obj\ssp_17xx_40xx.o
#        E:\GitHub\GCP-MulitMCUs\Project\GCP-LPC17XX_Booloader\Release\Obj\SYS_CmuConfig.o
#        E:\GitHub\GCP-MulitMCUs\Project\GCP-LPC17XX_Booloader\Release\Obj\SYS_CncConfig.o
#        E:\GitHub\GCP-MulitMCUs\Project\GCP-LPC17XX_Booloader\Release\Obj\SYS_Ctrl.o
#        E:\GitHub\GCP-MulitMCUs\Project\GCP-LPC17XX_Booloader\Release\Obj\SYS_Init.o
#        E:\GitHub\GCP-MulitMCUs\Project\GCP-LPC17XX_Booloader\Release\Obj\sysctl_17xx_40xx.o
#        E:\GitHub\GCP-MulitMCUs\Project\GCP-LPC17XX_Booloader\Release\Obj\sysinit.o
#        E:\GitHub\GCP-MulitMCUs\Project\GCP-LPC17XX_Booloader\Release\Obj\sysinit_17xx_40xx.o
#        E:\GitHub\GCP-MulitMCUs\Project\GCP-LPC17XX_Booloader\Release\Obj\SysTimer.o
#        E:\GitHub\GCP-MulitMCUs\Project\GCP-LPC17XX_Booloader\Release\Obj\SysUpdate.o
#        E:\GitHub\GCP-MulitMCUs\Project\GCP-LPC17XX_Booloader\Release\Obj\TempSensor.o
#        E:\GitHub\GCP-MulitMCUs\Project\GCP-LPC17XX_Booloader\Release\Obj\timer_17xx_40xx.o
#        E:\GitHub\GCP-MulitMCUs\Project\GCP-LPC17XX_Booloader\Release\Obj\TM1617.o
#        E:\GitHub\GCP-MulitMCUs\Project\GCP-LPC17XX_Booloader\Release\Obj\UART.o
#        E:\GitHub\GCP-MulitMCUs\Project\GCP-LPC17XX_Booloader\Release\Obj\uart_17xx_40xx.o
#        E:\GitHub\GCP-MulitMCUs\Project\GCP-LPC17XX_Booloader\Release\Obj\Watchdog.o
#        E:\GitHub\GCP-MulitMCUs\Project\GCP-LPC17XX_Booloader\Release\Obj\wwdt_17xx_40xx.o
#        -o
#        E:\GitHub\GCP-MulitMCUs\Project\GCP-LPC17XX_Booloader\Release\Exe\GCP-LPC17XX_Booloader.out.tmp
#        --map
#        E:\GitHub\GCP-MulitMCUs\Project\GCP-LPC17XX_Booloader\Release\List\GCP-LPC17XX_Booloader.map
#        --config
#        E:\GitHub\GCP-MulitMCUs\Project\GCP-LPC17XX_Booloader\settings\GCP-LPC17XX_Booloader.icf
#        --semihosting --entry __iar_program_start --inline --vfe
#
###############################################################################

*******************************************************************************
*** RUNTIME MODEL ATTRIBUTES
***

CppFlavor       = *
__Heap_Handler  = DLMalloc
__SystemLibrary = DLib


*******************************************************************************
*** PLACEMENT SUMMARY
***

"A1":  place at 0x00000000 { ro section .intvec };
"P1":  place in [from 0x00000000 to 0x000002fb] |
                [from 0x00000300 to 0x0007ffff] { ro };
"P2":  place in [from 0x10000000 to 0x10007fdf] { rw, block CSTACK, block HEAP };

  Section            Kind        Address    Size  Object
  -------            ----        -------    ----  ------
"A1":                                       0xcc
  .intvec            ro code  0x00000000    0xcc  iar_startup_LPC17xx.o [1]
                            - 0x000000cc    0xcc

"P1", part 1 of 2:                          0x7c
  CRPKEY             ro code  0x000000cc     0x0  iar_startup_LPC17xx.o [1]
  .rodata            const    0x000000cc     0x0  zero_init3.o [5]
  .rodata            const    0x000000cc     0x0  copy_init3.o [5]
  Initializer bytes  const    0x000000cc    0x7c  <for P2 s0>
                            - 0x00000148    0x7c

"P1", part 2 of 2:                        0x3f2c
  .text              ro code  0x00000300  0x14f0  dlmalloc.o [3]
  .text              ro code  0x000017f0     0x6  abort.o [3]
  .rodata            const    0x000017f6     0x2  HW_IRQHandler.o [1]
  .text              ro code  0x000017f8    0x2c  xgetmemchunk.o [3]
  .text              ro code  0x00001824    0x14  exit.o [6]
  .text              ro code  0x00001838   0x574  HW_Uart.o [1]
  .text              ro code  0x00001dac    0x7e  iocon_17xx_40xx.o [1]
  .text              ro code  0x00001e2a   0x138  ring_buffer.o [1]
  .text              ro code  0x00001f64   0x498  HW_IRQHandler.o [1]
  .text              ro code  0x000023fc   0x450  gpdma_17xx_40xx.o [1]
  .text              ro code  0x0000284c   0x1b8  uart_17xx_40xx.o [1]
  .text              ro code  0x00002a04    0x66  ABImemset.o [5]
  .text              ro code  0x00002a6c    0x76  ABImemcpy_unaligned.o [5]
  .text              ro code  0x00002ae4   0x244  clock_17xx_40xx.o [1]
  .text              ro code  0x00002d28   0x384  CMU_Unpack.o [1]
  .text              ro code  0x000030ac    0x62  memcmp_unaligned.o [5]
  .text              ro code  0x00003110   0x2b8  GPIO_Man.o [1]
  .text              ro code  0x000033c8    0x14  HAL_Gpio.o [1]
  .text              ro code  0x000033dc     0x6  ABImemclr4.o [5]
  .text              ro code  0x000033e4    0x9e  SysTimer.o [1]
  .text              ro code  0x00003484    0x2c  HW_Gpio.o [1]
  .text              ro code  0x000034b0    0x32  ABImemset48.o [5]
  .text              ro code  0x000034e2    0x14  HAL_SysTick.o [1]
  .text              ro code  0x000034f6     0xa  HAL_Delay.o [1]
  .text              ro code  0x00003500    0xc0  HW_SysTick.o [1]
  .text              ro code  0x000035c0    0x48  HW_TimeDelay.o [1]
  .text              ro code  0x00003608    0x10  chip_17xx_40xx.o [1]
  .text              ro code  0x00003618    0x1e  ritimer_17xx_40xx.o [1]
  .text              ro code  0x00003638   0x1e4  CMU_UartInterface.o [1]
  .text              ro code  0x0000381c   0x188  AbstractionLayer.o [1]
  .text              ro code  0x000039a4    0x34  CMU_CanInterface.o [1]
  .text              ro code  0x000039d8   0x17c  CMU_EnetInterface.o [1]
  .text              ro code  0x00003b54   0x114  CMU_CmdProcess.o [1]
  .text              ro code  0x00003c68    0x84  CMU_ExApi.o [1]
  .text              ro code  0x00003cec    0x30  CMU_ErrorMana.o [1]
  .text              ro code  0x00003d1c    0xc0  sysinit_17xx_40xx.o [1]
  .text              ro code  0x00003ddc    0x8c  SYS_CmuConfig.o [1]
  .text              ro code  0x00003e68    0x70  UART.o [1]
  .text              ro code  0x00003ed8    0x1c  CMU_Init.o [1]
  .text              ro code  0x00003ef4    0x74  HAL_Uart.o [1]
  .text              ro code  0x00003f68    0x68  HW_SysCtrl.o [1]
  .text              ro code  0x00003fd0    0x40  zero_init3.o [5]
  .text              ro code  0x00004010    0x30  SYS_Init.o [1]
  .text              ro code  0x00004040     0x8  IRQ_Man.o [1]
  .text              ro code  0x00004048    0x20  CoreCtrl.o [1]
  .text              ro code  0x00004068     0x8  HAL_IRQHandler.o [1]
  .text              ro code  0x00004070     0x8  HAL_SysCtrl.o [1]
  .text              ro code  0x00004078    0x2c  SYS_Ctrl.o [1]
  .text              ro code  0x000040a4    0x2c  copy_init3.o [5]
  .text              ro code  0x000040d0    0x28  data_init.o [5]
  .iar.init_table    const    0x000040f8    0x24  - Linker created -
  .text              ro code  0x0000411c    0x1a  cmain.o [5]
  .text              ro code  0x00004136     0xc  Main.o [1]
  .text              ro code  0x00004142     0x4  exit.o [3]
  .text              ro code  0x00004148     0xa  cexit.o [5]
  .rodata            const    0x00004154    0x18  gpdma_17xx_40xx.o [1]
  .rodata            const    0x0000416c    0x18  gpdma_17xx_40xx.o [1]
  .text              ro code  0x00004184    0x18  sysinit.o [1]
  .rodata            const    0x0000419c    0x10  HW_Uart.o [1]
  .text              ro code  0x000041ac    0x10  iar_startup_LPC17xx.o [1]
  .rodata            const    0x000041bc     0xc  SYS_Ctrl.o [1]
  .text              ro code  0x000041c8     0xc  cstartup_M.o [5]
  .rodata            const    0x000041d4     0x8  CMU_EnetInterface.o [1]
  .rodata            const    0x000041dc     0x8  CMU_UartInterface.o [1]
  .rodata            const    0x000041e4     0x8  CMU_Unpack.o [1]
  .rodata            const    0x000041ec     0x4  CMU_CmdProcess.o [1]
  .rodata            const    0x000041f0     0x4  CMU_ErrorMana.o [1]
  .rodata            const    0x000041f4     0x4  CMU_ErrorMana.o [1]
  .rodata            const    0x000041f8     0x4  HW_SysCtrl.o [1]
  .rodata            const    0x000041fc     0x4  HW_SysCtrl.o [1]
  .rodata            const    0x00004200     0x4  HW_Uart.o [1]
  .rodata            const    0x00004204     0x4  HW_Uart.o [1]
  .text              ro code  0x00004208     0x4  iar_startup_LPC17xx.o [1]
  .text              ro code  0x0000420c     0x4  iar_startup_LPC17xx.o [1]
  .text              ro code  0x00004210     0x4  iar_startup_LPC17xx.o [1]
  .text              ro code  0x00004214     0x4  iar_startup_LPC17xx.o [1]
  .text              ro code  0x00004218     0x4  iar_startup_LPC17xx.o [1]
  .text              ro code  0x0000421c     0x4  iar_startup_LPC17xx.o [1]
  .text              ro code  0x00004220     0x4  iar_startup_LPC17xx.o [1]
  .text              ro code  0x00004224     0x4  iar_startup_LPC17xx.o [1]
  .text              ro code  0x00004228     0x4  iar_startup_LPC17xx.o [1]
                            - 0x0000422c  0x3f2c

"P2":                                     0x2250
  P2 s0                       0x10000000    0x7c  <Init block>
    .data            inited   0x10000000    0x60  gpdma_17xx_40xx.o [1]
    .data            inited   0x10000060    0x10  GPIO_Man.o [1]
    .data            inited   0x10000070     0x4  CMU_Unpack.o [1]
    .data            inited   0x10000074     0x4  CMU_Unpack.o [1]
    .data            inited   0x10000078     0x4  HW_SysTick.o [1]
  .bss               zero     0x1000007c   0x400  CMU_Unpack.o [1]
  .bss               zero     0x1000047c   0x258  CMU_UartInterface.o [1]
  .bss               zero     0x100006d4   0x200  HW_Uart.o [1]
  .bss               zero     0x100008d4   0x1d8  dlmalloc.o [3]
  .bss               zero     0x10000aac   0x1ac  HW_IRQHandler.o [1]
  .bss               zero     0x10000c58   0x100  GPIO_Man.o [1]
  .bss               zero     0x10000d58   0x100  GPIO_Man.o [1]
  .bss               zero     0x10000e58    0x88  CMU_EnetInterface.o [1]
  .bss               zero     0x10000ee0    0x88  CMU_UartInterface.o [1]
  .bss               zero     0x10000f68    0x80  CMU_EnetInterface.o [1]
  .bss               zero     0x10000fe8    0x80  CMU_EnetInterface.o [1]
  .bss               zero     0x10001068    0x80  CMU_UartInterface.o [1]
  .bss               zero     0x100010e8    0x50  HW_Uart.o [1]
  .bss               zero     0x10001138    0x20  GPIO_Man.o [1]
  .bss               zero     0x10001158    0x20  GPIO_Man.o [1]
  .bss               zero     0x10001178    0x18  dlmalloc.o [3]
  .bss               zero     0x10001190    0x14  CMU_CanInterface.o [1]
  .bss               zero     0x100011a4    0x14  CMU_EnetInterface.o [1]
  .bss               zero     0x100011b8    0x14  CMU_ExApi.o [1]
  .bss               zero     0x100011cc    0x14  CMU_UartInterface.o [1]
  .bss               zero     0x100011e0    0x10  CoreCtrl.o [1]
  .bss               zero     0x100011f0    0x10  GPIO_Man.o [1]
  .bss               zero     0x10001200     0xc  CMU_CmdProcess.o [1]
  .bss               zero     0x1000120c     0x8  gpdma_17xx_40xx.o [1]
  .bss               zero     0x10001214     0x4  AbstractionLayer.o [1]
  .bss               zero     0x10001218     0x4  chip_17xx_40xx.o [1]
  .bss               zero     0x1000121c     0x4  HW_SysTick.o [1]
  .bss               zero     0x10001220     0x4  HW_TimeDelay.o [1]
  .bss               zero     0x10001224     0x4  HW_Uart.o [1]
  .bss               zero     0x10001228     0x4  HW_Uart.o [1]
  .bss               zero     0x1000122c     0x4  HW_Uart.o [1]
  .bss               zero     0x10001230     0x4  HW_Uart.o [1]
  .bss               zero     0x10001234     0x4  HW_Uart.o [1]
  .bss               zero     0x10001238     0x4  xgetmemchunk.o [3]
  .bss               zero     0x1000123c     0x2  CMU_Unpack.o [1]
  .bss               zero     0x1000123e     0x2  CMU_Unpack.o [1]
  .bss               zero     0x10001240     0x2  CMU_Unpack.o [1]
  .bss               zero     0x10001242     0x1  AbstractionLayer.o [1]
  .bss               zero     0x10001243     0x1  CMU_CanInterface.o [1]
  .bss               zero     0x10001244     0x1  CMU_CanInterface.o [1]
  .bss               zero     0x10001245     0x1  CMU_EnetInterface.o [1]
  .bss               zero     0x10001246     0x1  CMU_EnetInterface.o [1]
  .bss               zero     0x10001247     0x1  CMU_UartInterface.o [1]
  .bss               zero     0x10001248     0x1  CMU_UartInterface.o [1]
  .bss               zero     0x10001249     0x1  CMU_UartInterface.o [1]
  .bss               zero     0x1000124a     0x1  CMU_Unpack.o [1]
  .bss               zero     0x1000124b     0x1  HW_Uart.o [1]
  .bss               zero     0x1000124c     0x1  SysTimer.o [1]
  CSTACK                      0x10001250   0x800  <Block>
    CSTACK           uninit   0x10001250   0x800  <Block tail>
  HEAP                        0x10001a50   0x800  <Block>
    HEAP             uninit   0x10001a50   0x800  <Block tail>
                            - 0x10002250  0x2250


*******************************************************************************
*** INIT TABLE
***

          Address     Size
          -------     ----
Zero (__iar_zero_init3)
    1 destination range, total size 0x11d1:
          0x1000007c  0x11d1

Copy (__iar_copy_init3)
    1 source range, total size 0x7c:
          0x000000cc    0x7c
    1 destination range, total size 0x7c:
          0x10000000    0x7c



*******************************************************************************
*** MODULE SUMMARY
***

    Module                 ro code  ro data  rw data
    ------                 -------  -------  -------
E:\GitHub\GCP-MulitMCUs\Project\GCP-LPC17XX_Booloader\Release\Obj: [1]
    AbstractionLayer.o         392                 5
    CMU_CanInterface.o          52                22
    CMU_CmdProcess.o           276        4       12
    CMU_EnetInterface.o        380        8      414
    CMU_ErrorMana.o             48        8
    CMU_ExApi.o                132                20
    CMU_Init.o                  28
    CMU_UartInterface.o        484        8      887
    CMU_Unpack.o               900       16    1 039
    CoreCtrl.o                  32                16
    GPIO_Man.o                 696       16      608
    HAL_Delay.o                 10
    HAL_Gpio.o                  20
    HAL_IRQHandler.o             8
    HAL_SysCtrl.o                8
    HAL_SysTick.o               20
    HAL_Uart.o                 116
    HW_Gpio.o                   44
    HW_IRQHandler.o          1 176        2      428
    HW_SysCtrl.o               104        8
    HW_SysTick.o               192        4        8
    HW_TimeDelay.o              72                 4
    HW_Uart.o                1 396       24      613
    IRQ_Man.o                    8
    Main.o                      12
    SYS_CmuConfig.o            140
    SYS_Ctrl.o                  44       12
    SYS_Init.o                  48
    SysTimer.o                 158                 1
    UART.o                     112
    chip_17xx_40xx.o            16                 4
    clock_17xx_40xx.o          580
    gpdma_17xx_40xx.o        1 104      144      104
    iar_startup_LPC17xx.o      256
    iocon_17xx_40xx.o          126
    ring_buffer.o              312
    ritimer_17xx_40xx.o         30
    sysinit.o                   24
    sysinit_17xx_40xx.o        192
    uart_17xx_40xx.o           440
    ------------------------------------------------
    Total:                  10 188      254    4 185

command line: [2]
    ------------------------------------------------
    Total:

dl7M_tln.a: [3]
    abort.o                      6
    dlmalloc.o               5 360               496
    exit.o                       4
    xgetmemchunk.o              44                 4
    ------------------------------------------------
    Total:                   5 414               500

m7M_tl.a: [4]
    ------------------------------------------------
    Total:

rt7M_tl.a: [5]
    ABImemclr4.o                 6
    ABImemcpy_unaligned.o      118
    ABImemset.o                102
    ABImemset48.o               50
    cexit.o                     10
    cmain.o                     26
    copy_init3.o                44
    cstartup_M.o                12
    data_init.o                 40
    memcmp_unaligned.o          98
    zero_init3.o                64
    ------------------------------------------------
    Total:                     570

shb_l.a: [6]
    exit.o                      20
    ------------------------------------------------
    Total:                      20

    Gaps                        16        2
    Linker created                       36    4 096
----------------------------------------------------
    Grand Total:            16 208      292    8 781


*******************************************************************************
*** ENTRY LIST
***

Entry                      Address   Size  Type      Object
-----                      -------   ----  ----      ------
.iar.init_table$$Base   0x000040f8          --   Gb  - Linker created -
.iar.init_table$$Limit  0x0000411c          --   Gb  - Linker created -
?main                   0x0000411d         Code  Gb  cmain.o [5]
ADC_IRQHandler          0x0000233b    0xa  Code  Gb  HW_IRQHandler.o [1]
BOD_IRQHandler          0x00002345    0xa  Code  Gb  HW_IRQHandler.o [1]
Board_SystemInit        0x00003f9b   0x1a  Code  Gb  HW_SysCtrl.o [1]
CANActivity_IRQHandler  0x000023dd    0xc  Code  Gb  HW_IRQHandler.o [1]
CAN_IRQHandler          0x00002359    0xa  Code  Gb  HW_IRQHandler.o [1]
CMU_CAN_CheckInterfaceValid
                        0x000039a5    0x6  Code  Gb  CMU_CanInterface.o [1]
CMU_CAN_Close           0x000039bb   0x10  Code  Gb  CMU_CanInterface.o [1]
CMU_CAN_Open            0x000039ab   0x10  Code  Gb  CMU_CanInterface.o [1]
CMU_CmdProcess          0x00003bb1   0x32  Code  Gb  CMU_CmdProcess.o [1]
CMU_CreateError         0x00003ced   0x30  Code  Gb  CMU_ErrorMana.o [1]
CMU_ENET_CheckInterfaceValid
                        0x000039d9    0x6  Code  Gb  CMU_EnetInterface.o [1]
CMU_ENET_Close          0x000039eb    0xc  Code  Gb  CMU_EnetInterface.o [1]
CMU_ENET_GetPack        0x00003a31   0x2c  Code  Gb  CMU_EnetInterface.o [1]
CMU_ENET_Open           0x000039df    0xc  Code  Gb  CMU_EnetInterface.o [1]
CMU_ENET_RecvHandler    0x000039f7   0x3a  Code  Gb  CMU_EnetInterface.o [1]
CMU_ENET_SendPack       0x00003a5d   0xc6  Code  Gb  CMU_EnetInterface.o [1]
CMU_GetExternFunAddr    0x00003c77    0x4  Code  Gb  CMU_ExApi.o [1]
CMU_Init                0x00003ed9   0x1c  Code  Gb  CMU_Init.o [1]
CMU_InitExApi           0x00003c95   0x48  Code  Gb  CMU_ExApi.o [1]
CMU_MainProc            0x00003c59   0x10  Code  Gb  CMU_CmdProcess.o [1]
CMU_MainRcvProc         0x00003c1d   0x32  Code  Gb  CMU_CmdProcess.o [1]
CMU_RecvHardwareBuff    0x00002d2f   0x14  Code  Lc  CMU_Unpack.o [1]
CMU_RecvNullEntry       0x00002d29    0x6  Code  Lc  CMU_Unpack.o [1]
CMU_SendResponsePack    0x00003be3   0x3a  Code  Gb  CMU_CmdProcess.o [1]
CMU_SetExternFun        0x00003c7b   0x1a  Code  Gb  CMU_ExApi.o [1]
CMU_SetUnpackRecvInterface
                        0x00002d43   0x16  Code  Gb  CMU_Unpack.o [1]
CMU_UART_CheckInterfaceValid
                        0x0000368d    0x6  Code  Gb  CMU_UartInterface.o [1]
CMU_UART_Close          0x000036a3   0x10  Code  Gb  CMU_UartInterface.o [1]
CMU_UART_GetPack        0x000036ed   0x2c  Code  Gb  CMU_UartInterface.o [1]
CMU_UART_Open           0x00003693   0x10  Code  Gb  CMU_UartInterface.o [1]
CMU_UART_RecvHandler    0x000036b3   0x3a  Code  Gb  CMU_UartInterface.o [1]
CMU_UART_SendPack       0x00003719   0xca  Code  Gb  CMU_UartInterface.o [1]
CMU_UART_SetInterface   0x0000365b   0x32  Code  Gb  CMU_UartInterface.o [1]
CMU_UART_UnpackRecvAdapt
                        0x00003639   0x22  Code  Lc  CMU_UartInterface.o [1]
CMU_UnPack              0x00002d59  0x32e  Code  Gb  CMU_Unpack.o [1]
COM_AL_GetPack          0x000038ef   0x44  Code  Gb  AbstractionLayer.o [1]
COM_AL_Init             0x0000381d    0xe  Code  Gb  AbstractionLayer.o [1]
COM_AL_Open             0x0000382b   0xc4  Code  Gb  AbstractionLayer.o [1]
COM_AL_RcvHandle        0x00003975   0x28  Code  Gb  AbstractionLayer.o [1]
COM_AL_SendPack         0x00003933   0x42  Code  Gb  AbstractionLayer.o [1]
CRP_Value               0x000000cd         Code  Gb  iar_startup_LPC17xx.o [1]
CSTACK$$Base            0x10001250          --   Gb  - Linker created -
CSTACK$$Limit           0x10001a50          --   Gb  - Linker created -
ChannelHandlerArray     0x1000120c    0x8  Data  Lc  gpdma_17xx_40xx.o [1]
Chip_Clock_DisablePLL   0x00002b5d   0x24  Code  Gb  clock_17xx_40xx.o [1]
Chip_Clock_EnableCrystal
                        0x00003d41    0xe  Code  Lc  sysinit_17xx_40xx.o [1]
Chip_Clock_EnablePLL    0x00002b39   0x24  Code  Gb  clock_17xx_40xx.o [1]
Chip_Clock_EnablePeriphClock
                        0x00002bbb   0x12  Code  Gb  clock_17xx_40xx.o [1]
Chip_Clock_FeedPLL      0x00002afd   0x1a  Code  Lc  clock_17xx_40xx.o [1]
Chip_Clock_GetCPUClockDiv
                        0x00002bed    0xa  Code  Gb  clock_17xx_40xx.o [1]
Chip_Clock_GetCPUClockSource
                        0x00002bcd   0x1a  Code  Gb  clock_17xx_40xx.o [1]
Chip_Clock_GetIntOscRate
                        0x00002b27    0x4  Code  Lc  clock_17xx_40xx.o [1]
Chip_Clock_GetMainClockRate
                        0x00002ce1   0x1e  Code  Gb  clock_17xx_40xx.o [1]
Chip_Clock_GetMainOscRate
                        0x00002b21    0x6  Code  Lc  clock_17xx_40xx.o [1]
Chip_Clock_GetMainPLLInClockRate
                        0x00002b31    0x8  Code  Lc  clock_17xx_40xx.o [1]
Chip_Clock_GetMainPLLOutClockRate
                        0x00002c83   0x36  Code  Gb  clock_17xx_40xx.o [1]
Chip_Clock_GetMainPLLSource
                        0x00002b17    0xa  Code  Lc  clock_17xx_40xx.o [1]
Chip_Clock_GetPCLKDiv   0x00002bf7   0x64  Code  Gb  clock_17xx_40xx.o [1]
Chip_Clock_GetPeripheralClockRate
                        0x00002d11   0x18  Code  Gb  clock_17xx_40xx.o [1]
Chip_Clock_GetRTCOscRate
                        0x00002b2b    0x6  Code  Lc  clock_17xx_40xx.o [1]
Chip_Clock_GetSYSCLKRate
                        0x00002c5b   0x28  Code  Gb  clock_17xx_40xx.o [1]
Chip_Clock_GetSystemClockRate
                        0x00002cff   0x12  Code  Gb  clock_17xx_40xx.o [1]
Chip_Clock_IsCrystalEnabled
                        0x00003d4f    0xc  Code  Lc  sysinit_17xx_40xx.o [1]
Chip_Clock_IsMainPLLConnected
                        0x00002af1    0xc  Code  Lc  clock_17xx_40xx.o [1]
Chip_Clock_IsMainPLLConnected
                        0x00003d35    0xc  Code  Lc  sysinit_17xx_40xx.o [1]
Chip_Clock_IsMainPLLEnabled
                        0x00002ae5    0xc  Code  Lc  clock_17xx_40xx.o [1]
Chip_Clock_IsMainPLLEnabled
                        0x00003d1d    0xc  Code  Lc  sysinit_17xx_40xx.o [1]
Chip_Clock_IsMainPLLLocked
                        0x00003d29    0xc  Code  Lc  sysinit_17xx_40xx.o [1]
Chip_Clock_SetCPUClockDiv
                        0x00002be7    0x6  Code  Gb  clock_17xx_40xx.o [1]
Chip_Clock_SetMainPLLSource
                        0x00003d5b    0x8  Code  Lc  sysinit_17xx_40xx.o [1]
Chip_Clock_SetupPLL     0x00002b81   0x3a  Code  Gb  clock_17xx_40xx.o [1]
Chip_GPDMA_ChannelCmd   0x0000270d   0x2a  Code  Gb  gpdma_17xx_40xx.o [1]
Chip_GPDMA_ClearIntPending
                        0x000026f3   0x1a  Code  Gb  gpdma_17xx_40xx.o [1]
Chip_GPDMA_GetFreeChannel
                        0x000027f5   0x42  Code  Gb  gpdma_17xx_40xx.o [1]
Chip_GPDMA_Init         0x000025a3   0x46  Code  Gb  gpdma_17xx_40xx.o [1]
Chip_GPDMA_InitChannelCfg
                        0x000025e9   0xa2  Code  Gb  gpdma_17xx_40xx.o [1]
Chip_GPDMA_IntGetStatus
                        0x0000268b   0x68  Code  Gb  gpdma_17xx_40xx.o [1]
Chip_GPDMA_Transfer     0x00002737   0xbe  Code  Gb  gpdma_17xx_40xx.o [1]
Chip_GPIOINT_ClearIntStatus
                        0x00001f81    0xe  Code  Lc  HW_IRQHandler.o [1]
Chip_GPIOINT_GetStatusFalling
                        0x00001f65    0xe  Code  Lc  HW_IRQHandler.o [1]
Chip_GPIOINT_GetStatusRising
                        0x00001f73    0xe  Code  Lc  HW_IRQHandler.o [1]
Chip_GPIOINT_IsIntPending
                        0x00001f8f    0xa  Code  Lc  HW_IRQHandler.o [1]
Chip_GPIO_GetPinState   0x00003485   0x10  Code  Lc  HW_Gpio.o [1]
Chip_GPIO_Init          0x00003f8f    0xc  Code  Lc  HW_SysCtrl.o [1]
Chip_IOCON_Init         0x00003f83    0xc  Code  Lc  HW_SysCtrl.o [1]
Chip_IOCON_PinMux       0x00001dad   0x7e  Code  Gb  iocon_17xx_40xx.o [1]
Chip_RIT_Disable        0x000035c1    0xa  Code  Lc  HW_TimeDelay.o [1]
Chip_RIT_EnableCTRL     0x000035cb    0x8  Code  Lc  HW_TimeDelay.o [1]
Chip_RIT_Init           0x00003619   0x1e  Code  Gb  ritimer_17xx_40xx.o [1]
Chip_SetupXtalClocking  0x00003d71   0x6c  Code  Gb  sysinit_17xx_40xx.o [1]
Chip_UART_ConfigData    0x000018a3    0x4  Code  Lc  HW_Uart.o [1]
Chip_UART_ConfigData    0x00002857    0x4  Code  Lc  uart_17xx_40xx.o [1]
Chip_UART_DisableDivisorAccess
                        0x00002865    0xa  Code  Lc  uart_17xx_40xx.o [1]
Chip_UART_EnableDivisorAccess
                        0x0000285b    0xa  Code  Lc  uart_17xx_40xx.o [1]
Chip_UART_GetClkIndex   0x000028b1   0x34  Code  Lc  uart_17xx_40xx.o [1]
Chip_UART_GetClockIndex
                        0x0000287d   0x34  Code  Lc  uart_17xx_40xx.o [1]
Chip_UART_Init          0x000028e5   0x56  Code  Gb  uart_17xx_40xx.o [1]
Chip_UART_IntDisable    0x00001897    0x8  Code  Lc  HW_Uart.o [1]
Chip_UART_IntEnable     0x0000188f    0x8  Code  Lc  HW_Uart.o [1]
Chip_UART_RXIntHandlerRB
                        0x000029bd   0x26  Code  Gb  uart_17xx_40xx.o [1]
Chip_UART_Read          0x0000293b   0x34  Code  Gb  uart_17xx_40xx.o [1]
Chip_UART_ReadByte      0x0000284d    0x6  Code  Lc  uart_17xx_40xx.o [1]
Chip_UART_ReadLineStatus
                        0x00002879    0x4  Code  Lc  uart_17xx_40xx.o [1]
Chip_UART_ReadRB        0x000029e3   0x16  Code  Gb  uart_17xx_40xx.o [1]
Chip_UART_SetBaud       0x0000296f   0x4e  Code  Gb  uart_17xx_40xx.o [1]
Chip_UART_SetDivisorLatches
                        0x0000286f    0xa  Code  Lc  uart_17xx_40xx.o [1]
Chip_UART_SetupFIFOS    0x0000189f    0x4  Code  Lc  HW_Uart.o [1]
Chip_UART_SetupFIFOS    0x00002853    0x4  Code  Lc  uart_17xx_40xx.o [1]
CoreCtrl_ResetHandler   0x00004051   0x12  Code  Gb  CoreCtrl.o [1]
CoreCtrl_ResetSystemNow
                        0x00004049    0x8  Code  Gb  CoreCtrl.o [1]
DMA_IRQHandler          0x00002363   0x3a  Code  Gb  HW_IRQHandler.o [1]
EINT0_IRQHandler        0x0000229f    0xa  Code  Gb  HW_IRQHandler.o [1]
EINT1_IRQHandler        0x000022a9    0xa  Code  Gb  HW_IRQHandler.o [1]
EINT2_IRQHandler        0x000022b3    0xa  Code  Gb  HW_IRQHandler.o [1]
EINT3_IRQHandler        0x000022bd   0x7e  Code  Gb  HW_IRQHandler.o [1]
GPDMA_LUTPerAddr        0x10000000   0x60  Data  Gb  gpdma_17xx_40xx.o [1]
GPDMA_LUTPerBurst       0x00004154   0x18  Data  Gb  gpdma_17xx_40xx.o [1]
GPDMA_LUTPerWid         0x0000416c   0x18  Data  Gb  gpdma_17xx_40xx.o [1]
GPIO_GetInputState      0x0000313f   0x2e  Code  Gb  GPIO_Man.o [1]
GPIO_GetOutputState     0x00003111   0x2e  Code  Gb  GPIO_Man.o [1]
GPIO_MAN_UpdateInputIOState
                        0x0000316d  0x112  Code  Lc  GPIO_Man.o [1]
GPIO_MAN_UpdateOutputIOState
                        0x0000327f  0x112  Code  Lc  GPIO_Man.o [1]
GPIO_MAN_UpdateProc     0x00003391   0x1e  Code  Gb  GPIO_Man.o [1]
HAL_DelayInit           0x000034f7    0xa  Code  Gb  HAL_Delay.o [1]
HAL_GPIO_GetIOState     0x000033c9   0x14  Code  Gb  HAL_Gpio.o [1]
HAL_IRQ_Init            0x00004069    0x8  Code  Gb  HAL_IRQHandler.o [1]
HAL_SysTick_GetCount    0x000034e3    0x8  Code  Gb  HAL_SysTick.o [1]
HAL_SysTick_Init        0x000034eb    0xc  Code  Gb  HAL_SysTick.o [1]
HAL_SystemReset         0x00004071    0x8  Code  Gb  HAL_SysCtrl.o [1]
HAL_UART_Close          0x00003f1b   0x12  Code  Gb  HAL_Uart.o [1]
HAL_UART_Init           0x00003ef5   0x14  Code  Gb  HAL_Uart.o [1]
HAL_UART_Open           0x00003f09   0x12  Code  Gb  HAL_Uart.o [1]
HAL_UART_RecvBuff       0x00003f45   0x16  Code  Gb  HAL_Uart.o [1]
HAL_UART_RecvHandler    0x00003f5b    0xe  Code  Gb  HAL_Uart.o [1]
HAL_UART_SendBuff       0x00003f2d   0x18  Code  Gb  HAL_Uart.o [1]
HEAP$$Base              0x10001a50          --   Gb  - Linker created -
HEAP$$Limit             0x10002250          --   Gb  - Linker created -
HW_GPIO_GetIOState      0x00003495   0x16  Code  Gb  HW_Gpio.o [1]
HW_IRQ_Init             0x00001f9b  0x1aa  Code  Gb  HW_IRQHandler.o [1]
HW_IRQ_NullEntry        0x00001f99    0x2  Code  Gb  HW_IRQHandler.o [1]
HW_IRQ_SetTrgCallback   0x00002145   0x96  Code  Gb  HW_IRQHandler.o [1]
HW_SysTick_GetCount     0x0000356d    0x6  Code  Gb  HW_SysTick.o [1]
HW_SysTick_Init         0x00003573   0x2a  Code  Gb  HW_SysTick.o [1]
HW_SysTick_SetTickTime  0x00003557    0x6  Code  Gb  HW_SysTick.o [1]
HW_SysTick_Update       0x0000355d   0x10  Code  Gb  HW_SysTick.o [1]
HW_SystemReset          0x00003fc9    0x8  Code  Gb  HW_SysCtrl.o [1]
HW_TIM_DelayInit        0x000035d3   0x28  Code  Gb  HW_TimeDelay.o [1]
HW_UART0_DMATC_IRQHandler
                        0x00001ccd   0x1e  Code  Lc  HW_Uart.o [1]
HW_UART0_RX_IRQHandler  0x00001c9d    0xc  Code  Lc  HW_Uart.o [1]
HW_UART1_DMATC_IRQHandler
                        0x00001ced   0x1e  Code  Lc  HW_Uart.o [1]
HW_UART1_RX_IRQHandler  0x00001ca9    0xc  Code  Lc  HW_Uart.o [1]
HW_UART2_DMATC_IRQHandler
                        0x00001d0d   0x1e  Code  Lc  HW_Uart.o [1]
HW_UART2_RX_IRQHandler  0x00001cb5    0xc  Code  Lc  HW_Uart.o [1]
HW_UART3_DMATC_IRQHandler
                        0x00001d2d   0x1e  Code  Lc  HW_Uart.o [1]
HW_UART3_RX_IRQHandler  0x00001cc1    0xc  Code  Lc  HW_Uart.o [1]
HW_UART_DmaSend         0x00001bf7   0x24  Code  Lc  HW_Uart.o [1]
HW_UART_DmaSendBuff     0x00001c3d   0x5e  Code  Gb  HW_Uart.o [1]
HW_UART_DmaTxInit       0x000019eb   0x86  Code  Lc  HW_Uart.o [1]
HW_UART_Enable          0x00001af3   0x44  Code  Gb  HW_Uart.o [1]
HW_UART_Init            0x00001a71   0x82  Code  Gb  HW_Uart.o [1]
HW_UART_RecvBuff        0x00001b37   0x24  Code  Gb  HW_Uart.o [1]
HW_UART_RecvHandler     0x00001b5b   0x32  Code  Gb  HW_Uart.o [1]
HW_UART_RxItInit        0x00001959   0x92  Code  Lc  HW_Uart.o [1]
HW_UART_SendHeadNodeBuff
                        0x00001c1b   0x22  Code  Lc  HW_Uart.o [1]
I2C0_IRQHandler         0x0000224f    0xa  Code  Gb  HW_IRQHandler.o [1]
I2C1_IRQHandler         0x00002259    0xa  Code  Gb  HW_IRQHandler.o [1]
I2C2_IRQHandler         0x00002263    0xa  Code  Gb  HW_IRQHandler.o [1]
I2S_IRQHandler          0x0000239d    0xa  Code  Gb  HW_IRQHandler.o [1]
IRQ_Init                0x00004041    0x8  Code  Gb  IRQ_Man.o [1]
List_FreeHead           0x00001b9f   0x28  Code  Lc  HW_Uart.o [1]
List_GetHead            0x00001bc7   0x30  Code  Lc  HW_Uart.o [1]
List_Init               0x00001b8d    0x4  Code  Lc  HW_Uart.o [1]
List_SinkTail           0x00001b91    0xe  Code  Lc  HW_Uart.o [1]
MCPWM_IRQHandler        0x000023b1    0xa  Code  Gb  HW_IRQHandler.o [1]
NVIC_DisableIRQ         0x0000184f   0x16  Code  Lc  HW_Uart.o [1]
NVIC_EnableIRQ          0x00001839   0x16  Code  Lc  HW_Uart.o [1]
NVIC_SetPriority        0x00003501   0x26  Code  Lc  HW_SysTick.o [1]
NVIC_SetPriority        0x00001865   0x2a  Code  Lc  HW_Uart.o [1]
NVIC_SystemReset        0x00003f69   0x1a  Code  Lc  HW_SysCtrl.o [1]
OscRateIn               0x000041f8    0x4  Data  Gb  HW_SysCtrl.o [1]
PLL0_IRQHandler         0x0000228b    0xa  Code  Gb  HW_IRQHandler.o [1]
PLL1_IRQHandler         0x000023c5    0xc  Code  Gb  HW_IRQHandler.o [1]
PWM1_IRQHandler         0x00002245    0xa  Code  Gb  HW_IRQHandler.o [1]
QEI_IRQHandler          0x000023bb    0xa  Code  Gb  HW_IRQHandler.o [1]
RIT_IRQHandler          0x000023a7    0xa  Code  Gb  HW_IRQHandler.o [1]
RTCOscRateIn            0x000041fc    0x4  Data  Gb  HW_SysCtrl.o [1]
RTC_IRQHandler          0x00002295    0xa  Code  Gb  HW_IRQHandler.o [1]
Region$$Table$$Base     0x000040f8          --   Gb  - Linker created -
Region$$Table$$Limit    0x0000411c          --   Gb  - Linker created -
RingBuffer_GetCount     0x00001e2b    0x8  Code  Lc  ring_buffer.o [1]
RingBuffer_Init         0x00001e5f   0x18  Code  Gb  ring_buffer.o [1]
RingBuffer_Insert       0x00001e77   0x3a  Code  Gb  ring_buffer.o [1]
RingBuffer_IsEmpty      0x00001e4d   0x12  Code  Lc  ring_buffer.o [1]
RingBuffer_IsFull       0x00001e33   0x1a  Code  Lc  ring_buffer.o [1]
RingBuffer_PopMult      0x00001eb1   0xb2  Code  Gb  ring_buffer.o [1]
SPI_IRQHandler          0x0000226d    0xa  Code  Gb  HW_IRQHandler.o [1]
SSP0_IRQHandler         0x00002277    0xa  Code  Gb  HW_IRQHandler.o [1]
SSP1_IRQHandler         0x00002281    0xa  Code  Gb  HW_IRQHandler.o [1]
SYS_GetSLCVersion       0x00004079   0x26  Code  Gb  SYS_Ctrl.o [1]
SYS_Init                0x00004011   0x20  Code  Gb  SYS_Init.o [1]
SYS_InitCMU             0x00003e55   0x14  Code  Gb  SYS_CmuConfig.o [1]
SYS_InitCmuFunTable     0x00003e15   0x24  Code  Lc  SYS_CmuConfig.o [1]
SYS_InitCmuUartInterface
                        0x00003ddd   0x38  Code  Lc  SYS_CmuConfig.o [1]
SYS_MainTaskHandler     0x00004031   0x10  Code  Gb  SYS_Init.o [1]
SysTick_Config          0x00003527   0x30  Code  Lc  HW_SysTick.o [1]
SysTick_Handler         0x000021db   0x10  Code  Gb  HW_IRQHandler.o [1]
SysTime_CheckExpiredState
                        0x00003451   0x32  Code  Gb  SysTimer.o [1]
SysTime_GetTickCount    0x00003413    0x8  Code  Gb  SysTimer.o [1]
SysTime_GetTimeDiffMs   0x000033e5    0xc  Code  Lc  SysTimer.o [1]
SysTime_Init            0x000033f1   0x22  Code  Gb  SysTimer.o [1]
SysTime_SimpleDelay     0x0000341b   0x18  Code  Gb  SysTimer.o [1]
SysTime_Start           0x00003439   0x18  Code  Gb  SysTimer.o [1]
Sys_GetNomalCmdProcess  0x00003bab    0x6  Code  Lc  CMU_CmdProcess.o [1]
Sys_SetNomalCmdProcess  0x00003b55   0x56  Code  Lc  CMU_CmdProcess.o [1]
SystemCoreClock         0x10001218    0x4  Data  Gb  chip_17xx_40xx.o [1]
SystemCoreClockUpdate   0x00003609    0xc  Code  Gb  chip_17xx_40xx.o [1]
SystemInit              0x00004185   0x18  Code  Gb  sysinit.o [1]
TIMER0_IRQHandler       0x000021f5    0xa  Code  Gb  HW_IRQHandler.o [1]
TIMER1_IRQHandler       0x000021ff    0xa  Code  Gb  HW_IRQHandler.o [1]
TIMER2_IRQHandler       0x00002209    0xa  Code  Gb  HW_IRQHandler.o [1]
TIMER3_IRQHandler       0x00002213    0xa  Code  Gb  HW_IRQHandler.o [1]
UART0_IRQHandler        0x0000221d    0xa  Code  Gb  HW_IRQHandler.o [1]
UART1_IRQHandler        0x00002227    0xa  Code  Gb  HW_IRQHandler.o [1]
UART2_IRQHandler        0x00002231    0xa  Code  Gb  HW_IRQHandler.o [1]
UART3_IRQHandler        0x0000223b    0xa  Code  Gb  HW_IRQHandler.o [1]
UART_Close              0x00003e8d   0x10  Code  Gb  UART.o [1]
UART_IO_Init            0x000018a7   0xb2  Code  Lc  HW_Uart.o [1]
UART_Init               0x00003e69   0x14  Code  Gb  UART.o [1]
UART_Open               0x00003e7d   0x10  Code  Gb  UART.o [1]
UART_RecvBuff           0x00003eb5   0x16  Code  Gb  UART.o [1]
UART_RecvHandler        0x00003ecb    0xe  Code  Gb  UART.o [1]
UART_SendBuff           0x00003e9d   0x18  Code  Gb  UART.o [1]
USART                   0x0000419c   0x10  Data  Lc  HW_Uart.o [1]
USART_IRQn              0x00004200    0x4  Data  Lc  HW_Uart.o [1]
USBActivity_IRQHandler  0x000023d1    0xc  Code  Gb  HW_IRQHandler.o [1]
USB_IRQHandler          0x0000234f    0xa  Code  Gb  HW_IRQHandler.o [1]
WDT_IRQHandler          0x000021eb    0xa  Code  Gb  HW_IRQHandler.o [1]
__Vectors               0x00000000          --   Gb  iar_startup_LPC17xx.o [1]
__Vectors_End           0x000000cc         Data  Gb  iar_startup_LPC17xx.o [1]
__Vectors_Size {Abs}    0x000000cc          --   Gb  iar_startup_LPC17xx.o [1]
__aeabi_memclr4         0x000033dd         Code  Gb  ABImemclr4.o [5]
__aeabi_memset          0x00002a05         Code  Gb  ABImemset.o [5]
__cmain                 0x0000411d         Code  Gb  cmain.o [5]
__data_GetMemChunk      0x000017f9   0x2c  Code  Gb  xgetmemchunk.o [3]
__exit                  0x00001825   0x14  Code  Gb  exit.o [6]
__iar_Memset            0x00002a05         Code  Gb  ABImemset.o [5]
__iar_Memset4_word      0x000034b1         Code  Gb  ABImemset48.o [5]
__iar_Memset8_word      0x000034b1         Code  Gb  ABImemset48.o [5]
__iar_Memset_word       0x00002a0d         Code  Gb  ABImemset.o [5]
__iar_copy_init3        0x000040a5   0x2c  Code  Gb  copy_init3.o [5]
__iar_data_init3        0x000040d1   0x28  Code  Gb  data_init.o [5]
__iar_dlfree            0x000012d7  0x510  Code  Gb  dlmalloc.o [3]
__iar_dlmalloc          0x00001021  0x2aa  Code  Gb  dlmalloc.o [3]
__iar_program_start     0x000041c9         Code  Gb  cstartup_M.o [5]
__iar_unaligned___aeabi_memcpy
                        0x00002a6d         Code  Gb  ABImemcpy_unaligned.o [5]
__iar_unaligned___aeabi_memcpy4
                        0x00002a8d         Code  Gb  ABImemcpy_unaligned.o [5]
__iar_unaligned___aeabi_memcpy8
                        0x00002a8d         Code  Gb  ABImemcpy_unaligned.o [5]
__iar_unaligned_memcmp  0x000030ad         Code  Gb  memcmp_unaligned.o [5]
__iar_zero_init3        0x00003fd1   0x40  Code  Gb  zero_init3.o [5]
__vector_table          0x00000000         Data  Gb  iar_startup_LPC17xx.o [1]
__vector_table_0x1c     0x0000001c         Data  Gb  iar_startup_LPC17xx.o [1]
_call_main              0x00004129         Code  Gb  cmain.o [5]
_exit                   0x00004149         Code  Gb  cexit.o [5]
_gm_                    0x100008d4  0x1d8  Data  Lc  dlmalloc.o [3]
_main                   0x00004133         Code  Gb  cmain.o [5]
abort                   0x000017f1    0x6  Code  Gb  abort.o [3]
bCanInterfaceValidFlags
                        0x10001243    0x1  Data  Lc  CMU_CanInterface.o [1]
bEnetInterfaceValidFlags
                        0x10001246    0x1  Data  Lc  CMU_EnetInterface.o [1]
bUartInterfaceValidFlags
                        0x10001248    0x1  Data  Lc  CMU_UartInterface.o [1]
bUsEnableFlag           0x1000124c    0x1  Data  Lc  SysTimer.o [1]
configDMAMux            0x000023fd   0x3e  Code  Lc  gpdma_17xx_40xx.o [1]
exit                    0x00004143    0x4  Code  Gb  exit.o [3]
g_GpioCtrlTable         0x100011f0   0x10  Data  Gb  GPIO_Man.o [1]
g_HeadNodePtr0          0x10001228    0x4  Data  Lc  HW_Uart.o [1]
g_HeadNodePtr1          0x1000122c    0x4  Data  Lc  HW_Uart.o [1]
g_HeadNodePtr2          0x10001230    0x4  Data  Lc  HW_Uart.o [1]
g_HeadNodePtr3          0x10001234    0x4  Data  Lc  HW_Uart.o [1]
g_IRQInterface          0x10000aac  0x1ac  Data  Lc  HW_IRQHandler.o [1]
init_mparams            0x0000031b   0x32  Code  Lc  dlmalloc.o [3]
init_top                0x0000034d   0x34  Code  Lc  dlmalloc.o [3]
m_CanInterface          0x10001190   0x14  Data  Lc  CMU_CanInterface.o [1]
m_EnetInterface         0x100011a4   0x14  Data  Lc  CMU_EnetInterface.o [1]
m_EnetRecvPack          0x10000e58   0x88  Data  Lc  CMU_EnetInterface.o [1]
m_IOUpdateTimer         0x10000060   0x10  Data  Lc  GPIO_Man.o [1]
m_ResetTimer            0x100011e0   0x10  Data  Lc  CoreCtrl.o [1]
m_RxRing                0x100010e8   0x50  Data  Lc  HW_Uart.o [1]
m_UartInterface         0x100011cc   0x14  Data  Lc  CMU_UartInterface.o [1]
m_UartRecvPack          0x10000ee0   0x88  Data  Lc  CMU_UartInterface.o [1]
m_bALInitFlag           0x10001242    0x1  Data  Lc  AbstractionLayer.o [1]
m_bGetUnpackStep        0x1000124a    0x1  Data  Lc  CMU_Unpack.o [1]
m_nDataLen              0x10001240    0x2  Data  Lc  CMU_Unpack.o [1]
m_nReadPos              0x1000123c    0x2  Data  Lc  CMU_Unpack.o [1]
m_nWritePos             0x1000123e    0x2  Data  Lc  CMU_Unpack.o [1]
m_pHead                 0x10000070    0x4  Data  Lc  CMU_Unpack.o [1]
m_pRcvBuf               0x1000007c  0x400  Data  Lc  CMU_Unpack.o [1]
m_sExternalFunTable     0x100011b8   0x14  Data  Lc  CMU_ExApi.o [1]
m_sPackData             0x10001200    0xc  Data  Lc  CMU_CmdProcess.o [1]
m_uCanNode              0x10001244    0x1  Data  Lc  CMU_CanInterface.o [1]
m_uDmaFreeChannel       0x10001224    0x4  Data  Lc  HW_Uart.o [1]
m_uDmaUartTxMuxCode     0x00004204    0x4  Data  Lc  HW_Uart.o [1]
m_uInputChangeCount     0x10000c58  0x100  Data  Lc  GPIO_Man.o [1]
m_uOutputChangeCount    0x10000d58  0x100  Data  Lc  GPIO_Man.o [1]
m_uRecvBuff             0x10000fe8   0x80  Data  Lc  CMU_EnetInterface.o [1]
m_uRecvBuff             0x1000047c  0x258  Data  Lc  CMU_UartInterface.o [1]
m_uRecvPackValidFlag    0x10001245    0x1  Data  Lc  CMU_EnetInterface.o [1]
m_uRecvPackValidFlag    0x10001247    0x1  Data  Lc  CMU_UartInterface.o [1]
m_uRxBuff               0x100006d4  0x200  Data  Lc  HW_Uart.o [1]
m_uSendBuff             0x10000f68   0x80  Data  Lc  CMU_EnetInterface.o [1]
m_uSendBuff             0x10001068   0x80  Data  Lc  CMU_UartInterface.o [1]
m_uUartInitFlags        0x1000124b    0x1  Data  Lc  HW_Uart.o [1]
m_uUartNode             0x10001249    0x1  Data  Lc  CMU_UartInterface.o [1]
m_ulComType             0x10001214    0x4  Data  Lc  AbstractionLayer.o [1]
m_ulInputStateGroup     0x10001138   0x20  Data  Lc  GPIO_Man.o [1]
m_ulOutputStateGroup    0x10001158   0x20  Data  Lc  GPIO_Man.o [1]
m_ulSysTickCount        0x1000121c    0x4  Data  Lc  HW_SysTick.o [1]
m_ulSysTickTime         0x10000078    0x4  Data  Lc  HW_SysTick.o [1]
main                    0x00004137    0xc  Code  Gb  Main.o [1]
makeCtrlWord            0x0000243b   0xe0  Code  Gb  gpdma_17xx_40xx.o [1]
mparams                 0x10001178   0x18  Data  Lc  dlmalloc.o [3]
pf_CmuRecvBuff          0x10000074    0x4  Data  Lc  CMU_Unpack.o [1]
prepend_alloc           0x00000381  0x36c  Code  Lc  dlmalloc.o [3]
s_RitClockRate          0x10001220    0x4  Data  Lc  HW_TimeDelay.o [1]
segment_holding         0x00000301   0x1a  Code  Lc  dlmalloc.o [3]
setupChannel            0x0000251b   0x88  Code  Gb  gpdma_17xx_40xx.o [1]
sys_alloc               0x000006ed  0x386  Code  Lc  dlmalloc.o [3]
tmalloc_large           0x00000a81  0x390  Code  Lc  dlmalloc.o [3]
tmalloc_small           0x00000e11  0x210  Code  Lc  dlmalloc.o [3]
u32Fun_p8_u32           0x00003c6b    0x6  Code  Lc  CMU_ExApi.o [1]
u32Fun_pvoid            0x00003c71    0x6  Code  Lc  CMU_ExApi.o [1]
voidFun_void            0x00003c69    0x2  Code  Lc  CMU_ExApi.o [1]


[1] = E:\GitHub\GCP-MulitMCUs\Project\GCP-LPC17XX_Booloader\Release\Obj
[2] = command line
[3] = dl7M_tln.a
[4] = m7M_tl.a
[5] = rt7M_tl.a
[6] = shb_l.a

  16 208 bytes of readonly  code memory
     292 bytes of readonly  data memory
   8 781 bytes of readwrite data memory

Errors: none
Warnings: none
