###############################################################################
#
# IAR ELF Linker V7.40.7.9843/W32 for ARM                 19/Dec/2017  10:04:14
# Copyright 2007-2015 IAR Systems AB.
#
#    Output file  =  
#        E:\GitHub\GCP-MulitMCUs\Project\GCP-LPC17XX\Release\Exe\GCP-LPC17XX.out.tmp
#    Map file     =  
#        E:\GitHub\GCP-MulitMCUs\Project\GCP-LPC17XX\Release\List\GCP-LPC17XX.map
#    Command line =  
#        E:\GitHub\GCP-MulitMCUs\Project\GCP-LPC17XX\Release\Obj\AbstractionLayer.o
#        E:\GitHub\GCP-MulitMCUs\Project\GCP-LPC17XX\Release\Obj\adc_17xx_40xx.o
#        E:\GitHub\GCP-MulitMCUs\Project\GCP-LPC17XX\Release\Obj\AHB_Init.o
#        E:\GitHub\GCP-MulitMCUs\Project\GCP-LPC17XX\Release\Obj\Ammeter_Spm91.o
#        E:\GitHub\GCP-MulitMCUs\Project\GCP-LPC17XX\Release\Obj\at24cxx.o
#        E:\GitHub\GCP-MulitMCUs\Project\GCP-LPC17XX\Release\Obj\Bootloader.o
#        E:\GitHub\GCP-MulitMCUs\Project\GCP-LPC17XX\Release\Obj\BRD_AxisDev.o
#        E:\GitHub\GCP-MulitMCUs\Project\GCP-LPC17XX\Release\Obj\BRD_DEV_Driver.o
#        E:\GitHub\GCP-MulitMCUs\Project\GCP-LPC17XX\Release\Obj\can_17xx_40xx.o
#        E:\GitHub\GCP-MulitMCUs\Project\GCP-LPC17XX\Release\Obj\chip_17xx_40xx.o
#        E:\GitHub\GCP-MulitMCUs\Project\GCP-LPC17XX\Release\Obj\clock_17xx_40xx.o
#        E:\GitHub\GCP-MulitMCUs\Project\GCP-LPC17XX\Release\Obj\cmp_17xx_40xx.o
#        E:\GitHub\GCP-MulitMCUs\Project\GCP-LPC17XX\Release\Obj\CMU_CanInterface.o
#        E:\GitHub\GCP-MulitMCUs\Project\GCP-LPC17XX\Release\Obj\CMU_CmdProcess.o
#        E:\GitHub\GCP-MulitMCUs\Project\GCP-LPC17XX\Release\Obj\CMU_EnetInterface.o
#        E:\GitHub\GCP-MulitMCUs\Project\GCP-LPC17XX\Release\Obj\CMU_ErrorMana.o
#        E:\GitHub\GCP-MulitMCUs\Project\GCP-LPC17XX\Release\Obj\CMU_ExApi.o
#        E:\GitHub\GCP-MulitMCUs\Project\GCP-LPC17XX\Release\Obj\CMU_PeriodDataMana.o
#        E:\GitHub\GCP-MulitMCUs\Project\GCP-LPC17XX\Release\Obj\CMU_PubFun.o
#        E:\GitHub\GCP-MulitMCUs\Project\GCP-LPC17XX\Release\Obj\CMU_RcvDataProcess.o
#        E:\GitHub\GCP-MulitMCUs\Project\GCP-LPC17XX\Release\Obj\CMU_SendDataProcess.o
#        E:\GitHub\GCP-MulitMCUs\Project\GCP-LPC17XX\Release\Obj\CMU_UartInterface.o
#        E:\GitHub\GCP-MulitMCUs\Project\GCP-LPC17XX\Release\Obj\CMU_Unpack.o
#        E:\GitHub\GCP-MulitMCUs\Project\GCP-LPC17XX\Release\Obj\CNCSYS_Init.o
#        E:\GitHub\GCP-MulitMCUs\Project\GCP-LPC17XX\Release\Obj\CNCSYS_StateMan.o
#        E:\GitHub\GCP-MulitMCUs\Project\GCP-LPC17XX\Release\Obj\CoreCtrl.o
#        E:\GitHub\GCP-MulitMCUs\Project\GCP-LPC17XX\Release\Obj\CRC16.o
#        E:\GitHub\GCP-MulitMCUs\Project\GCP-LPC17XX\Release\Obj\CRC8.o
#        E:\GitHub\GCP-MulitMCUs\Project\GCP-LPC17XX\Release\Obj\crc_17xx_40xx.o
#        E:\GitHub\GCP-MulitMCUs\Project\GCP-LPC17XX\Release\Obj\CSM_AutoCtrl.o
#        E:\GitHub\GCP-MulitMCUs\Project\GCP-LPC17XX\Release\Obj\CSM_AxisMotion.o
#        E:\GitHub\GCP-MulitMCUs\Project\GCP-LPC17XX\Release\Obj\CSM_AxisStateMan.o
#        E:\GitHub\GCP-MulitMCUs\Project\GCP-LPC17XX\Release\Obj\CSM_CircleDataProcess.o
#        E:\GitHub\GCP-MulitMCUs\Project\GCP-LPC17XX\Release\Obj\CSM_CrdSysState.o
#        E:\GitHub\GCP-MulitMCUs\Project\GCP-LPC17XX\Release\Obj\CSM_Interface.o
#        E:\GitHub\GCP-MulitMCUs\Project\GCP-LPC17XX\Release\Obj\CSM_MainCtrl.o
#        E:\GitHub\GCP-MulitMCUs\Project\GCP-LPC17XX\Release\Obj\CSM_ParmMan.o
#        E:\GitHub\GCP-MulitMCUs\Project\GCP-LPC17XX\Release\Obj\CSM_ProgBuf.o
#        E:\GitHub\GCP-MulitMCUs\Project\GCP-LPC17XX\Release\Obj\CSM_UserBuf.o
#        E:\GitHub\GCP-MulitMCUs\Project\GCP-LPC17XX\Release\Obj\CSM_UserProgData.o
#        E:\GitHub\GCP-MulitMCUs\Project\GCP-LPC17XX\Release\Obj\CSM_Version.o
#        E:\GitHub\GCP-MulitMCUs\Project\GCP-LPC17XX\Release\Obj\dac_17xx_40xx.o
#        E:\GitHub\GCP-MulitMCUs\Project\GCP-LPC17XX\Release\Obj\Demo.o
#        E:\GitHub\GCP-MulitMCUs\Project\GCP-LPC17XX\Release\Obj\DEV_Abstract.o
#        E:\GitHub\GCP-MulitMCUs\Project\GCP-LPC17XX\Release\Obj\Ds18b20.o
#        E:\GitHub\GCP-MulitMCUs\Project\GCP-LPC17XX\Release\Obj\ECM_ErrorCodeMan.o
#        E:\GitHub\GCP-MulitMCUs\Project\GCP-LPC17XX\Release\Obj\Eeprom.o
#        E:\GitHub\GCP-MulitMCUs\Project\GCP-LPC17XX\Release\Obj\eeprom_17xx_40xx.o
#        E:\GitHub\GCP-MulitMCUs\Project\GCP-LPC17XX\Release\Obj\emc_17xx_40xx.o
#        E:\GitHub\GCP-MulitMCUs\Project\GCP-LPC17XX\Release\Obj\enet_17xx_40xx.o
#        E:\GitHub\GCP-MulitMCUs\Project\GCP-LPC17XX\Release\Obj\EXTI.o
#        E:\GitHub\GCP-MulitMCUs\Project\GCP-LPC17XX\Release\Obj\fpu_init.o
#        E:\GitHub\GCP-MulitMCUs\Project\GCP-LPC17XX\Release\Obj\gpdma_17xx_40xx.o
#        E:\GitHub\GCP-MulitMCUs\Project\GCP-LPC17XX\Release\Obj\gpio_17xx_40xx.o
#        E:\GitHub\GCP-MulitMCUs\Project\GCP-LPC17XX\Release\Obj\GPIO_Man.o
#        E:\GitHub\GCP-MulitMCUs\Project\GCP-LPC17XX\Release\Obj\gpioint_17xx_40xx.o
#        E:\GitHub\GCP-MulitMCUs\Project\GCP-LPC17XX\Release\Obj\HAL_Delay.o
#        E:\GitHub\GCP-MulitMCUs\Project\GCP-LPC17XX\Release\Obj\HAL_Exti.o
#        E:\GitHub\GCP-MulitMCUs\Project\GCP-LPC17XX\Release\Obj\HAL_Flash.o
#        E:\GitHub\GCP-MulitMCUs\Project\GCP-LPC17XX\Release\Obj\HAL_Gpio.o
#        E:\GitHub\GCP-MulitMCUs\Project\GCP-LPC17XX\Release\Obj\HAL_IRQHandler.o
#        E:\GitHub\GCP-MulitMCUs\Project\GCP-LPC17XX\Release\Obj\HAL_Pwm.o
#        E:\GitHub\GCP-MulitMCUs\Project\GCP-LPC17XX\Release\Obj\HAL_PwmCount.o
#        E:\GitHub\GCP-MulitMCUs\Project\GCP-LPC17XX\Release\Obj\HAL_Spi.o
#        E:\GitHub\GCP-MulitMCUs\Project\GCP-LPC17XX\Release\Obj\HAL_SysCtrl.o
#        E:\GitHub\GCP-MulitMCUs\Project\GCP-LPC17XX\Release\Obj\HAL_SysTick.o
#        E:\GitHub\GCP-MulitMCUs\Project\GCP-LPC17XX\Release\Obj\HAL_Uart.o
#        E:\GitHub\GCP-MulitMCUs\Project\GCP-LPC17XX\Release\Obj\HAL_Watchdog.o
#        E:\GitHub\GCP-MulitMCUs\Project\GCP-LPC17XX\Release\Obj\HW_Can.o
#        E:\GitHub\GCP-MulitMCUs\Project\GCP-LPC17XX\Release\Obj\HW_Exti.o
#        E:\GitHub\GCP-MulitMCUs\Project\GCP-LPC17XX\Release\Obj\HW_Flash.o
#        E:\GitHub\GCP-MulitMCUs\Project\GCP-LPC17XX\Release\Obj\HW_Gpio.o
#        E:\GitHub\GCP-MulitMCUs\Project\GCP-LPC17XX\Release\Obj\HW_IRQHandler.o
#        E:\GitHub\GCP-MulitMCUs\Project\GCP-LPC17XX\Release\Obj\HW_Mcpwm.o
#        E:\GitHub\GCP-MulitMCUs\Project\GCP-LPC17XX\Release\Obj\HW_Pwm.o
#        E:\GitHub\GCP-MulitMCUs\Project\GCP-LPC17XX\Release\Obj\HW_SysCtrl.o
#        E:\GitHub\GCP-MulitMCUs\Project\GCP-LPC17XX\Release\Obj\HW_SysTick.o
#        E:\GitHub\GCP-MulitMCUs\Project\GCP-LPC17XX\Release\Obj\HW_TimeDelay.o
#        E:\GitHub\GCP-MulitMCUs\Project\GCP-LPC17XX\Release\Obj\HW_TimeInput.o
#        E:\GitHub\GCP-MulitMCUs\Project\GCP-LPC17XX\Release\Obj\HW_TimeOutput.o
#        E:\GitHub\GCP-MulitMCUs\Project\GCP-LPC17XX\Release\Obj\HW_Uart.o
#        E:\GitHub\GCP-MulitMCUs\Project\GCP-LPC17XX\Release\Obj\HW_Watchdog.o
#        E:\GitHub\GCP-MulitMCUs\Project\GCP-LPC17XX\Release\Obj\i2c_17xx_40xx.o
#        E:\GitHub\GCP-MulitMCUs\Project\GCP-LPC17XX\Release\Obj\I2C_BaseOps.o
#        E:\GitHub\GCP-MulitMCUs\Project\GCP-LPC17XX\Release\Obj\I2C_DeviceAPI.o
#        E:\GitHub\GCP-MulitMCUs\Project\GCP-LPC17XX\Release\Obj\I2C_DeviceOps.o
#        E:\GitHub\GCP-MulitMCUs\Project\GCP-LPC17XX\Release\Obj\i2s_17xx_40xx.o
#        E:\GitHub\GCP-MulitMCUs\Project\GCP-LPC17XX\Release\Obj\iap.o
#        E:\GitHub\GCP-MulitMCUs\Project\GCP-LPC17XX\Release\Obj\iar_startup_LPC17xx.o
#        E:\GitHub\GCP-MulitMCUs\Project\GCP-LPC17XX\Release\Obj\iocon_17xx_40xx.o
#        E:\GitHub\GCP-MulitMCUs\CNC\IPO\IPO-LIB-17XX.a
#        E:\GitHub\GCP-MulitMCUs\Project\GCP-LPC17XX\Release\Obj\IRQ_Man.o
#        E:\GitHub\GCP-MulitMCUs\Project\GCP-LPC17XX\Release\Obj\KEY.o
#        E:\GitHub\GCP-MulitMCUs\Project\GCP-LPC17XX\Release\Obj\LCD1602.o
#        E:\GitHub\GCP-MulitMCUs\Project\GCP-LPC17XX\Release\Obj\lcd_17xx_40xx.o
#        E:\GitHub\GCP-MulitMCUs\Project\GCP-LPC17XX\Release\Obj\Main.o
#        E:\GitHub\GCP-MulitMCUs\Project\GCP-LPC17XX\Release\Obj\MotorCtrl.o
#        E:\GitHub\GCP-MulitMCUs\Project\GCP-LPC17XX\Release\Obj\MST_Interface.o
#        E:\GitHub\GCP-MulitMCUs\Project\GCP-LPC17XX\Release\Obj\MST_MainCtrl.o
#        E:\GitHub\GCP-MulitMCUs\Project\GCP-LPC17XX\Release\Obj\MST_MCode.o
#        E:\GitHub\GCP-MulitMCUs\Project\GCP-LPC17XX\Release\Obj\MST_TCode.o
#        E:\GitHub\GCP-MulitMCUs\Project\GCP-LPC17XX\Release\Obj\NixieTube.o
#        E:\GitHub\GCP-MulitMCUs\Project\GCP-LPC17XX\Release\Obj\pmu_17xx_40xx.o
#        E:\GitHub\GCP-MulitMCUs\Project\GCP-LPC17XX\Release\Obj\PWM.o
#        E:\GitHub\GCP-MulitMCUs\Project\GCP-LPC17XX\Release\Obj\pwm_17xx_40xx.o
#        E:\GitHub\GCP-MulitMCUs\Project\GCP-LPC17XX\Release\Obj\PWM_Count.o
#        E:\GitHub\GCP-MulitMCUs\Project\GCP-LPC17XX\Release\Obj\PWM_MotorCtrl.o
#        E:\GitHub\GCP-MulitMCUs\Project\GCP-LPC17XX\Release\Obj\ring_buffer.o
#        E:\GitHub\GCP-MulitMCUs\Project\GCP-LPC17XX\Release\Obj\ritimer_17xx_40xx.o
#        E:\GitHub\GCP-MulitMCUs\Project\GCP-LPC17XX\Release\Obj\rtc_17xx_40xx.o
#        E:\GitHub\GCP-MulitMCUs\Project\GCP-LPC17XX\Release\Obj\sdc_17xx_40xx.o
#        E:\GitHub\GCP-MulitMCUs\Project\GCP-LPC17XX\Release\Obj\sdmmc_17xx_40xx.o
#        E:\GitHub\GCP-MulitMCUs\Project\GCP-LPC17XX\Release\Obj\SDRAM_AddrDef.o
#        E:\GitHub\GCP-MulitMCUs\Project\GCP-LPC17XX\Release\Obj\spi_17xx_40xx.o
#        E:\GitHub\GCP-MulitMCUs\Project\GCP-LPC17XX\Release\Obj\SPM_ParmCheck.o
#        E:\GitHub\GCP-MulitMCUs\Project\GCP-LPC17XX\Release\Obj\SPM_SysCtrlParm.o
#        E:\GitHub\GCP-MulitMCUs\Project\GCP-LPC17XX\Release\Obj\ssp_17xx_40xx.o
#        E:\GitHub\GCP-MulitMCUs\Project\GCP-LPC17XX\Release\Obj\SYS_CmuConfig.o
#        E:\GitHub\GCP-MulitMCUs\Project\GCP-LPC17XX\Release\Obj\SYS_CncConfig.o
#        E:\GitHub\GCP-MulitMCUs\Project\GCP-LPC17XX\Release\Obj\SYS_Ctrl.o
#        E:\GitHub\GCP-MulitMCUs\Project\GCP-LPC17XX\Release\Obj\SYS_Init.o
#        E:\GitHub\GCP-MulitMCUs\Project\GCP-LPC17XX\Release\Obj\sysctl_17xx_40xx.o
#        E:\GitHub\GCP-MulitMCUs\Project\GCP-LPC17XX\Release\Obj\sysinit.o
#        E:\GitHub\GCP-MulitMCUs\Project\GCP-LPC17XX\Release\Obj\sysinit_17xx_40xx.o
#        E:\GitHub\GCP-MulitMCUs\Project\GCP-LPC17XX\Release\Obj\SysTimer.o
#        E:\GitHub\GCP-MulitMCUs\Project\GCP-LPC17XX\Release\Obj\SysUpdate.o
#        E:\GitHub\GCP-MulitMCUs\Project\GCP-LPC17XX\Release\Obj\TempSensor.o
#        E:\GitHub\GCP-MulitMCUs\Project\GCP-LPC17XX\Release\Obj\timer_17xx_40xx.o
#        E:\GitHub\GCP-MulitMCUs\Project\GCP-LPC17XX\Release\Obj\TM1617.o
#        E:\GitHub\GCP-MulitMCUs\Project\GCP-LPC17XX\Release\Obj\UART.o
#        E:\GitHub\GCP-MulitMCUs\Project\GCP-LPC17XX\Release\Obj\uart_17xx_40xx.o
#        E:\GitHub\GCP-MulitMCUs\Project\GCP-LPC17XX\Release\Obj\VD_MachineIO.o
#        E:\GitHub\GCP-MulitMCUs\Project\GCP-LPC17XX\Release\Obj\VM_HwCtrl.o
#        E:\GitHub\GCP-MulitMCUs\Project\GCP-LPC17XX\Release\Obj\VM_MainProc.o
#        E:\GitHub\GCP-MulitMCUs\Project\GCP-LPC17XX\Release\Obj\VM_MotorCtrl.o
#        E:\GitHub\GCP-MulitMCUs\Project\GCP-LPC17XX\Release\Obj\VM_StateMan.o
#        E:\GitHub\GCP-MulitMCUs\Project\GCP-LPC17XX\Release\Obj\Watchdog.o
#        E:\GitHub\GCP-MulitMCUs\Project\GCP-LPC17XX\Release\Obj\wwdt_17xx_40xx.o
#        -o
#        E:\GitHub\GCP-MulitMCUs\Project\GCP-LPC17XX\Release\Exe\GCP-LPC17XX.out.tmp
#        --map
#        E:\GitHub\GCP-MulitMCUs\Project\GCP-LPC17XX\Release\List\GCP-LPC17XX.map
#        --config
#        E:\GitHub\GCP-MulitMCUs\Project\GCP-LPC17XX\settings\GCP-LPC17XX.icf
#        --semihosting --entry __iar_program_start --inline --vfe
#
###############################################################################

*******************************************************************************
*** RUNTIME MODEL ATTRIBUTES
***

CppFlavor       = *
__Heap_Handler  = DLMalloc
__SystemLibrary = DLib


*******************************************************************************
*** PLACEMENT SUMMARY
***

"A1":  place at 0x00000000 { ro section .intvec };
"P1":  place in [from 0x00000000 to 0x000002fb] |
                [from 0x00000300 to 0x0007ffff] { ro };
"P2":  place in [from 0x10000000 to 0x10007fdf] { rw, block CSTACK, block HEAP };

  Section             Kind        Address     Size  Object
  -------             ----        -------     ----  ------
"A1":                                         0xcc
  .intvec             ro code  0x00000000     0xcc  iar_startup_LPC17xx.o [1]
                             - 0x000000cc     0xcc

"P1", part 1 of 2:                           0x19c
  CRPKEY              ro code  0x000000cc      0x0  iar_startup_LPC17xx.o [1]
  .rodata             const    0x000000cc      0x0  zero_init3.o [6]
  .rodata             const    0x000000cc      0x0  copy_init3.o [6]
  Initializer bytes   const    0x000000cc    0x19c  <for P2 s0>
                             - 0x00000268    0x19c

"P1", part 2 of 2:                         0x22758
  .text               ro code  0x00000300   0x2cac  IPO_PosCtrlMotion.o [3]
  .text               ro code  0x00002fac     0x84  FltAdd.o [5]
  .text               ro code  0x00003030     0x2e  DblCmpLe.o [5]
  .rodata             const    0x0000305e      0x2  HW_IRQHandler.o [1]
  .text               ro code  0x00003060     0x4e  FltToDbl.o [5]
  .text               ro code  0x000030b0     0xd8  FltMul.o [5]
  .text               ro code  0x00003188    0x3b4  IPO_AssistantFun.o [3]
  .text               ro code  0x0000353c    0x1a2  DblMul.o [5]
  .text               ro code  0x000036e0     0xe8  DblAdd.o [5]
  .text               ro code  0x000037c8     0x90  DblToFlt.o [5]
  .text               ro code  0x00003858    0x180  DblSub.o [5]
  .text               ro code  0x000039d8     0x24  FltCmpLe.o [5]
  .text               ro code  0x000039fc     0xe6  FltSub.o [5]
  .text               ro code  0x00003ae4     0xfc  FltDiv.o [5]
  .text               ro code  0x00003be0     0xf0  sqrt.o [5]
  .text               ro code  0x00003cd0    0x256  DblDiv.o [5]
  .text               ro code  0x00003f28     0x66  ABImemset.o [6]
  .text               ro code  0x00003f90     0x76  ABImemcpy_unaligned.o [6]
  .text               ro code  0x00004008    0x2a4  IPO_ParmMan.o [3]
  .text               ro code  0x000042ac     0x24  FltCmpGe.o [5]
  .text               ro code  0x000042d0   0x170c  IPO_JogCtrl_M4.o [3]
  .text               ro code  0x000059dc     0x2e  DblCmpGe.o [5]
  .text               ro code  0x00005a0c     0xe8  acos.o [5]
  .text               ro code  0x00005af4      0x6  cos.o [5]
  .text               ro code  0x00005afa     0x2c  copy_init3.o [6]
  .text               ro code  0x00005b28    0x850  pow.o [5]
  .text               ro code  0x00006378      0xc  iarEdom.o [6]
  .text               ro code  0x00006384     0x30  I32ToDbl.o [5]
  .text               ro code  0x000063b4     0x58  DblToI32.o [5]
  .text               ro code  0x0000640c    0xc10  IPO_SpeedCtrlMotion.o [3]
  .rodata             const    0x0000701c      0xc  SYS_Ctrl.o [1]
  .text               ro code  0x00007028    0x1e0  xatan.o [5]
  .text               ro code  0x00007208      0xc  errno.o [4]
  .text               ro code  0x00007214    0x426  xsin.o [5]
  .text               ro code  0x0000763a     0x42  xdnorm.o [5]
  .text               ro code  0x0000767c     0x7a  xdint.o [5]
  .text               ro code  0x000076f8     0x20  DblCmpEq.o [5]
  .text               ro code  0x00007718     0xac  xlog.o [5]
  .text               ro code  0x000077c4    0x2bc  xexp.o [5]
  .text               ro code  0x00007a80      0x2  xtls.o [4]
  .text               ro code  0x00007a84    0x160  xquad.o [5]
  .text               ro code  0x00007be4     0x32  xdtest.o [5]
  .text               ro code  0x00007c18    0x10c  xdscale.o [5]
  .text               ro code  0x00007d24    0x1a8  fmod.o [5]
  .text               ro code  0x00007ecc   0x2b08  IPO_AutoCtrl_M4.o [3]
  .text               ro code  0x0000a9d4     0x32  I32ToFlt.o [5]
  .text               ro code  0x0000aa08    0x3c0  IPO_AutoDataPrepare.o [3]
  .text               ro code  0x0000adc8    0x780  IPO_Calculate.o [3]
  .text               ro code  0x0000b548      0x6  sin.o [5]
  .text               ro code  0x0000b550    0x9a4  IPO_Lookahead.o [3]
  .text               ro code  0x0000bef4    0xce0  IPO_StateMan.o [3]
  .text               ro code  0x0000cbd4    0x330  IPO_BufMan.o [3]
  .text               ro code  0x0000cf04   0x123c  IPO_MotionDataPreprocess.o [3]
  .text               ro code  0x0000e140    0xcc0  IPO_JogCtrl.o [3]
  .text               ro code  0x0000ee00     0xd8  IPO_AxisStateMan.o [3]
  .text               ro code  0x0000eed8     0xf6  asin.o [5]
  .text               ro code  0x0000efd0    0x888  IPO_JogPosCtrlTable.o [3]
  .text               ro code  0x0000f858     0x44  FltToS32.o [5]
  .text               ro code  0x0000f89c   0x1ea8  CMU_CmdProcess.o [1]
  .text               ro code  0x00011744    0x388  CMU_SendDataProcess.o [1]
  .text               ro code  0x00011acc    0x8c4  CMU_PeriodDataMana.o [1]
  .text               ro code  0x00012390      0x6  ABImemclr4.o [6]
  .text               ro code  0x00012398    0x12e  CMU_PubFun.o [1]
  .text               ro code  0x000124c6     0x48  CMU_ErrorMana.o [1]
  .text               ro code  0x00012510    0x1dc  AbstractionLayer.o [1]
  .text               ro code  0x000126ec     0x32  ABImemset48.o [6]
  .text               ro code  0x00012720    0xf1c  CMU_ExApi.o [1]
  .text               ro code  0x0001363c    0x35c  CMU_RcvDataProcess.o [1]
  .text               ro code  0x00013998     0x34  CMU_CanInterface.o [1]
  .text               ro code  0x000139cc    0x17c  CMU_EnetInterface.o [1]
  .text               ro code  0x00013b48    0x1e4  CMU_UartInterface.o [1]
  .text               ro code  0x00013d2c    0x380  CMU_Unpack.o [1]
  .text               ro code  0x000140ac     0x62  memcmp_unaligned.o [6]
  .text               ro code  0x00014110   0x14f0  dlmalloc.o [4]
  .text               ro code  0x00015600      0x6  abort.o [4]
  .text               ro code  0x00015608     0x2c  xgetmemchunk.o [4]
  .text               ro code  0x00015634     0x14  exit.o [7]
  .text               ro code  0x00015648   0x13d4  DEV_Abstract.o [1]
  .text               ro code  0x00016a1c    0x180  ECM_ErrorCodeMan.o [1]
  .text               ro code  0x00016b9c    0xe04  IPO_Interpolation.o [3]
  .text               ro code  0x000179a0    0x8a8  IPO_RapidSpeedCtrlTable.o [3]
  .text               ro code  0x00018248    0x2cc  IPO_Interpolation_M4.o [3]
  .text               ro code  0x00018514     0x62  IPO_AHB.o [3]
  .text               ro code  0x00018578    0x58c  IPO_AutoCtrl.o [3]
  .text               ro code  0x00018b04     0x54  IPO_Version.o [3]
  .text               ro code  0x00018b58     0x24  FltToU32.o [5]
  .text               ro code  0x00018b7c    0xbe0  CSM_CrdSysState.o [1]
  .text               ro code  0x0001975c    0x218  CSM_ParmMan.o [1]
  .text               ro code  0x00019974    0x2c0  CSM_AxisStateMan.o [1]
  .text               ro code  0x00019c34    0x4c8  CSM_ProgBuf.o [1]
  .text               ro code  0x0001a0fc    0xb00  SPM_SysCtrlParm.o [1]
  .text               ro code  0x0001abfc    0x288  SPM_ParmCheck.o [1]
  .text               ro code  0x0001ae84     0x6c  CNCSYS_StateMan.o [1]
  .text               ro code  0x0001aef0    0x334  CSM_UserBuf.o [1]
  .text               ro code  0x0001b224     0x1c  FltCmpEq.o [5]
  .text               ro code  0x0001b240    0x8aa  CSM_MainCtrl.o [1]
  .text               ro code  0x0001baec    0x694  CSM_AutoCtrl.o [1]
  .text               ro code  0x0001c180    0xa88  CSM_CircleDataProcess.o [1]
  .text               ro code  0x0001cc08     0xcc  atan2.o [5]
  .text               ro code  0x0001ccd4      0x8  abs.o [4]
  .text               ro code  0x0001ccdc    0x8dc  BRD_DEV_Driver.o [1]
  .text               ro code  0x0001d5b8    0x21c  BRD_AxisDev.o [1]
  .text               ro code  0x0001d7d4    0x1c4  MotorCtrl.o [1]
  .text               ro code  0x0001d998    0x298  PWM_MotorCtrl.o [1]
  .text               ro code  0x0001dc30    0x574  GPIO_Man.o [1]
  .text               ro code  0x0001e1a4     0x92  HAL_PwmCount.o [1]
  .text               ro code  0x0001e236     0x3c  HAL_Pwm.o [1]
  .text               ro code  0x0001e272     0x18  HAL_IRQHandler.o [1]
  .text               ro code  0x0001e28a     0x6a  HAL_Gpio.o [1]
  .text               ro code  0x0001e2f4     0xb6  SysTimer.o [1]
  .text               ro code  0x0001e3ac    0x248  HW_TimeInput.o [1]
  .text               ro code  0x0001e5f4    0x288  HW_TimeOutput.o [1]
  .text               ro code  0x0001e87c    0x498  HW_IRQHandler.o [1]
  .text               ro code  0x0001ed14    0x158  HW_Gpio.o [1]
  .text               ro code  0x0001ee6c     0x14  HAL_SysTick.o [1]
  .text               ro code  0x0001ee80      0xa  HAL_Delay.o [1]
  .text               ro code  0x0001ee8a     0xa0  iocon_17xx_40xx.o [1]
  .text               ro code  0x0001ef2c     0xa6  timer_17xx_40xx.o [1]
  .text               ro code  0x0001efd4    0x244  clock_17xx_40xx.o [1]
  .text               ro code  0x0001f218    0x450  gpdma_17xx_40xx.o [1]
  .text               ro code  0x0001f668     0xc0  HW_SysTick.o [1]
  .text               ro code  0x0001f728     0x48  HW_TimeDelay.o [1]
  .text               ro code  0x0001f770     0x10  chip_17xx_40xx.o [1]
  .text               ro code  0x0001f780     0x1e  ritimer_17xx_40xx.o [1]
  .text               ro code  0x0001f7a0    0x8c8  CSM_AxisMotion.o [1]
  .text               ro code  0x00020068    0x578  HW_Uart.o [1]
  .text               ro code  0x000205e0    0x138  ring_buffer.o [1]
  .text               ro code  0x00020718    0x1b8  uart_17xx_40xx.o [1]
  .text               ro code  0x000208d0    0x4e4  CSM_UserProgData.o [1]
  .text               ro code  0x00020db4    0x418  CNCSYS_Init.o [1]
  .text               ro code  0x000211cc     0x28  IPO_Interface.o [3]
  .text               ro code  0x000211f4     0x20  MST_Interface.o [1]
  .text               ro code  0x00021214    0x2c4  MST_MainCtrl.o [1]
  .text               ro code  0x000214d8    0x1e0  CSM_Interface.o [1]
  .text               ro code  0x000216b8     0x28  AHB_Init.o [1]
  .text               ro code  0x000216e0    0x324  MST_MCode.o [1]
  .text               ro code  0x00021a04     0x5c  MST_TCode.o [1]
  .text               ro code  0x00021a60    0x3cc  VM_HwCtrl.o [1]
  .text               ro code  0x00021e2c     0x10  VM_StateMan.o [1]
  .text               ro code  0x00021e3c    0x3c8  SYS_CmuConfig.o [1]
  .text               ro code  0x00022204     0x70  UART.o [1]
  .text               ro code  0x00022274     0x74  HAL_Uart.o [1]
  .text               ro code  0x000222e8    0x270  VM_MotorCtrl.o [1]
  .text               ro code  0x00022558     0xc0  sysinit_17xx_40xx.o [1]
  .text               ro code  0x00022618     0x68  HW_SysCtrl.o [1]
  .text               ro code  0x00022680     0x60  SYS_Ctrl.o [1]
  .text               ro code  0x000226e0     0x5c  VM_MainProc.o [1]
  .text               ro code  0x0002273c     0x58  CSM_Version.o [1]
  .rodata             const    0x00022794     0x40  HW_TimeOutput.o [1]
  .text               ro code  0x000227d4     0x40  zero_init3.o [6]
  .text               ro code  0x00022814     0x38  SYS_Init.o [1]
  .text               ro code  0x0002284c     0x18  IRQ_Man.o [1]
  .text               ro code  0x00022864     0x18  SYS_CncConfig.o [1]
  .text               ro code  0x0002287c     0x20  CoreCtrl.o [1]
  .text               ro code  0x0002289c      0x8  HAL_SysCtrl.o [1]
  .text               ro code  0x000228a4     0x28  data_init.o [6]
  .iar.init_table     const    0x000228cc     0x24  - Linker created -
  .rodata             const    0x000228f0     0x20  HW_TimeInput.o [1]
  .text               ro code  0x00022910     0x1a  cmain.o [6]
  .text               ro code  0x0002292a     0x14  Main.o [1]
  .text               ro code  0x0002293e      0x4  exit.o [4]
  .text               ro code  0x00022944      0xa  cexit.o [6]
  .rodata             const    0x00022950     0x18  gpdma_17xx_40xx.o [1]
  .rodata             const    0x00022968     0x18  gpdma_17xx_40xx.o [1]
  .text               ro code  0x00022980     0x18  sysinit.o [1]
  .rodata             const    0x00022998     0x10  HW_TimeInput.o [1]
  .rodata             const    0x000229a8     0x10  HW_TimeOutput.o [1]
  .rodata             const    0x000229b8     0x10  HW_Uart.o [1]
  .text               ro code  0x000229c8     0x10  iar_startup_LPC17xx.o [1]
  .rodata             const    0x000229d8      0xc  SYS_Ctrl.o [1]
  .text               ro code  0x000229e4      0xc  cstartup_M.o [6]
  .rodata             const    0x000229f0      0x8  BRD_DEV_Driver.o [1]
  .rodata             const    0x000229f8      0x8  CMU_EnetInterface.o [1]
  .rodata             const    0x00022a00      0x8  CMU_UartInterface.o [1]
  .rodata             const    0x00022a08      0x8  CMU_Unpack.o [1]
  .rodata             const    0x00022a10      0x8  CSM_Version.o [1]
  .rodata             const    0x00022a18      0x8  IPO_Version.o [3]
  .rodata             const    0x00022a20      0x4  HW_SysCtrl.o [1]
  .rodata             const    0x00022a24      0x4  HW_SysCtrl.o [1]
  .rodata             const    0x00022a28      0x4  HW_TimeInput.o [1]
  .rodata             const    0x00022a2c      0x4  HW_Uart.o [1]
  .rodata             const    0x00022a30      0x4  HW_Uart.o [1]
  .text               ro code  0x00022a34      0x4  iar_startup_LPC17xx.o [1]
  .text               ro code  0x00022a38      0x4  iar_startup_LPC17xx.o [1]
  .text               ro code  0x00022a3c      0x4  iar_startup_LPC17xx.o [1]
  .text               ro code  0x00022a40      0x4  iar_startup_LPC17xx.o [1]
  .text               ro code  0x00022a44      0x4  iar_startup_LPC17xx.o [1]
  .text               ro code  0x00022a48      0x4  iar_startup_LPC17xx.o [1]
  .text               ro code  0x00022a4c      0x4  iar_startup_LPC17xx.o [1]
  .text               ro code  0x00022a50      0x4  iar_startup_LPC17xx.o [1]
  .text               ro code  0x00022a54      0x4  iar_startup_LPC17xx.o [1]
                             - 0x00022a58  0x22758

"P2":                                       0x7150
  P2 s0                        0x10000000    0x19c  <Init block>
    .data             inited   0x10000000     0x8c  VD_MachineIO.o [1]
    .data             inited   0x1000008c     0x60  gpdma_17xx_40xx.o [1]
    .data             inited   0x100000ec     0x44  VD_MachineIO.o [1]
    .data             inited   0x10000130     0x20  PWM_MotorCtrl.o [1]
    .data             inited   0x10000150     0x10  GPIO_Man.o [1]
    .data             inited   0x10000160     0x10  VD_MachineIO.o [1]
    .data             inited   0x10000170     0x10  VM_HwCtrl.o [1]
    .data             inited   0x10000180      0x4  CMU_Unpack.o [1]
    .data             inited   0x10000184      0x4  CMU_Unpack.o [1]
    .data             inited   0x10000188      0x4  HW_SysTick.o [1]
    .data             inited   0x1000018c      0x4  VM_HwCtrl.o [1]
    .data             inited   0x10000190      0x4  VM_HwCtrl.o [1]
    .data             inited   0x10000194      0x4  VM_MotorCtrl.o [1]
    __DLIB_PERTHREAD  inited   0x10000198      0x4  errno.o [4]
  .bss                zero     0x1000019c   0x1000  HW_Uart.o [1]
  .bss                zero     0x1000119c    0xf00  SYS_CmuConfig.o [1]
  .bss                zero     0x100020a0    0xc80  IPO_Interpolation_M4.o [3]
  .bss                zero     0x10002d20    0x3c8  MST_MCode.o [1]
  .bss                zero     0x100030e8    0x240  CMU_ExApi.o [1]
  .bss                zero     0x10003328    0x200  CMU_PeriodDataMana.o [1]
  .bss                zero     0x10003528    0x200  DEV_Abstract.o [1]
  .bss                zero     0x10003728    0x1d8  dlmalloc.o [4]
  .bss                zero     0x10003900    0x1ac  HW_IRQHandler.o [1]
  .bss                zero     0x10003aac    0x190  MST_MCode.o [1]
  .bss                zero     0x10003c3c    0x190  MST_TCode.o [1]
  .bss                zero     0x10003dcc     0x7c  BRD_AxisDev.o [1]
  .bss                zero     0x10003e48    0x190  IPO_Lookahead.o [3]
  .bss                zero     0x10003fd8    0x190  IPO_Interpolation_M4.o [3]
  .bss                zero     0x10004168    0x108  IPO_Interpolation.o [3]
  .bss                zero     0x10004270    0x108  IPO_MotionDataPreprocess.o [3]
  .bss                zero     0x10004378    0x108  IPO_Interpolation_M4.o [3]
  .bss                zero     0x10004480    0x100  GPIO_Man.o [1]
  .bss                zero     0x10004580    0x100  GPIO_Man.o [1]
  .bss                zero     0x10004680     0xf0  DEV_Abstract.o [1]
  .bss                zero     0x10004770     0xc0  IPO_JogCtrl.o [3]
  .bss                zero     0x10004830     0xc0  IPO_JogCtrl_M4.o [3]
  .bss                zero     0x100048f0     0xc0  IPO_JogCtrl_M4.o [3]
  .bss                zero     0x100049b0     0xa4  CSM_Interface.o [1]
  .bss                zero     0x10004a54     0xa0  DEV_Abstract.o [1]
  .bss                zero     0x10004af4     0x3c  IPO_Interface.o [3]
  .bss                zero     0x10004b30     0x90  CSM_MainCtrl.o [1]
  .bss                zero     0x10004bc0     0x88  CMU_EnetInterface.o [1]
  .bss                zero     0x10004c48     0x88  CMU_UartInterface.o [1]
  .bss                zero     0x10004cd0     0x80  CMU_EnetInterface.o [1]
  .bss                zero     0x10004d50     0x80  CMU_EnetInterface.o [1]
  .bss                zero     0x10004dd0     0x80  CMU_UartInterface.o [1]
  .bss                zero     0x10004e50     0x80  CMU_UartInterface.o [1]
  .bss                zero     0x10004ed0     0x80  CMU_Unpack.o [1]
  .bss                zero     0x10004f50     0x80  IPO_JogPosCtrlTable.o [3]
  .bss                zero     0x10004fd0     0x80  IPO_RapidSpeedCtrlTable.o [3]
  .bss                zero     0x10005050     0x70  IPO_Interpolation.o [3]
  .bss                zero     0x100050c0     0x60  CSM_MainCtrl.o [1]
  .bss                zero     0x10005120     0x58  ECM_ErrorCodeMan.o [1]
  .bss                zero     0x10005178     0x50  CSM_MainCtrl.o [1]
  .bss                zero     0x100051c8     0x50  HW_Uart.o [1]
  .bss                zero     0x10005218     0x30  CMU_RcvDataProcess.o [1]
  .bss                zero     0x10005248     0x28  IPO_Lookahead.o [3]
  .bss                zero     0x10005270     0x20  CSM_ParmMan.o [1]
  .bss                zero     0x10005290     0x20  GPIO_Man.o [1]
  .bss                zero     0x100052b0     0x20  GPIO_Man.o [1]
  .bss                zero     0x100052d0     0x20  GPIO_Man.o [1]
  .bss                zero     0x100052f0     0x20  GPIO_Man.o [1]
  .bss                zero     0x10005310     0x20  PWM_MotorCtrl.o [1]
  .bss                zero     0x10005330     0x20  IPO_ParmMan.o [3]
  .bss                zero     0x10005350     0x20  IPO_ParmMan.o [3]
  .bss                zero     0x10005370     0x20  IPO_JogCtrl.o [3]
  .bss                zero     0x10005390     0x20  IPO_JogCtrl.o [3]
  .bss                zero     0x100053b0     0x20  IPO_JogCtrl.o [3]
  .bss                zero     0x100053d0     0x20  IPO_Interpolation_M4.o [3]
  .bss                zero     0x100053f0     0x20  IPO_Interpolation_M4.o [3]
  .bss                zero     0x10005410     0x1c  CSM_ProgBuf.o [1]
  .bss                zero     0x1000542c     0x1c  CSM_UserBuf.o [1]
  .bss                zero     0x10005448     0x1c  IPO_BufMan.o [3]
  .bss                zero     0x10005464     0x18  CMU_SendDataProcess.o [1]
  .bss                zero     0x1000547c     0x18  dlmalloc.o [4]
  .bss                zero     0x10005494     0x14  BRD_DEV_Driver.o [1]
  .bss                zero     0x100054a8     0x14  CMU_CanInterface.o [1]
  .bss                zero     0x100054bc     0x14  CMU_EnetInterface.o [1]
  .bss                zero     0x100054d0     0x14  CMU_UartInterface.o [1]
  .bss                zero     0x100054e4     0x14  MST_Interface.o [1]
  .bss                zero     0x100054f8     0x10  CNCSYS_StateMan.o [1]
  .bss                zero     0x10005508     0x10  CoreCtrl.o [1]
  .bss                zero     0x10005518     0x10  GPIO_Man.o [1]
  .bss                zero     0x10005528     0x10  MST_MainCtrl.o [1]
  .bss                zero     0x10005538     0x10  VM_HwCtrl.o [1]
  .bss                zero     0x10005548     0x10  VM_HwCtrl.o [1]
  .bss                zero     0x10005558     0x10  IPO_Interpolation.o [3]
  .bss                zero     0x10005568     0x10  IPO_ParmMan.o [3]
  .bss                zero     0x10005578     0x10  IPO_JogCtrl.o [3]
  .bss                zero     0x10005588     0x10  IPO_Interpolation_M4.o [3]
  .bss                zero     0x10005598      0xc  CMU_RcvDataProcess.o [1]
  .bss                zero     0x100055a4      0xc  CMU_RcvDataProcess.o [1]
  .bss                zero     0x100055b0      0xc  MotorCtrl.o [1]
  .bss                zero     0x100055bc      0xc  MotorCtrl.o [1]
  .bss                zero     0x100055c8      0xc  VM_StateMan.o [1]
  .bss                zero     0x100055d4      0x8  BRD_DEV_Driver.o [1]
  .bss                zero     0x100055dc      0x8  BRD_DEV_Driver.o [1]
  .bss                zero     0x100055e4      0x8  DEV_Abstract.o [1]
  .bss                zero     0x100055ec      0x8  DEV_Abstract.o [1]
  .bss                zero     0x100055f4      0x8  gpdma_17xx_40xx.o [1]
  .bss                zero     0x100055fc      0x8  PWM_MotorCtrl.o [1]
  .bss                zero     0x10005604      0x8  PWM_MotorCtrl.o [1]
  .bss                zero     0x1000560c      0x4  AbstractionLayer.o [1]
  .bss                zero     0x10005610      0x4  AHB_Init.o [1]
  .bss                zero     0x10005614      0x4  BRD_DEV_Driver.o [1]
  .bss                zero     0x10005618      0x4  BRD_DEV_Driver.o [1]
  .bss                zero     0x1000561c      0x4  BRD_DEV_Driver.o [1]
  .bss                zero     0x10005620      0x4  BRD_DEV_Driver.o [1]
  .bss                zero     0x10005624      0x4  BRD_DEV_Driver.o [1]
  .bss                zero     0x10005628      0x4  chip_17xx_40xx.o [1]
  .bss                zero     0x1000562c      0x4  CMU_PubFun.o [1]
  .bss                zero     0x10005630      0x4  CMU_PubFun.o [1]
  .bss                zero     0x10005634      0x4  CMU_RcvDataProcess.o [1]
  .bss                zero     0x10005638      0x4  CMU_SendDataProcess.o [1]
  .bss                zero     0x1000563c      0x4  CSM_MainCtrl.o [1]
  .bss                zero     0x10005640      0x4  CSM_MainCtrl.o [1]
  .bss                zero     0x10005644      0x4  CSM_MainCtrl.o [1]
  .bss                zero     0x10005648      0x4  CSM_ParmMan.o [1]
  .bss                zero     0x1000564c      0x4  CSM_ParmMan.o [1]
  .bss                zero     0x10005650      0x4  CSM_ParmMan.o [1]
  .bss                zero     0x10005654      0x4  CSM_ParmMan.o [1]
  .bss                zero     0x10005658      0x4  CSM_ProgBuf.o [1]
  .bss                zero     0x1000565c      0x4  CSM_ProgBuf.o [1]
  .bss                zero     0x10005660      0x4  CSM_ProgBuf.o [1]
  .bss                zero     0x10005664      0x4  CSM_UserBuf.o [1]
  .bss                zero     0x10005668      0x4  CSM_UserBuf.o [1]
  .bss                zero     0x1000566c      0x4  HW_SysTick.o [1]
  .bss                zero     0x10005670      0x4  HW_TimeDelay.o [1]
  .bss                zero     0x10005674      0x4  HW_Uart.o [1]
  .bss                zero     0x10005678      0x4  HW_Uart.o [1]
  .bss                zero     0x1000567c      0x4  HW_Uart.o [1]
  .bss                zero     0x10005680      0x4  HW_Uart.o [1]
  .bss                zero     0x10005684      0x4  HW_Uart.o [1]
  .bss                zero     0x10005688      0x4  MotorCtrl.o [1]
  .bss                zero     0x1000568c      0x4  MotorCtrl.o [1]
  .bss                zero     0x10005690      0x4  MotorCtrl.o [1]
  .bss                zero     0x10005694      0x4  MotorCtrl.o [1]
  .bss                zero     0x10005698      0x4  SPM_SysCtrlParm.o [1]
  .bss                zero     0x1000569c      0x4  SPM_SysCtrlParm.o [1]
  .bss                zero     0x100056a0      0x4  SPM_SysCtrlParm.o [1]
  .bss                zero     0x100056a4      0x4  SPM_SysCtrlParm.o [1]
  .bss                zero     0x100056a8      0x4  SPM_SysCtrlParm.o [1]
  .bss                zero     0x100056ac      0x4  VM_HwCtrl.o [1]
  .bss                zero     0x100056b0      0x4  VM_MotorCtrl.o [1]
  .bss                zero     0x100056b4      0x4  VM_MotorCtrl.o [1]
  .bss                zero     0x100056b8      0x4  IPO_BufMan.o [3]
  .bss                zero     0x100056bc      0x4  IPO_BufMan.o [3]
  .bss                zero     0x100056c0      0x4  IPO_BufMan.o [3]
  .bss                zero     0x100056c4      0x4  IPO_BufMan.o [3]
  .bss                zero     0x100056c8      0x4  IPO_JogPosCtrlTable.o [3]
  .bss                zero     0x100056cc      0x4  IPO_JogPosCtrlTable.o [3]
  .bss                zero     0x100056d0      0x4  IPO_RapidSpeedCtrlTable.o [3]
  .bss                zero     0x100056d4      0x4  IPO_RapidSpeedCtrlTable.o [3]
  .bss                zero     0x100056d8      0x4  IPO_Interpolation.o [3]
  .bss                zero     0x100056dc      0x4  IPO_Interpolation.o [3]
  .bss                zero     0x100056e0      0x4  IPO_Interface.o [3]
  .bss                zero     0x100056e4      0x4  IPO_AHB.o [3]
  .bss                zero     0x100056e8      0x4  IPO_AHB.o [3]
  .bss                zero     0x100056ec      0x4  IPO_AHB.o [3]
  .bss                zero     0x100056f0      0x4  IPO_AHB.o [3]
  .bss                zero     0x100056f4      0x4  IPO_AHB.o [3]
  .bss                zero     0x100056f8      0x4  IPO_AHB.o [3]
  .bss                zero     0x100056fc      0x4  IPO_ParmMan.o [3]
  .bss                zero     0x10005700      0x4  IPO_ParmMan.o [3]
  .bss                zero     0x10005704      0x4  IPO_ParmMan.o [3]
  .bss                zero     0x10005708      0x4  IPO_ParmMan.o [3]
  .bss                zero     0x1000570c      0x4  IPO_ParmMan.o [3]
  .bss                zero     0x10005710      0x4  IPO_Interpolation_M4.o [3]
  .bss                zero     0x10005714      0x4  xgetmemchunk.o [4]
  .bss                zero     0x10005718      0x2  CMU_Unpack.o [1]
  .bss                zero     0x1000571a      0x2  CMU_Unpack.o [1]
  .bss                zero     0x1000571c      0x2  CMU_Unpack.o [1]
  .bss                zero     0x1000571e      0x2  CSM_Interface.o [1]
  .bss                zero     0x10005720      0x2  CSM_UserBuf.o [1]
  .bss                zero     0x10005722      0x2  MST_MainCtrl.o [1]
  .bss                zero     0x10005724      0x2  IPO_Interpolation.o [3]
  .bss                zero     0x10005726      0x2  IPO_Interpolation.o [3]
  .bss                zero     0x10005728      0x2  IPO_Interpolation.o [3]
  .bss                zero     0x1000572a      0x2  IPO_JogCtrl.o [3]
  .bss                zero     0x1000572c      0x1  AbstractionLayer.o [1]
  .bss                zero     0x1000572d      0x1  BRD_DEV_Driver.o [1]
  .bss                zero     0x1000572e      0x1  BRD_DEV_Driver.o [1]
  .bss                zero     0x1000572f      0x1  BRD_DEV_Driver.o [1]
  .bss                zero     0x10005730      0x1  BRD_DEV_Driver.o [1]
  .bss                zero     0x10005731      0x1  BRD_DEV_Driver.o [1]
  .bss                zero     0x10005732      0x1  BRD_DEV_Driver.o [1]
  .bss                zero     0x10005733      0x1  CMU_CanInterface.o [1]
  .bss                zero     0x10005734      0x1  CMU_CanInterface.o [1]
  .bss                zero     0x10005735      0x1  CMU_EnetInterface.o [1]
  .bss                zero     0x10005736      0x1  CMU_EnetInterface.o [1]
  .bss                zero     0x10005737      0x1  CMU_PeriodDataMana.o [1]
  .bss                zero     0x10005738      0x1  CMU_PeriodDataMana.o [1]
  .bss                zero     0x10005739      0x1  CMU_PeriodDataMana.o [1]
  .bss                zero     0x1000573a      0x1  CMU_PubFun.o [1]
  .bss                zero     0x1000573b      0x1  CMU_UartInterface.o [1]
  .bss                zero     0x1000573c      0x1  CMU_UartInterface.o [1]
  .bss                zero     0x1000573d      0x1  CMU_UartInterface.o [1]
  .bss                zero     0x1000573e      0x1  CMU_Unpack.o [1]
  .bss                zero     0x1000573f      0x1  CNCSYS_Init.o [1]
  .bss                zero     0x10005740      0x1  DEV_Abstract.o [1]
  .bss                zero     0x10005741      0x1  DEV_Abstract.o [1]
  .bss                zero     0x10005742      0x1  DEV_Abstract.o [1]
  .bss                zero     0x10005743      0x1  DEV_Abstract.o [1]
  .bss                zero     0x10005744      0x1  DEV_Abstract.o [1]
  .bss                zero     0x10005745      0x1  DEV_Abstract.o [1]
  .bss                zero     0x10005746      0x1  HW_Uart.o [1]
  .bss                zero     0x10005747      0x1  MotorCtrl.o [1]
  .bss                zero     0x10005748      0x1  MotorCtrl.o [1]
  .bss                zero     0x10005749      0x1  SysTimer.o [1]
  .bss                zero     0x1000574a      0x1  VM_HwCtrl.o [1]
  CSTACK                       0x10005750    0x800  <Block>
    CSTACK            uninit   0x10005750    0x800  <Block tail>
  HEAP                         0x10005f50   0x1200  <Block>
    HEAP              uninit   0x10005f50   0x1200  <Block tail>
                             - 0x10007150   0x7150


*******************************************************************************
*** INIT TABLE
***

          Address     Size
          -------     ----
Zero (__iar_zero_init3)
    1 destination range, total size 0x55af:
          0x1000019c  0x55af

Copy (__iar_copy_init3)
    1 source range, total size 0x19c:
          0x000000cc   0x19c
    1 destination range, total size 0x19c:
          0x10000000   0x19c



*******************************************************************************
*** MODULE SUMMARY
***

    Module                      ro code  ro data  rw data
    ------                      -------  -------  -------
E:\GitHub\GCP-MulitMCUs\Project\GCP-LPC17XX\Release\Obj: [1]
    AHB_Init.o                       40                 4
    AbstractionLayer.o              476                 5
    BRD_AxisDev.o                   540               124
    BRD_DEV_Driver.o              2 268        8       62
    CMU_CanInterface.o               52                22
    CMU_CmdProcess.o              7 848
    CMU_EnetInterface.o             380        8      414
    CMU_ErrorMana.o                  72
    CMU_ExApi.o                   3 868               576
    CMU_PeriodDataMana.o          2 244               515
    CMU_PubFun.o                    302                 9
    CMU_RcvDataProcess.o            860                76
    CMU_SendDataProcess.o           904                28
    CMU_UartInterface.o             484        8      415
    CMU_Unpack.o                    896       16      143
    CNCSYS_Init.o                 1 048                 1
    CNCSYS_StateMan.o               108                16
    CSM_AutoCtrl.o                1 684
    CSM_AxisMotion.o              2 248
    CSM_AxisStateMan.o              704
    CSM_CircleDataProcess.o       2 696
    CSM_CrdSysState.o             3 040
    CSM_Interface.o                 480               166
    CSM_MainCtrl.o                2 218               332
    CSM_ParmMan.o                   536                48
    CSM_ProgBuf.o                 1 224                40
    CSM_UserBuf.o                   820                38
    CSM_UserProgData.o            1 252
    CSM_Version.o                    88        8
    CoreCtrl.o                       32                16
    DEV_Abstract.o                5 076               934
    ECM_ErrorCodeMan.o              384                88
    GPIO_Man.o                    1 396       16      672
    HAL_Delay.o                      10
    HAL_Gpio.o                      106
    HAL_IRQHandler.o                 24
    HAL_Pwm.o                        60
    HAL_PwmCount.o                  146
    HAL_SysCtrl.o                     8
    HAL_SysTick.o                    20
    HAL_Uart.o                      116
    HW_Gpio.o                       344
    HW_IRQHandler.o               1 176        2      428
    HW_SysCtrl.o                    104        8
    HW_SysTick.o                    192        4        8
    HW_TimeDelay.o                   72                 4
    HW_TimeInput.o                  584       52
    HW_TimeOutput.o                 648       80
    HW_Uart.o                     1 400       24    4 197
    IRQ_Man.o                        24
    MST_Interface.o                  32                20
    MST_MCode.o                     804             1 368
    MST_MainCtrl.o                  708                18
    MST_TCode.o                      92               400
    Main.o                           20
    MotorCtrl.o                     452                42
    PWM_MotorCtrl.o                 664       32       80
    SPM_ParmCheck.o                 648
    SPM_SysCtrlParm.o             2 816                20
    SYS_CmuConfig.o                 968             3 840
    SYS_CncConfig.o                  24
    SYS_Ctrl.o                       96       24
    SYS_Init.o                       56
    SysTimer.o                      182                 1
    UART.o                          112
    VD_MachineIO.o                           224      224
    VM_HwCtrl.o                     972       24       61
    VM_MainProc.o                    92
    VM_MotorCtrl.o                  624        4       12
    VM_StateMan.o                    16                12
    chip_17xx_40xx.o                 16                 4
    clock_17xx_40xx.o               580
    gpdma_17xx_40xx.o             1 104      144      104
    iar_startup_LPC17xx.o           256
    iocon_17xx_40xx.o               160
    ring_buffer.o                   312
    ritimer_17xx_40xx.o              30
    sysinit.o                        24
    sysinit_17xx_40xx.o             192
    timer_17xx_40xx.o               166
    uart_17xx_40xx.o                440
    -----------------------------------------------------
    Total:                       63 960      686   15 587

command line: [2]
    -----------------------------------------------------
    Total:

IPO-LIB-17XX.a: [3]
    IPO_AHB.o                        98                24
    IPO_AssistantFun.o              948
    IPO_AutoCtrl.o                1 420
    IPO_AutoCtrl_M4.o            11 016
    IPO_AutoDataPrepare.o           960
    IPO_AxisStateMan.o              216
    IPO_BufMan.o                    816                44
    IPO_Calculate.o               1 920
    IPO_Interface.o                  40                64
    IPO_Interpolation.o           3 588               406
    IPO_Interpolation_M4.o          716             3 948
    IPO_JogCtrl.o                 3 264               306
    IPO_JogCtrl_M4.o              5 900               384
    IPO_JogPosCtrlTable.o         2 184               136
    IPO_Lookahead.o               2 468               440
    IPO_MotionDataPreprocess.o    4 668               264
    IPO_ParmMan.o                   676               100
    IPO_PosCtrlMotion.o          11 436
    IPO_RapidSpeedCtrlTable.o     2 216               136
    IPO_SpeedCtrlMotion.o         3 088
    IPO_StateMan.o                3 296
    IPO_Version.o                    84        8
    -----------------------------------------------------
    Total:                       61 018        8    6 252

dl7M_tln.a: [4]
    abort.o                           6
    abs.o                             8
    dlmalloc.o                    5 360               496
    errno.o                          12        4        4
    exit.o                            4
    xgetmemchunk.o                   44                 4
    xtls.o                            2
    -----------------------------------------------------
    Total:                        5 436        4      504

m7M_tl.a: [5]
    DblAdd.o                        232
    DblCmpEq.o                       32
    DblCmpGe.o                       46
    DblCmpLe.o                       46
    DblDiv.o                        598
    DblMul.o                        418
    DblSub.o                        384
    DblToFlt.o                      144
    DblToI32.o                       88
    FltAdd.o                        132
    FltCmpEq.o                       28
    FltCmpGe.o                       36
    FltCmpLe.o                       36
    FltDiv.o                        252
    FltMul.o                        216
    FltSub.o                        230
    FltToDbl.o                       78
    FltToS32.o                       68
    FltToU32.o                       36
    I32ToDbl.o                       48
    I32ToFlt.o                       50
    acos.o                          232
    asin.o                          246
    atan2.o                         204
    cos.o                             6
    fmod.o                          424
    pow.o                         2 128
    sin.o                             6
    sqrt.o                          240
    xatan.o                         480
    xdint.o                         122
    xdnorm.o                         66
    xdscale.o                       268
    xdtest.o                         50
    xexp.o                          700
    xlog.o                          172
    xquad.o                         352
    xsin.o                        1 062
    -----------------------------------------------------
    Total:                        9 956

rt7M_tl.a: [6]
    ABImemclr4.o                      6
    ABImemcpy_unaligned.o           118
    ABImemset.o                     102
    ABImemset48.o                    50
    cexit.o                          10
    cmain.o                          26
    copy_init3.o                     44
    cstartup_M.o                     12
    data_init.o                      40
    iarEdom.o                        12
    memcmp_unaligned.o               98
    zero_init3.o                     64
    -----------------------------------------------------
    Total:                          582

shb_l.a: [7]
    exit.o                           20
    -----------------------------------------------------
    Total:                           20

    Gaps                             52        2        4
    Linker created                            36    6 656
---------------------------------------------------------
    Grand Total:                141 024      736   29 003


*******************************************************************************
*** ENTRY LIST
***

Entry                      Address    Size  Type      Object
-----                      -------    ----  ----      ------
.iar.init_table$$Base   0x000228cc           --   Gb  - Linker created -
.iar.init_table$$Limit  0x000228f0           --   Gb  - Linker created -
?main                   0x00022911          Code  Gb  cmain.o [6]
ADC_IRQHandler          0x0001ec53     0xa  Code  Gb  HW_IRQHandler.o [1]
ADDA_SetDAStatus        0x000169b3    0x54  Code  Gb  DEV_Abstract.o [1]
AHB_Init                0x000216b9    0x28  Code  Gb  AHB_Init.o [1]
AXIS_CountCallBack      0x0001d813    0x24  Code  Gb  MotorCtrl.o [1]
AXIS_Init               0x0001d7d5    0x3e  Code  Gb  MotorCtrl.o [1]
Adda_CmdProcess         0x00011455    0x74  Code  Gb  CMU_CmdProcess.o [1]
Adda_NomalGetCmdProcess
                        0x0001140d    0x48  Code  Gb  CMU_CmdProcess.o [1]
Adda_NomalSetCmdProcess
                        0x000113af    0x58  Code  Gb  CMU_CmdProcess.o [1]
ArcCCmdTranslate        0x0000fcb7    0x56  Code  Gb  CMU_CmdProcess.o [1]
ArcPTCmdTranslate       0x0000fd61    0x42  Code  Gb  CMU_CmdProcess.o [1]
ArcRCmdTranslate        0x0000fd0d    0x54  Code  Gb  CMU_CmdProcess.o [1]
AxisPosCtrlMotionFun    0x00012783     0x6  Code  Gb  CMU_ExApi.o [1]
AxisSpeedCtrlMotionFun  0x00012789     0x6  Code  Gb  CMU_ExApi.o [1]
BOD_IRQHandler          0x0001ec5d     0xa  Code  Gb  HW_IRQHandler.o [1]
BRD_AxisGetAxisState    0x0001d6c1    0x6c  Code  Gb  BRD_AxisDev.o [1]
BRD_AxisInit            0x0001d5b9   0x108  Code  Gb  BRD_AxisDev.o [1]
BRD_AxisSetAxisParm     0x0001d72d    0x10  Code  Gb  BRD_AxisDev.o [1]
BRD_AxisSetCmd          0x0001d785    0x50  Code  Gb  BRD_AxisDev.o [1]
BRD_AxisSetFeed         0x0001d76f    0x16  Code  Gb  BRD_AxisDev.o [1]
BRD_AxisSetSysCtrlParm  0x0001d759    0x16  Code  Gb  BRD_AxisDev.o [1]
BRD_DEV_AsynCycleService
                        0x0001d4bf     0x4  Code  Gb  BRD_DEV_Driver.o [1]
BRD_DEV_BusInit         0x0001ccdd   0x32c  Code  Gb  BRD_DEV_Driver.o [1]
BRD_DEV_CheckFree       0x0001d359    0x1a  Code  Gb  BRD_DEV_Driver.o [1]
BRD_DEV_CheckLastCmdExeState
                        0x0001d3b7    0x14  Code  Gb  BRD_DEV_Driver.o [1]
BRD_DEV_GetBusDriver    0x0001d4e1    0x4e  Code  Gb  BRD_DEV_Driver.o [1]
BRD_DEV_GetDriverVersion
                        0x0001d4cf    0x12  Code  Gb  BRD_DEV_Driver.o [1]
BRD_DEV_GetSvParm       0x0001d4c3     0x6  Code  Gb  BRD_DEV_Driver.o [1]
BRD_DEV_GetVersion      0x0001d4c9     0x6  Code  Gb  BRD_DEV_Driver.o [1]
BRD_DEV_IsBusFree       0x0001d373    0x10  Code  Gb  BRD_DEV_Driver.o [1]
BRD_DEV_LockForIPO      0x0001d383    0x34  Code  Gb  BRD_DEV_Driver.o [1]
BRD_DEV_Scan            0x0001d18f    0x44  Code  Gb  BRD_DEV_Driver.o [1]
BRD_DEV_SendFeed        0x0001d1d3    0x66  Code  Gb  BRD_DEV_Driver.o [1]
BRD_DEV_SetAxisParmReadAddr
                        0x0001d169     0x8  Code  Gb  BRD_DEV_Driver.o [1]
BRD_DEV_SetCmd          0x0001d239   0x120  Code  Gb  BRD_DEV_Driver.o [1]
BRD_DEV_SetConfig       0x0001d009   0x160  Code  Gb  BRD_DEV_Driver.o [1]
BRD_DEV_SetDeviceInfoAddr
                        0x0001d179     0xe  Code  Gb  BRD_DEV_Driver.o [1]
BRD_DEV_SetDeviceStateAddr
                        0x0001d187     0x8  Code  Gb  BRD_DEV_Driver.o [1]
BRD_DEV_SetParm         0x0001d3cb    0x62  Code  Gb  BRD_DEV_Driver.o [1]
BRD_DEV_SetSysCtrlParmReadAddr
                        0x0001d171     0x8  Code  Gb  BRD_DEV_Driver.o [1]
BRD_DEV_SynCycleService
                        0x0001d42d    0x92  Code  Gb  BRD_DEV_Driver.o [1]
Board_SystemInit        0x0002264b    0x1a  Code  Gb  HW_SysCtrl.o [1]
CANActivity_IRQHandler  0x0001ecf5     0xc  Code  Gb  HW_IRQHandler.o [1]
CAN_IRQHandler          0x0001ec71     0xa  Code  Gb  HW_IRQHandler.o [1]
CMU_AddInqRecord        0x00011b05   0x16a  Code  Gb  CMU_PeriodDataMana.o [1]
CMU_AddToSendCtrlData   0x00011805    0x44  Code  Gb  CMU_SendDataProcess.o [1]
CMU_CAN_CheckInterfaceValid
                        0x00013999     0x6  Code  Gb  CMU_CanInterface.o [1]
CMU_CAN_Close           0x000139af    0x10  Code  Gb  CMU_CanInterface.o [1]
CMU_CAN_Open            0x0001399f    0x10  Code  Gb  CMU_CanInterface.o [1]
CMU_CheckSendBufFreeSize
                        0x000117cf    0x12  Code  Gb  CMU_SendDataProcess.o [1]
CMU_CmdProcess          0x00011663    0xd2  Code  Gb  CMU_CmdProcess.o [1]
CMU_CreateError         0x000124c7    0x48  Code  Gb  CMU_ErrorMana.o [1]
CMU_ENET_CheckInterfaceValid
                        0x000139cd     0x6  Code  Gb  CMU_EnetInterface.o [1]
CMU_ENET_Close          0x000139df     0xc  Code  Gb  CMU_EnetInterface.o [1]
CMU_ENET_GetPack        0x00013a25    0x2c  Code  Gb  CMU_EnetInterface.o [1]
CMU_ENET_Open           0x000139d3     0xc  Code  Gb  CMU_EnetInterface.o [1]
CMU_ENET_RecvHandler    0x000139eb    0x3a  Code  Gb  CMU_EnetInterface.o [1]
CMU_ENET_SendPack       0x00013a51    0xc6  Code  Gb  CMU_EnetInterface.o [1]
CMU_GetSendBufAddr      0x000117e1    0x24  Code  Gb  CMU_SendDataProcess.o [1]
CMU_Init                0x00012417    0x44  Code  Gb  CMU_PubFun.o [1]
CMU_InitExApi           0x000128dd   0xbe2  Code  Gb  CMU_ExApi.o [1]
CMU_InitRecCtrlData     0x0001363d    0x64  Code  Gb  CMU_RcvDataProcess.o [1]
CMU_IsSendFinished      0x00011745    0x12  Code  Gb  CMU_SendDataProcess.o [1]
CMU_MainProc            0x0001245b    0x5a  Code  Gb  CMU_PubFun.o [1]
CMU_MainRcvProc         0x00013903    0x82  Code  Gb  CMU_RcvDataProcess.o [1]
CMU_MainSendProc        0x00011883   0x23e  Code  Gb  CMU_SendDataProcess.o [1]
CMU_Malloc              0x000123b1    0x66  Code  Gb  CMU_PubFun.o [1]
CMU_PeriodDataManaInit  0x00011acd    0x30  Code  Gb  CMU_PeriodDataMana.o [1]
CMU_PeriodSendSwitch    0x00011afd     0x8  Code  Gb  CMU_PeriodDataMana.o [1]
CMU_RecvHardwareBuff    0x00013d33    0x14  Code  Lc  CMU_Unpack.o [1]
CMU_RecvNullEntry       0x00013d2d     0x6  Code  Lc  CMU_Unpack.o [1]
CMU_ResetSendCtrlData   0x00011757    0x78  Code  Gb  CMU_SendDataProcess.o [1]
CMU_SendPeriodDataProc  0x00012327    0x54  Code  Gb  CMU_PeriodDataMana.o [1]
CMU_SendResponsePack    0x00011849    0x3a  Code  Gb  CMU_SendDataProcess.o [1]
CMU_SetComType          0x000124c1     0x6  Code  Gb  CMU_PubFun.o [1]
CMU_SetExternCustomFun  0x000134db    0x4a  Code  Gb  CMU_ExApi.o [1]
CMU_SetExternFun        0x000134c5    0x16  Code  Gb  CMU_ExApi.o [1]
CMU_SetRSBufAddr        0x00012399    0x18  Code  Gb  CMU_PubFun.o [1]
CMU_SetUnpackRecvInterface
                        0x00013d47    0x16  Code  Gb  CMU_Unpack.o [1]
CMU_UART_CheckInterfaceValid
                        0x00013b9d     0x6  Code  Gb  CMU_UartInterface.o [1]
CMU_UART_Close          0x00013bb3    0x10  Code  Gb  CMU_UartInterface.o [1]
CMU_UART_GetPack        0x00013bfd    0x2c  Code  Gb  CMU_UartInterface.o [1]
CMU_UART_Open           0x00013ba3    0x10  Code  Gb  CMU_UartInterface.o [1]
CMU_UART_RecvHandler    0x00013bc3    0x3a  Code  Gb  CMU_UartInterface.o [1]
CMU_UART_SendPack       0x00013c29    0xca  Code  Gb  CMU_UartInterface.o [1]
CMU_UART_SetInterface   0x00013b6b    0x32  Code  Gb  CMU_UartInterface.o [1]
CMU_UART_UnpackRecvAdapt
                        0x00013b49    0x22  Code  Lc  CMU_UartInterface.o [1]
CMU_UnPack              0x00013d5d   0x32c  Code  Gb  CMU_Unpack.o [1]
CNCSYS_ClrAlarmBit      0x0001aea9     0xc  Code  Gb  CNCSYS_StateMan.o [1]
CNCSYS_ClrStatusBit     0x0001aedf     0xc  Code  Gb  CNCSYS_StateMan.o [1]
CNCSYS_GetAlarmBit      0x0001aeb5    0x12  Code  Gb  CNCSYS_StateMan.o [1]
CNCSYS_GetAlarmStatus   0x0001aec7     0x6  Code  Gb  CNCSYS_StateMan.o [1]
CNCSYS_GetStateReadAddr
                        0x0001ae99     0x4  Code  Gb  CNCSYS_StateMan.o [1]
CNCSYS_GetSysStatus     0x0001aecd     0x6  Code  Gb  CNCSYS_StateMan.o [1]
CNCSYS_IPOInSysTick     0x00020db5    0x1a  Code  Gb  CNCSYS_Init.o [1]
CNCSYS_Init             0x00021023    0x64  Code  Gb  CNCSYS_Init.o [1]
CNCSYS_InitStateData    0x0001ae85    0x14  Code  Gb  CNCSYS_StateMan.o [1]
CNCSYS_MainCtrl         0x00021161    0x6c  Code  Gb  CNCSYS_Init.o [1]
CNCSYS_SetAlarmBit      0x0001ae9d     0xc  Code  Gb  CNCSYS_StateMan.o [1]
CNCSYS_SetStatusBit     0x0001aed3     0xc  Code  Gb  CNCSYS_StateMan.o [1]
COM_AL_GetComType       0x000125e3     0x6  Code  Gb  AbstractionLayer.o [1]
COM_AL_GetMaxSendLen    0x0001266f    0x2a  Code  Gb  AbstractionLayer.o [1]
COM_AL_GetMaxSendPacks  0x00012699    0x22  Code  Gb  AbstractionLayer.o [1]
COM_AL_GetPack          0x000125e9    0x44  Code  Gb  AbstractionLayer.o [1]
COM_AL_Init             0x00012511     0xe  Code  Gb  AbstractionLayer.o [1]
COM_AL_Open             0x0001251f    0xc4  Code  Gb  AbstractionLayer.o [1]
COM_AL_RcvHandle        0x000126bb    0x28  Code  Gb  AbstractionLayer.o [1]
COM_AL_SendPack         0x0001262d    0x42  Code  Gb  AbstractionLayer.o [1]
COM_PL_PackDataProc     0x000137f1   0x112  Code  Gb  CMU_RcvDataProcess.o [1]
COM_PL_ResetRcvCtrlData
                        0x000136a1    0x3e  Code  Gb  CMU_RcvDataProcess.o [1]
COM_PL_SavePackToRcvCtrlData
                        0x0001377b    0x76  Code  Gb  CMU_RcvDataProcess.o [1]
COM_PL_WaitForProcResult
                        0x000136df    0x9c  Code  Gb  CMU_RcvDataProcess.o [1]
CRP_Value               0x000000cd          Code  Gb  iar_startup_LPC17xx.o [1]
CSM_AddProgDataToBuf    0x00019ea9    0xb8  Code  Gb  CSM_ProgBuf.o [1]
CSM_AddUserDataToBuf    0x0001b0d5    0xce  Code  Gb  CSM_UserBuf.o [1]
CSM_AllChProgEStop      0x000192b3     0xe  Code  Gb  CSM_CrdSysState.o [1]
CSM_AutoMainCtrl        0x0001be73   0x2f8  Code  Gb  CSM_AutoCtrl.o [1]
CSM_AxisJogEStop        0x0001fcab    0x48  Code  Gb  CSM_AxisMotion.o [1]
CSM_CheckAxisAlarm      0x00018eef    0x42  Code  Gb  CSM_CrdSysState.o [1]
CSM_CheckCrdSysFree     0x00018b7d    0x1a  Code  Gb  CSM_CrdSysState.o [1]
CSM_CheckCrdSysInterrelation
                        0x0001985d    0x12  Code  Gb  CSM_ParmMan.o [1]
CSM_CheckCurLineGCodeExeFinish
                        0x0001bb61    0x64  Code  Gb  CSM_AutoCtrl.o [1]
CSM_CheckGCodeExeFinish
                        0x0001baed    0x74  Code  Gb  CSM_AutoCtrl.o [1]
CSM_CheckGCodeExist     0x0001bbc5    0x18  Code  Gb  CSM_AutoCtrl.o [1]
CSM_CheckMotorReadyForJog
                        0x0001f7a1   0x190  Code  Gb  CSM_AxisMotion.o [1]
CSM_CheckProgDataVaild  0x0001bbdd    0x3c  Code  Gb  CSM_AutoCtrl.o [1]
CSM_CheckResetState     0x00018c65    0x1a  Code  Gb  CSM_CrdSysState.o [1]
CSM_CheckSysFree        0x00018b97    0x20  Code  Gb  CSM_CrdSysState.o [1]
CSM_CircleDataProcess   0x0001cbad    0x5c  Code  Gb  CSM_CircleDataProcess.o [1]
CSM_CircleDataProcess_CenterPT
                        0x0001c9cb   0x1ac  Code  Gb  CSM_CircleDataProcess.o [1]
CSM_CircleDataProcess_Radius
                        0x0001c75f   0x26c  Code  Gb  CSM_CircleDataProcess.o [1]
CSM_CircleDataProcess_ThreePT
                        0x0001c181   0x5de  Code  Gb  CSM_CircleDataProcess.o [1]
CSM_ClearProgData       0x00019dbd    0xac  Code  Gb  CSM_ProgBuf.o [1]
CSM_ClearProgExeState   0x00019595    0x54  Code  Gb  CSM_CrdSysState.o [1]
CSM_ClearUserData       0x0001b065    0x30  Code  Gb  CSM_UserBuf.o [1]
CSM_EnableSingleSegmentMode
                        0x00018e2b    0xc4  Code  Gb  CSM_CrdSysState.o [1]
CSM_EnableVerify        0x00018d75    0xb6  Code  Gb  CSM_CrdSysState.o [1]
CSM_GetAllCrdSysMask    0x0001986f    0x1c  Code  Gb  CSM_ParmMan.o [1]
CSM_GetAxisCmdPos       0x00019997    0x24  Code  Gb  CSM_AxisStateMan.o [1]
CSM_GetAxisMapMotorMask
                        0x000198c5    0x34  Code  Gb  CSM_ParmMan.o [1]
CSM_GetAxisMapMotorNO   0x00019899    0x2c  Code  Gb  CSM_ParmMan.o [1]
CSM_GetAxisStateData    0x00019975    0x22  Code  Gb  CSM_AxisStateMan.o [1]
CSM_GetCrdSysAxisCount  0x0001988b     0xe  Code  Gb  CSM_ParmMan.o [1]
CSM_GetCrdSysCount      0x00019855     0x8  Code  Gb  CSM_ParmMan.o [1]
CSM_GetCrdSysStateReadAddr
                        0x00019731     0xa  Code  Gb  CSM_CrdSysState.o [1]
CSM_GetCtrlMode         0x00018d25    0x14  Code  Gb  CSM_CrdSysState.o [1]
CSM_GetMotorMapCrdSysIndex
                        0x000198f9    0x60  Code  Gb  CSM_ParmMan.o [1]
CSM_GetProgBufStateReadAddr
                        0x0001a0cd     0xa  Code  Gb  CSM_ProgBuf.o [1]
CSM_GetProgBufStatus    0x0001a04d     0xc  Code  Gb  CSM_ProgBuf.o [1]
CSM_GetProgData         0x00019f61    0x90  Code  Gb  CSM_ProgBuf.o [1]
CSM_GetUserBufStateReadAddr
                        0x0001b201     0xa  Code  Gb  CSM_UserBuf.o [1]
CSM_GetVersion          0x0002273d    0x58  Code  Gb  CSM_Version.o [1]
CSM_InitCrdSysMotorIndex
                        0x0001979b    0xba  Code  Gb  CSM_ParmMan.o [1]
CSM_InitData            0x0001b241    0xd0  Code  Gb  CSM_MainCtrl.o [1]
CSM_InitInterface       0x000214d9   0x1e0  Code  Gb  CSM_Interface.o [1]
CSM_InitProgBuf         0x00019c43    0xf8  Code  Gb  CSM_ProgBuf.o [1]
CSM_InitUserBuf         0x0001aeff    0xde  Code  Gb  CSM_UserBuf.o [1]
CSM_MainCtrl            0x0001ba8b    0x60  Code  Gb  CSM_MainCtrl.o [1]
CSM_MonitorAxisAlarm    0x0001ba5d    0x2e  Code  Gb  CSM_MainCtrl.o [1]
CSM_MonitorCrdSysAlarm  0x0001ba0b    0x32  Code  Gb  CSM_MainCtrl.o [1]
CSM_MonitorSysAlarm     0x0001b319    0x1c  Code  Gb  CSM_MainCtrl.o [1]
CSM_MotorJogEStop       0x0002003d    0x12  Code  Gb  CSM_AxisMotion.o [1]
CSM_ParmManInit         0x00019773    0x28  Code  Gb  CSM_ParmMan.o [1]
CSM_ProcessCtrlStatus   0x0001b335   0x482  Code  Gb  CSM_MainCtrl.o [1]
CSM_ProcessGCode        0x0001bc19   0x25a  Code  Gb  CSM_AutoCtrl.o [1]
CSM_ProgArcC            0x00020b01    0xea  Code  Gb  CSM_UserProgData.o [1]
CSM_ProgArcPT           0x00020ccf    0xda  Code  Gb  CSM_UserProgData.o [1]
CSM_ProgArcR            0x00020beb    0xe4  Code  Gb  CSM_UserProgData.o [1]
CSM_ProgBCode           0x00020989    0x2e  Code  Gb  CSM_UserProgData.o [1]
CSM_ProgCancel          0x000195e9   0x122  Code  Gb  CSM_CrdSysState.o [1]
CSM_ProgDwell           0x000208d1    0x30  Code  Gb  CSM_UserProgData.o [1]
CSM_ProgEStop           0x000192c1    0xde  Code  Gb  CSM_CrdSysState.o [1]
CSM_ProgHold            0x0001949d    0xf8  Code  Gb  CSM_CrdSysState.o [1]
CSM_ProgIOCode          0x000209b7    0x46  Code  Gb  CSM_UserProgData.o [1]
CSM_ProgLine            0x00020a7d    0x84  Code  Gb  CSM_UserProgData.o [1]
CSM_ProgMCode           0x00020901    0x2c  Code  Gb  CSM_UserProgData.o [1]
CSM_ProgRapid           0x000209fd    0x80  Code  Gb  CSM_UserProgData.o [1]
CSM_ProgRun             0x00018f31   0x266  Code  Gb  CSM_CrdSysState.o [1]
CSM_ProgSCode           0x0002092d    0x2e  Code  Gb  CSM_UserProgData.o [1]
CSM_ProgSegmentEndStop  0x0001939f    0xfe  Code  Gb  CSM_CrdSysState.o [1]
CSM_ProgStop            0x00019197   0x11c  Code  Gb  CSM_CrdSysState.o [1]
CSM_ProgTCode           0x0002095b    0x2e  Code  Gb  CSM_UserProgData.o [1]
CSM_ReleaseProgData     0x00019ff1    0x5c  Code  Gb  CSM_ProgBuf.o [1]
CSM_Reset               0x00018bb7    0xae  Code  Gb  CSM_CrdSysState.o [1]
CSM_SetAxisJogStop      0x0001fc09    0xa2  Code  Gb  CSM_AxisMotion.o [1]
CSM_SetAxisPosCtrlMotion
                        0x0001f931   0x16c  Code  Gb  CSM_AxisMotion.o [1]
CSM_SetAxisSpeedCtrlMotion
                        0x0001fa9d   0x16c  Code  Gb  CSM_AxisMotion.o [1]
CSM_SetCrdSysAlarmBit   0x0001970b    0x1c  Code  Gb  CSM_CrdSysState.o [1]
CSM_SetCtrlMode         0x00018c7f    0xa6  Code  Gb  CSM_CrdSysState.o [1]
CSM_SetFeedOverride     0x00018d39    0x14  Code  Gb  CSM_CrdSysState.o [1]
CSM_SetMotorJogStop     0x0001ff7f    0xbe  Code  Gb  CSM_AxisMotion.o [1]
CSM_SetMotorPosCtrlMotion
                        0x0001fcf3   0x152  Code  Gb  CSM_AxisMotion.o [1]
CSM_SetMotorSpeedCtrlMotion
                        0x0001fe45   0x13a  Code  Gb  CSM_AxisMotion.o [1]
CSM_SetProgBufAddr      0x00019c35     0xe  Code  Gb  CSM_ProgBuf.o [1]
CSM_SetProgBufMode      0x00019d3b    0x82  Code  Gb  CSM_ProgBuf.o [1]
CSM_SetRapidOverride    0x00018d4d    0x14  Code  Gb  CSM_CrdSysState.o [1]
CSM_SetSpindleOverride  0x00018d61    0x14  Code  Gb  CSM_CrdSysState.o [1]
CSM_SetSysParmReadAddr  0x0001975d    0x16  Code  Gb  CSM_ParmMan.o [1]
CSM_SetUserBufAddr      0x0001aef1     0xe  Code  Gb  CSM_UserBuf.o [1]
CSM_SetUserBufMode      0x0001afdd    0x88  Code  Gb  CSM_UserBuf.o [1]
CSM_SpindleRun          0x0001973b     0x6  Code  Gb  CSM_CrdSysState.o [1]
CSM_SpindleStop         0x00019741     0x6  Code  Gb  CSM_CrdSysState.o [1]
CSM_UpdateCrdSysAxisMapTable
                        0x0001b311     0x8  Code  Gb  CSM_MainCtrl.o [1]
CSM_UpdateIPOState      0x0001b7ed   0x21e  Code  Gb  CSM_MainCtrl.o [1]
CSM_UpdateMSTState      0x0001b7b7    0x36  Code  Gb  CSM_MainCtrl.o [1]
CSM_UpdateProgBufUseStatus
                        0x00019e69    0x40  Code  Gb  CSM_ProgBuf.o [1]
CSM_UpdateUserBufUseStatus
                        0x0001b095    0x40  Code  Gb  CSM_UserBuf.o [1]
CSM_UploadProgData      0x0001a059    0x74  Code  Gb  CSM_ProgBuf.o [1]
CSM_UploadUserData      0x0001b1a3    0x5e  Code  Gb  CSM_UserBuf.o [1]
CSTACK$$Base            0x10005750           --   Gb  - Linker created -
CSTACK$$Limit           0x10005f50           --   Gb  - Linker created -
ChannelHandlerArray     0x100055f4     0x8  Data  Lc  gpdma_17xx_40xx.o [1]
Chip_Clock_DisablePLL   0x0001f04d    0x24  Code  Gb  clock_17xx_40xx.o [1]
Chip_Clock_EnableCrystal
                        0x0002257d     0xe  Code  Lc  sysinit_17xx_40xx.o [1]
Chip_Clock_EnablePLL    0x0001f029    0x24  Code  Gb  clock_17xx_40xx.o [1]
Chip_Clock_EnablePeriphClock
                        0x0001f0ab    0x12  Code  Gb  clock_17xx_40xx.o [1]
Chip_Clock_FeedPLL      0x0001efed    0x1a  Code  Lc  clock_17xx_40xx.o [1]
Chip_Clock_GetCPUClockDiv
                        0x0001f0dd     0xa  Code  Gb  clock_17xx_40xx.o [1]
Chip_Clock_GetCPUClockSource
                        0x0001f0bd    0x1a  Code  Gb  clock_17xx_40xx.o [1]
Chip_Clock_GetIntOscRate
                        0x0001f017     0x4  Code  Lc  clock_17xx_40xx.o [1]
Chip_Clock_GetMainClockRate
                        0x0001f1d1    0x1e  Code  Gb  clock_17xx_40xx.o [1]
Chip_Clock_GetMainOscRate
                        0x0001f011     0x6  Code  Lc  clock_17xx_40xx.o [1]
Chip_Clock_GetMainPLLInClockRate
                        0x0001f021     0x8  Code  Lc  clock_17xx_40xx.o [1]
Chip_Clock_GetMainPLLOutClockRate
                        0x0001f173    0x36  Code  Gb  clock_17xx_40xx.o [1]
Chip_Clock_GetMainPLLSource
                        0x0001f007     0xa  Code  Lc  clock_17xx_40xx.o [1]
Chip_Clock_GetPCLKDiv   0x0001f0e7    0x64  Code  Gb  clock_17xx_40xx.o [1]
Chip_Clock_GetPeripheralClockRate
                        0x0001f201    0x18  Code  Gb  clock_17xx_40xx.o [1]
Chip_Clock_GetRTCOscRate
                        0x0001f01b     0x6  Code  Lc  clock_17xx_40xx.o [1]
Chip_Clock_GetSYSCLKRate
                        0x0001f14b    0x28  Code  Gb  clock_17xx_40xx.o [1]
Chip_Clock_GetSystemClockRate
                        0x0001f1ef    0x12  Code  Gb  clock_17xx_40xx.o [1]
Chip_Clock_IsCrystalEnabled
                        0x0002258b     0xc  Code  Lc  sysinit_17xx_40xx.o [1]
Chip_Clock_IsMainPLLConnected
                        0x0001efe1     0xc  Code  Lc  clock_17xx_40xx.o [1]
Chip_Clock_IsMainPLLConnected
                        0x00022571     0xc  Code  Lc  sysinit_17xx_40xx.o [1]
Chip_Clock_IsMainPLLEnabled
                        0x0001efd5     0xc  Code  Lc  clock_17xx_40xx.o [1]
Chip_Clock_IsMainPLLEnabled
                        0x00022559     0xc  Code  Lc  sysinit_17xx_40xx.o [1]
Chip_Clock_IsMainPLLLocked
                        0x00022565     0xc  Code  Lc  sysinit_17xx_40xx.o [1]
Chip_Clock_SetCPUClockDiv
                        0x0001f0d7     0x6  Code  Gb  clock_17xx_40xx.o [1]
Chip_Clock_SetMainPLLSource
                        0x00022597     0x8  Code  Lc  sysinit_17xx_40xx.o [1]
Chip_Clock_SetupPLL     0x0001f071    0x3a  Code  Gb  clock_17xx_40xx.o [1]
Chip_GPDMA_ChannelCmd   0x0001f529    0x2a  Code  Gb  gpdma_17xx_40xx.o [1]
Chip_GPDMA_ClearIntPending
                        0x0001f50f    0x1a  Code  Gb  gpdma_17xx_40xx.o [1]
Chip_GPDMA_GetFreeChannel
                        0x0001f611    0x42  Code  Gb  gpdma_17xx_40xx.o [1]
Chip_GPDMA_Init         0x0001f3bf    0x46  Code  Gb  gpdma_17xx_40xx.o [1]
Chip_GPDMA_InitChannelCfg
                        0x0001f405    0xa2  Code  Gb  gpdma_17xx_40xx.o [1]
Chip_GPDMA_IntGetStatus
                        0x0001f4a7    0x68  Code  Gb  gpdma_17xx_40xx.o [1]
Chip_GPDMA_Transfer     0x0001f553    0xbe  Code  Gb  gpdma_17xx_40xx.o [1]
Chip_GPIOINT_ClearIntStatus
                        0x0001e899     0xe  Code  Lc  HW_IRQHandler.o [1]
Chip_GPIOINT_GetStatusFalling
                        0x0001e87d     0xe  Code  Lc  HW_IRQHandler.o [1]
Chip_GPIOINT_GetStatusRising
                        0x0001e88b     0xe  Code  Lc  HW_IRQHandler.o [1]
Chip_GPIOINT_IsIntPending
                        0x0001e8a7     0xa  Code  Lc  HW_IRQHandler.o [1]
Chip_GPIO_GetPinState   0x0001ed87    0x10  Code  Lc  HW_Gpio.o [1]
Chip_GPIO_Init          0x0002263f     0xc  Code  Lc  HW_SysCtrl.o [1]
Chip_GPIO_SetPinDIRInput
                        0x0001edaf    0x18  Code  Lc  HW_Gpio.o [1]
Chip_GPIO_SetPinDIROutput
                        0x0001ed97    0x18  Code  Lc  HW_Gpio.o [1]
Chip_GPIO_SetPinState   0x0001ed4d    0x3a  Code  Lc  HW_Gpio.o [1]
Chip_IOCON_DisableOD    0x0001ed31    0x1c  Code  Lc  HW_Gpio.o [1]
Chip_IOCON_EnableOD     0x0001ed15    0x1c  Code  Lc  HW_Gpio.o [1]
Chip_IOCON_Init         0x00022633     0xc  Code  Lc  HW_SysCtrl.o [1]
Chip_IOCON_PinMux       0x0001eead    0x7e  Code  Gb  iocon_17xx_40xx.o [1]
Chip_IOCON_PinMuxSet    0x0001ee8b    0x22  Code  Gb  iocon_17xx_40xx.o [1]
Chip_RIT_Disable        0x0001f729     0xa  Code  Lc  HW_TimeDelay.o [1]
Chip_RIT_EnableCTRL     0x0001f733     0x8  Code  Lc  HW_TimeDelay.o [1]
Chip_RIT_Init           0x0001f781    0x1e  Code  Gb  ritimer_17xx_40xx.o [1]
Chip_SetupXtalClocking  0x000225ad    0x6c  Code  Gb  sysinit_17xx_40xx.o [1]
Chip_TIMER_ClearMatch   0x0001e3e3     0x8  Code  Lc  HW_TimeInput.o [1]
Chip_TIMER_Disable      0x0001e3f5     0xa  Code  Lc  HW_TimeInput.o [1]
Chip_TIMER_Disable      0x0001e5ff     0xa  Code  Lc  HW_TimeOutput.o [1]
Chip_TIMER_Enable       0x0001e3eb     0xa  Code  Lc  HW_TimeInput.o [1]
Chip_TIMER_Enable       0x0001e5f5     0xa  Code  Lc  HW_TimeOutput.o [1]
Chip_TIMER_ExtMatchControlSet
                        0x0001ef95    0x3e  Code  Gb  timer_17xx_40xx.o [1]
Chip_TIMER_Init         0x0001ef69    0x12  Code  Gb  timer_17xx_40xx.o [1]
Chip_TIMER_MatchEnableInt
                        0x0001e40d    0x16  Code  Lc  HW_TimeInput.o [1]
Chip_TIMER_MatchPending
                        0x0001e3d5     0xe  Code  Lc  HW_TimeInput.o [1]
Chip_TIMER_PrescaleSet  0x0001e609     0x4  Code  Lc  HW_TimeOutput.o [1]
Chip_TIMER_ReadCount    0x0001e3ff     0x4  Code  Lc  HW_TimeInput.o [1]
Chip_TIMER_Reset        0x0001ef7b    0x1a  Code  Gb  timer_17xx_40xx.o [1]
Chip_TIMER_ResetOnMatchEnable
                        0x0001e423    0x1a  Code  Lc  HW_TimeInput.o [1]
Chip_TIMER_ResetOnMatchEnable
                        0x0001e617    0x1a  Code  Lc  HW_TimeOutput.o [1]
Chip_TIMER_SetMatch     0x0001e403     0xa  Code  Lc  HW_TimeInput.o [1]
Chip_TIMER_SetMatch     0x0001e60d     0xa  Code  Lc  HW_TimeOutput.o [1]
Chip_TIMER_TIMER_SetCountClockSrc
                        0x0001e43d     0xc  Code  Lc  HW_TimeInput.o [1]
Chip_TIMER_TIMER_SetCountClockSrc
                        0x0001e631     0xc  Code  Lc  HW_TimeOutput.o [1]
Chip_Timer_GetClockIndex
                        0x0001ef2d    0x2e  Code  Lc  timer_17xx_40xx.o [1]
Chip_UART_ConfigData    0x000200d3     0x4  Code  Lc  HW_Uart.o [1]
Chip_UART_ConfigData    0x00020723     0x4  Code  Lc  uart_17xx_40xx.o [1]
Chip_UART_DisableDivisorAccess
                        0x00020731     0xa  Code  Lc  uart_17xx_40xx.o [1]
Chip_UART_EnableDivisorAccess
                        0x00020727     0xa  Code  Lc  uart_17xx_40xx.o [1]
Chip_UART_GetClkIndex   0x0002077d    0x34  Code  Lc  uart_17xx_40xx.o [1]
Chip_UART_GetClockIndex
                        0x00020749    0x34  Code  Lc  uart_17xx_40xx.o [1]
Chip_UART_Init          0x000207b1    0x56  Code  Gb  uart_17xx_40xx.o [1]
Chip_UART_IntDisable    0x000200c7     0x8  Code  Lc  HW_Uart.o [1]
Chip_UART_IntEnable     0x000200bf     0x8  Code  Lc  HW_Uart.o [1]
Chip_UART_RXIntHandlerRB
                        0x00020889    0x26  Code  Gb  uart_17xx_40xx.o [1]
Chip_UART_Read          0x00020807    0x34  Code  Gb  uart_17xx_40xx.o [1]
Chip_UART_ReadByte      0x00020719     0x6  Code  Lc  uart_17xx_40xx.o [1]
Chip_UART_ReadLineStatus
                        0x00020745     0x4  Code  Lc  uart_17xx_40xx.o [1]
Chip_UART_ReadRB        0x000208af    0x16  Code  Gb  uart_17xx_40xx.o [1]
Chip_UART_SetBaud       0x0002083b    0x4e  Code  Gb  uart_17xx_40xx.o [1]
Chip_UART_SetDivisorLatches
                        0x0002073b     0xa  Code  Lc  uart_17xx_40xx.o [1]
Chip_UART_SetupFIFOS    0x000200cf     0x4  Code  Lc  HW_Uart.o [1]
Chip_UART_SetupFIFOS    0x0002071f     0x4  Code  Lc  uart_17xx_40xx.o [1]
CoreCtrl_ResetHandler   0x00022885    0x12  Code  Gb  CoreCtrl.o [1]
CoreCtrl_ResetSystemNow
                        0x0002287d     0x8  Code  Gb  CoreCtrl.o [1]
CrdGetAxisMapFun        0x0001274f     0x4  Code  Gb  CMU_ExApi.o [1]
CrdGetCtrlParmFun       0x00012753     0x4  Code  Gb  CMU_ExApi.o [1]
CrdGetProgBufStateFun   0x0001275d     0x6  Code  Gb  CMU_ExApi.o [1]
CrdGetStateFun          0x00012757     0x6  Code  Gb  CMU_ExApi.o [1]
CrdLoadIIPDataFun       0x00012749     0x6  Code  Gb  CMU_ExApi.o [1]
CrdSetAxisMapFun        0x0001273d     0x6  Code  Gb  CMU_ExApi.o [1]
CrdSetCtrlParmFun       0x00012743     0x6  Code  Gb  CMU_ExApi.o [1]
Crd_CmdProcess          0x00010885    0x74  Code  Gb  CMU_CmdProcess.o [1]
Crd_NomalGetCmdProcess  0x000105f9   0x28c  Code  Gb  CMU_CmdProcess.o [1]
Crd_NomalSetCmdProcess  0x0000feb9   0x73c  Code  Gb  CMU_CmdProcess.o [1]
Crd_SetCrdCtrlParmEx    0x0000fda3   0x116  Code  Gb  CMU_CmdProcess.o [1]
CubicEquationType1      0x00003189   0x292  Code  Gb  IPO_AssistantFun.o [3]
Custom_CmdProcess       0x00011617    0x4c  Code  Gb  CMU_CmdProcess.o [1]
Custom_NomalGetCmdProcess
                        0x000115db    0x3c  Code  Gb  CMU_CmdProcess.o [1]
Custom_NomalSetCmdProcess
                        0x00011583    0x58  Code  Gb  CMU_CmdProcess.o [1]
DEV_AsynCycleService    0x000156a5    0x36  Code  Gb  DEV_Abstract.o [1]
DEV_BlinkLED            0x00015e17    0x70  Code  Gb  DEV_Abstract.o [1]
DEV_BusInit             0x000158c5   0x144  Code  Gb  DEV_Abstract.o [1]
DEV_CheckLastCmdExeState
                        0x00016361    0x74  Code  Gb  DEV_Abstract.o [1]
DEV_CheckNonAxisDevAlarm
                        0x0001617d    0x6c  Code  Gb  DEV_Abstract.o [1]
DEV_DrvReg              0x000156db   0x12a  Code  Gb  DEV_Abstract.o [1]
DEV_GetBusDriverVersion
                        0x00016125    0x50  Code  Gb  DEV_Abstract.o [1]
DEV_GetCount            0x00015dd3     0x8  Code  Gb  DEV_Abstract.o [1]
DEV_GetDevInfoReadAddr  0x0001620f     0x4  Code  Gb  DEV_Abstract.o [1]
DEV_GetError            0x00015649    0x26  Code  Gb  DEV_Abstract.o [1]
DEV_GetInfo             0x00015de3    0x34  Code  Gb  DEV_Abstract.o [1]
DEV_GetMotorCount       0x00015ddb     0x8  Code  Gb  DEV_Abstract.o [1]
DEV_GetStateReadAddr    0x000161e9    0x26  Code  Gb  DEV_Abstract.o [1]
DEV_GetVersion          0x000160cb    0x5a  Code  Gb  DEV_Abstract.o [1]
DEV_Scan                0x00015a09   0x3ca  Code  Gb  DEV_Abstract.o [1]
DEV_SendCmd             0x000162f9    0x58  Code  Gb  DEV_Abstract.o [1]
DEV_SendSysCtrlParm     0x00015861    0x64  Code  Gb  DEV_Abstract.o [1]
DEV_SendUpdateAppData   0x00016219    0x6e  Code  Gb  DEV_Abstract.o [1]
DEV_SendUpdateBootData  0x0001628d    0x6c  Code  Gb  DEV_Abstract.o [1]
DEV_SetAxisParmReadAddr
                        0x00015805    0x2e  Code  Gb  DEV_Abstract.o [1]
DEV_SetConfig           0x00015e87   0x244  Code  Gb  DEV_Abstract.o [1]
DEV_SetSysCtrlParmReadAddr
                        0x00015833    0x2e  Code  Gb  DEV_Abstract.o [1]
DEV_SynCycleService     0x0001566f    0x36  Code  Gb  DEV_Abstract.o [1]
DMA_IRQHandler          0x0001ec7b    0x3a  Code  Gb  HW_IRQHandler.o [1]
ECM_GenerateErrorCode   0x00016a1d    0x5a  Code  Gb  ECM_ErrorCodeMan.o [1]
ECM_GetErrorCode        0x00016b73    0x26  Code  Gb  ECM_ErrorCodeMan.o [1]
ECM_GetErrorCodeStruct  0x00016b23    0x50  Code  Gb  ECM_ErrorCodeMan.o [1]
ECM_PutErrorCodeStructToBuf
[...]
fmod                    0x00007d25          Code  Gb  fmod.o [5]
fmodl                   0x00007d25          Code  Gb  fmod.o [5]
g_GpioCtrlTable         0x10005518    0x10  Data  Gb  GPIO_Man.o [1]
g_HeadNodePtr0          0x10005678     0x4  Data  Lc  HW_Uart.o [1]
g_HeadNodePtr1          0x1000567c     0x4  Data  Lc  HW_Uart.o [1]
g_HeadNodePtr2          0x10005680     0x4  Data  Lc  HW_Uart.o [1]
g_HeadNodePtr3          0x10005684     0x4  Data  Lc  HW_Uart.o [1]
g_IRQInterface          0x10003900   0x1ac  Data  Lc  HW_IRQHandler.o [1]
g_VD1768_IOTable        0x10000160    0x10  Data  Gb  VD_MachineIO.o [1]
g_pAHBDataStruct        0x10005610     0x4  Data  Gb  AHB_Init.o [1]
i32Fun                  0x00012805     0x4  Code  Gb  CMU_ExApi.o [1]
i32Fun_32               0x0001280f     0x6  Code  Gb  CMU_ExApi.o [1]
i32Fun_u32              0x00012809     0x6  Code  Gb  CMU_ExApi.o [1]
i32Fun_u32_32           0x00012815     0x6  Code  Gb  CMU_ExApi.o [1]
i32Fun_u32_32_p32       0x0001283b     0x6  Code  Gb  CMU_ExApi.o [1]
i32Fun_u32_32_pcut      0x00012835     0x6  Code  Gb  CMU_ExApi.o [1]
i32Fun_u32_p32          0x0001281b     0x6  Code  Gb  CMU_ExApi.o [1]
i32Fun_u32_u32_pu8_u32  0x00012821     0xa  Code  Gb  CMU_ExApi.o [1]
i32Fun_u32_u32_pu8_u32_u8
                        0x0001282b     0xa  Code  Gb  CMU_ExApi.o [1]
init_mparams            0x0001412b    0x32  Code  Lc  dlmalloc.o [4]
init_top                0x0001415d    0x34  Code  Lc  dlmalloc.o [4]
internal_Pow            0x00005b29   0x418  Code  Lc  pow.o [5]
lnbias                  0x00005f58   0x420  Data  Lc  pow.o [5]
m_AisleDelayTimer       0x10005538    0x10  Data  Lc  VM_HwCtrl.o [1]
m_AisleOverTimer        0x10005548    0x10  Data  Lc  VM_HwCtrl.o [1]
m_AxisMotionCtrl        0x100020a0   0xc80  Data  Gb  IPO_Interpolation_M4.o [3]
m_CSMInterface          0x100049b0    0xa4  Data  Gb  CSM_Interface.o [1]
m_CSM_AutoCtrl          0x10005178    0x50  Data  Gb  CSM_MainCtrl.o [1]
m_CSM_CrdSysMotorIndex  0x10005270    0x20  Data  Gb  CSM_ParmMan.o [1]
m_CSM_CurProgData       0x100050c0    0x60  Data  Gb  CSM_MainCtrl.o [1]
m_CSM_NCAxisData        0x1000563c     0x4  Data  Gb  CSM_MainCtrl.o [1]
m_CSM_pAxisParm         0x10005654     0x4  Data  Gb  CSM_ParmMan.o [1]
m_CSM_pCrdParm          0x10005650     0x4  Data  Gb  CSM_ParmMan.o [1]
m_CSM_pCrdSysAxisMapTable
                        0x1000564c     0x4  Data  Gb  CSM_ParmMan.o [1]
m_CSM_pSysCtrlParm      0x10005648     0x4  Data  Gb  CSM_ParmMan.o [1]
m_CanInterface          0x100054a8    0x14  Data  Lc  CMU_CanInterface.o [1]
m_CmuBuff               0x1000119c   0xf00  Data  Lc  SYS_CmuConfig.o [1]
m_CncSysStateData       0x100054f8    0x10  Data  Lc  CNCSYS_StateMan.o [1]
m_CrdSysMotorIndex      0x10005330    0x20  Data  Gb  IPO_ParmMan.o [3]
m_CrdSysStateData       0x10004b30    0x90  Data  Gb  CSM_MainCtrl.o [1]
m_CurSegmentMotionData  0x10004168   0x108  Data  Gb  IPO_Interpolation.o [3]
m_CurSegmentMotionData_M4
                        0x10004378   0x108  Data  Gb  IPO_Interpolation_M4.o [3]
m_DevInfoBusIndexMap    0x100055ec     0x8  Data  Gb  DEV_Abstract.o [1]
m_DevNoBusIndexMap      0x100055e4     0x8  Data  Gb  DEV_Abstract.o [1]
m_DeviceInfo            0x10004a54    0xa0  Data  Gb  DEV_Abstract.o [1]
m_DeviceState           0x10003528   0x200  Data  Gb  DEV_Abstract.o [1]
m_EnetInterface         0x100054bc    0x14  Data  Lc  CMU_EnetInterface.o [1]
m_EnetRecvPack          0x10004bc0    0x88  Data  Lc  CMU_EnetInterface.o [1]
m_ErrorCodeManData      0x10005120    0x58  Data  Lc  ECM_ErrorCodeMan.o [1]
m_IOUpdateTimer         0x10000150    0x10  Data  Lc  GPIO_Man.o [1]
m_IPOBufManData         0x10005448    0x1c  Data  Lc  IPO_BufMan.o [3]
m_IPOInterface          0x10004af4    0x3c  Data  Gb  IPO_Interface.o [3]
m_IPOStateData          0x10005050    0x70  Data  Gb  IPO_Interpolation.o [3]
m_IPOStateDataPte       0x10005558    0x10  Data  Gb  IPO_Interpolation.o [3]
m_IPOStatePte_M4        0x10005588    0x10  Data  Gb  IPO_Interpolation_M4.o [3]
m_InputIOTable          0x100000ec    0x44  Data  Lc  VD_MachineIO.o [1]
m_JogChangeDirMotionData
                        0x100048f0    0xc0  Data  Gb  IPO_JogCtrl_M4.o [3]
m_JogMotionData         0x10004770    0xc0  Data  Gb  IPO_JogCtrl.o [3]
m_JogMotionData_M4      0x10004830    0xc0  Data  Gb  IPO_JogCtrl_M4.o [3]
m_JogPosCtrlTable       0x10004f50    0x80  Data  Lc  IPO_JogPosCtrlTable.o [3]
m_LedCtrlTimer          0x10000170    0x10  Data  Lc  VM_HwCtrl.o [1]
m_LookaheadMotionCtrl   0x10003e48   0x190  Data  Gb  IPO_Lookahead.o [3]
m_LookaheadStateData    0x10005248    0x28  Data  Gb  IPO_Lookahead.o [3]
m_MSTCtrlData           0x10005722     0x2  Data  Gb  MST_MainCtrl.o [1]
m_MSTInterface          0x100054e4    0x14  Data  Gb  MST_Interface.o [1]
m_MSTStateData          0x10005528    0x10  Data  Gb  MST_MainCtrl.o [1]
m_MST_pf_ExeMCode       0x10003aac   0x190  Data  Gb  MST_MCode.o [1]
m_MST_pf_ExeTCode       0x10003c3c   0x190  Data  Gb  MST_TCode.o [1]
m_MotionDataPteLast     0x10004270   0x108  Data  Lc  IPO_MotionDataPreprocess.o [3]
m_MotorMapAxisNO        0x10005568    0x10  Data  Gb  IPO_ParmMan.o [3]
m_MotorMapCrdSysNO      0x10005350    0x20  Data  Gb  IPO_ParmMan.o [3]
m_OutputIOTable         0x10000000    0x8c  Data  Lc  VD_MachineIO.o [1]
m_ParaMCodeMan          0x10002d20   0x3c8  Data  Gb  MST_MCode.o [1]
m_ProgBufManData        0x10005410    0x1c  Data  Lc  CSM_ProgBuf.o [1]
m_RapidSpeedCtrlTable   0x10004fd0    0x80  Data  Lc  IPO_RapidSpeedCtrlTable.o [3]
m_RcvCtrlData           0x10005218    0x30  Data  Gb  CMU_RcvDataProcess.o [1]
m_RegBusInfo            0x10004680    0xf0  Data  Gb  DEV_Abstract.o [1]
m_ResetTimer            0x10005508    0x10  Data  Lc  CoreCtrl.o [1]
m_RxRing                0x100051c8    0x50  Data  Lc  HW_Uart.o [1]
m_SPM_pAxisParm         0x100056a4     0x4  Data  Lc  SPM_SysCtrlParm.o [1]
m_SPM_pAxisPitchCmpParm
                        0x100056a8     0x4  Data  Lc  SPM_SysCtrlParm.o [1]
m_SPM_pCrdAxisMapTable  0x1000569c     0x4  Data  Lc  SPM_SysCtrlParm.o [1]
m_SPM_pCrdParm          0x100056a0     0x4  Data  Lc  SPM_SysCtrlParm.o [1]
m_SPM_pSysCtrlParm      0x10005698     0x4  Data  Lc  SPM_SysCtrlParm.o [1]
m_SegmentMotionCtrlData
                        0x10003fd8   0x190  Data  Gb  IPO_Interpolation_M4.o [3]
m_SendCtrlData          0x10005464    0x18  Data  Gb  CMU_SendDataProcess.o [1]
m_StartReadPosProgLineNO
                        0x10005660     0x4  Data  Lc  CSM_ProgBuf.o [1]
m_TimePinMux            0x000228f0    0x20  Data  Lc  HW_TimeInput.o [1]
m_TimePinMux            0x00022794    0x40  Data  Lc  HW_TimeOutput.o [1]
m_UartInterface         0x100054d0    0x14  Data  Lc  CMU_UartInterface.o [1]
m_UartRecvPack          0x10004c48    0x88  Data  Lc  CMU_UartInterface.o [1]
m_UserBufManData        0x1000542c    0x1c  Data  Lc  CSM_UserBuf.o [1]
m_VmAlarm               0x100056b0     0x4  Data  Lc  VM_MotorCtrl.o [1]
m_bALInitFlag           0x1000572c     0x1  Data  Lc  AbstractionLayer.o [1]
m_bGetUnpackStep        0x1000573e     0x1  Data  Lc  CMU_Unpack.o [1]
m_bPwmRunningFlag       0x10005604     0x8  Data  Lc  PWM_MotorCtrl.o [1]
m_bTickCountSwitch      0x10005737     0x1  Data  Lc  CMU_PeriodDataMana.o [1]
m_brd_AxisParm          0x10003dcc    0x7c  Data  Lc  BRD_AxisDev.o [1]
m_iAxisMotionCtrlDataAddrInit
                        0x10005710     0x4  Data  Gb  IPO_Interpolation_M4.o [3]
m_iIPOBufInit           0x100056c4     0x4  Data  Gb  IPO_BufMan.o [3]
m_iIPOInterfaceInit     0x100056e0     0x4  Data  Gb  IPO_Interface.o [3]
m_iSysParmReadAddrInit  0x1000570c     0x4  Data  Gb  IPO_ParmMan.o [3]
m_nCSMInterfaceInit     0x1000571e     0x2  Data  Gb  CSM_Interface.o [1]
m_nDataLen              0x1000571c     0x2  Data  Lc  CMU_Unpack.o [1]
m_nIPOStatusLock        0x10005724     0x2  Data  Gb  IPO_Interpolation.o [3]
m_nIPOUpdateSysData     0x10005726     0x2  Data  Gb  IPO_Interpolation.o [3]
m_nJogAxisCtrlStatusLock
                        0x10005578    0x10  Data  Gb  IPO_JogCtrl.o [3]
m_nJogMotionDataLock    0x1000572a     0x2  Data  Gb  IPO_JogCtrl.o [3]
m_nM4UnfinishCount      0x10005728     0x2  Data  Gb  IPO_Interpolation.o [3]
m_nReadPos              0x10005718     0x2  Data  Lc  CMU_Unpack.o [1]
m_nUserBufCtrlMode      0x10005720     0x2  Data  Lc  CSM_UserBuf.o [1]
m_nWritePos             0x1000571a     0x2  Data  Lc  CMU_Unpack.o [1]
m_pAHBIPOStateData      0x100056e8     0x4  Data  Gb  IPO_AHB.o [3]
m_pAutoM0CtrlData       0x100056ec     0x4  Data  Gb  IPO_AHB.o [3]
m_pAutoM4CtrlData       0x100056f0     0x4  Data  Gb  IPO_AHB.o [3]
m_pAxisParm             0x10005708     0x4  Data  Gb  IPO_ParmMan.o [3]
m_pBrdDevAxisParm       0x10005614     0x4  Data  Gb  BRD_DEV_Driver.o [1]
m_pBrdDevAxisPitchCmpParm
                        0x10005618     0x4  Data  Gb  BRD_DEV_Driver.o [1]
m_pBrdDevInfo           0x10005494    0x14  Data  Gb  BRD_DEV_Driver.o [1]
m_pBrdDevNoIndexMap     0x100055d4     0x8  Data  Gb  BRD_DEV_Driver.o [1]
m_pBrdDeviceInfo        0x10005624     0x4  Data  Gb  BRD_DEV_Driver.o [1]
m_pBrdDeviceState       0x10005620     0x4  Data  Gb  BRD_DEV_Driver.o [1]
m_pBrdLastCmdRes        0x1000572e     0x1  Data  Gb  BRD_DEV_Driver.o [1]
m_pBrdLastCmdType       0x1000572d     0x1  Data  Gb  BRD_DEV_Driver.o [1]
m_pBrdSysCtrlParm       0x1000561c     0x4  Data  Gb  BRD_DEV_Driver.o [1]
m_pCrdParm              0x10005704     0x4  Data  Gb  IPO_ParmMan.o [3]
m_pCrdSysAxisMapTable   0x10005700     0x4  Data  Gb  IPO_ParmMan.o [3]
m_pHead                 0x10000180     0x4  Data  Lc  CMU_Unpack.o [1]
m_pIprFinishLineCount   0x10005644     0x4  Data  Gb  CSM_MainCtrl.o [1]
m_pIprStartLineCount    0x10005640     0x4  Data  Gb  CSM_MainCtrl.o [1]
m_pJogM0CtrlData        0x100056f4     0x4  Data  Gb  IPO_AHB.o [3]
m_pJogM4CtrlData        0x100056f8     0x4  Data  Gb  IPO_AHB.o [3]
m_pJogMotionCtrl        0x100053f0    0x20  Data  Gb  IPO_Interpolation_M4.o [3]
m_pM0M4DataTrans        0x100056e4     0x4  Data  Gb  IPO_AHB.o [3]
m_pRapidMotionCtrlData  0x100053d0    0x20  Data  Gb  IPO_Interpolation_M4.o [3]
m_pRcvBuf               0x10005634     0x4  Data  Gb  CMU_RcvDataProcess.o [1]
m_pRcvBuf               0x10004ed0    0x80  Data  Lc  CMU_Unpack.o [1]
m_pSendBuf              0x10005638     0x4  Data  Gb  CMU_SendDataProcess.o [1]
m_pSysCtrlParm          0x100056fc     0x4  Data  Gb  IPO_ParmMan.o [3]
m_pwm_lActPos           0x10005690     0x4  Data  Lc  MotorCtrl.o [1]
m_pwm_lCmdPos           0x1000568c     0x4  Data  Lc  MotorCtrl.o [1]
m_pwm_lPulseInc         0x10005688     0x4  Data  Lc  MotorCtrl.o [1]
m_pwm_sPwmCtrlData      0x100055b0     0xc  Data  Lc  MotorCtrl.o [1]
m_pwm_uPwmBufferFullFlag
                        0x10005748     0x1  Data  Lc  MotorCtrl.o [1]
m_pwm_uPwmRunning       0x10005747     0x1  Data  Lc  MotorCtrl.o [1]
m_sBrdBusDriverSoftVer  0x100055dc     0x8  Data  Gb  BRD_DEV_Driver.o [1]
m_sExternalFunTable     0x100030e8   0x240  Data  Gb  CMU_ExApi.o [1]
m_sInqRecordBuf         0x10003328   0x200  Data  Lc  CMU_PeriodDataMana.o [1]
m_sPackData             0x100055a4     0xc  Data  Gb  CMU_RcvDataProcess.o [1]
m_sRcvTimeOutCtrlData   0x10005598     0xc  Data  Gb  CMU_RcvDataProcess.o [1]
m_uAxisPwmNode          0x10005694     0x4  Data  Lc  MotorCtrl.o [1]
m_uBrdCodedDevCount     0x10005730     0x1  Data  Gb  BRD_DEV_Driver.o [1]
m_uBrdDevLockFlag       0x1000572f     0x1  Data  Gb  BRD_DEV_Driver.o [1]
m_uBrdExsitDevCount     0x10005732     0x1  Data  Gb  BRD_DEV_Driver.o [1]
m_uBrdFeedFlag          0x10005731     0x1  Data  Gb  BRD_DEV_Driver.o [1]
m_uCanNode              0x10005734     0x1  Data  Lc  CMU_CanInterface.o [1]
m_uCodedAxisCount       0x10005744     0x1  Data  Gb  DEV_Abstract.o [1]
m_uCodedDevCount        0x10005743     0x1  Data  Gb  DEV_Abstract.o [1]
m_uComSetDelayCycles    0x1000573a     0x1  Data  Lc  CMU_PubFun.o [1]
m_uDmaFreeChannel       0x10005674     0x4  Data  Lc  HW_Uart.o [1]
m_uDmaUartTxMuxCode     0x00022a30     0x4  Data  Lc  HW_Uart.o [1]
m_uInputChangeCount     0x10004480   0x100  Data  Lc  GPIO_Man.o [1]
m_uIpoInitFlag          0x1000573f     0x1  Data  Lc  CNCSYS_Init.o [1]
m_uMIIIRegFlag          0x10005745     0x1  Data  Gb  DEV_Abstract.o [1]
m_uMotorDevCount        0x10005742     0x1  Data  Gb  DEV_Abstract.o [1]
m_uOutputChangeCount    0x10004580   0x100  Data  Lc  GPIO_Man.o [1]
m_uPwmCountNode         0x100055fc     0x8  Data  Lc  PWM_MotorCtrl.o [1]
m_uRecvBuff             0x10004d50    0x80  Data  Lc  CMU_EnetInterface.o [1]
m_uRecvBuff             0x10004e50    0x80  Data  Lc  CMU_UartInterface.o [1]
m_uRecvPackValidFlag    0x10005735     0x1  Data  Lc  CMU_EnetInterface.o [1]
m_uRecvPackValidFlag    0x1000573b     0x1  Data  Lc  CMU_UartInterface.o [1]
m_uRegBusCount          0x10005740     0x1  Data  Gb  DEV_Abstract.o [1]
m_uRxBuff               0x1000019c  0x1000  Data  Lc  HW_Uart.o [1]
m_uScanDevCount         0x10005741     0x1  Data  Gb  DEV_Abstract.o [1]
m_uSendBuff             0x10004cd0    0x80  Data  Lc  CMU_EnetInterface.o [1]
m_uSendBuff             0x10004dd0    0x80  Data  Lc  CMU_UartInterface.o [1]
m_uUartInitFlags        0x10005746     0x1  Data  Lc  HW_Uart.o [1]
m_uUartNode             0x1000573d     0x1  Data  Lc  CMU_UartInterface.o [1]
m_ucCurRecordIndex      0x10005739     0x1  Data  Lc  CMU_PeriodDataMana.o [1]
m_ucRecordCount         0x10005738     0x1  Data  Lc  CMU_PeriodDataMana.o [1]
m_ulAxisDirPort         0x100055bc     0xc  Data  Lc  MotorCtrl.o [1]
m_ulCmuMemBase          0x1000562c     0x4  Data  Lc  CMU_PubFun.o [1]
m_ulCmuMemRestLen       0x10005630     0x4  Data  Lc  CMU_PubFun.o [1]
m_ulComType             0x1000560c     0x4  Data  Lc  AbstractionLayer.o [1]
m_ulIPOBufAddr          0x100056bc     0x4  Data  Lc  IPO_BufMan.o [3]
m_ulIPOBufLen           0x100056c0     0x4  Data  Lc  IPO_BufMan.o [3]
m_ulIPOCtrlStatusShade  0x100056d8     0x4  Data  Gb  IPO_Interpolation.o [3]
m_ulIPOLIneNO           0x100056b8     0x4  Data  Lc  IPO_BufMan.o [3]
m_ulInputStateGroup     0x10005290    0x20  Data  Lc  GPIO_Man.o [1]
m_ulInputToggleGroup    0x100052d0    0x20  Data  Lc  GPIO_Man.o [1]
m_ulJogAxisCtrlStatus   0x10005390    0x20  Data  Gb  IPO_JogCtrl.o [3]
m_ulJogAxisCtrlStatusShade
                        0x10005370    0x20  Data  Gb  IPO_JogCtrl.o [3]
m_ulJogAxisRunningStatus
                        0x100053b0    0x20  Data  Gb  IPO_JogCtrl.o [3]
m_ulJogPosCtrlTableAddr
                        0x100056c8     0x4  Data  Lc  IPO_JogPosCtrlTable.o [3]
m_ulJogPosCtrlTableLen  0x100056cc     0x4  Data  Lc  IPO_JogPosCtrlTable.o [3]
m_ulLiftPlatformPosition
                        0x100056b4     0x4  Data  Lc  VM_MotorCtrl.o [1]
m_ulMotorOutputMask     0x100056dc     0x4  Data  Gb  IPO_Interpolation.o [3]
m_ulOutputStateGroup    0x100052b0    0x20  Data  Lc  GPIO_Man.o [1]
m_ulOutputToggleGroup   0x100052f0    0x20  Data  Lc  GPIO_Man.o [1]
m_ulProgBufAddr         0x10005658     0x4  Data  Lc  CSM_ProgBuf.o [1]
m_ulProgBufLen          0x1000565c     0x4  Data  Lc  CSM_ProgBuf.o [1]
m_ulPwmCountChannel     0x10005310    0x20  Data  Lc  PWM_MotorCtrl.o [1]
m_ulRapidSpeedCtrlTableAddr
                        0x100056d0     0x4  Data  Lc  IPO_RapidSpeedCtrlTable.o [3]
m_ulRapidSpeedCtrlTableLen
                        0x100056d4     0x4  Data  Lc  IPO_RapidSpeedCtrlTable.o [3]
m_ulSysTickCount        0x1000566c     0x4  Data  Lc  HW_SysTick.o [1]
m_ulSysTickTime         0x10000188     0x4  Data  Lc  HW_SysTick.o [1]
m_ulUserBufAddr         0x10005664     0x4  Data  Lc  CSM_UserBuf.o [1]
m_ulUserBufLen          0x10005668     0x4  Data  Lc  CSM_UserBuf.o [1]
m_vm_SysStateData       0x100055c8     0xc  Data  Lc  VM_StateMan.o [1]
m_vm_bInLimitPosFlag    0x1000574a     0x1  Data  Lc  VM_HwCtrl.o [1]
m_vm_fPulseRate         0x10000194     0x4  Data  Lc  VM_MotorCtrl.o [1]
m_vm_ulAisleMotorRunningStatus
                        0x100056ac     0x4  Data  Lc  VM_HwCtrl.o [1]
m_vm_ulCurCol           0x10000190     0x4  Data  Lc  VM_HwCtrl.o [1]
m_vm_ulCurRow           0x1000018c     0x4  Data  Lc  VM_HwCtrl.o [1]
main                    0x0002292b    0x14  Code  Gb  Main.o [1]
makeCtrlWord            0x0001f257    0xe0  Code  Gb  gpdma_17xx_40xx.o [1]
mparams                 0x1000547c    0x18  Data  Lc  dlmalloc.o [4]
pf_CmuRecvBuff          0x10000184     0x4  Data  Lc  CMU_Unpack.o [1]
pf_PwmCountIrqHandler   0x10000130    0x20  Data  Lc  PWM_MotorCtrl.o [1]
pow                     0x00005f47     0xe  Code  Gb  pow.o [5]
prepend_alloc           0x00014191   0x36c  Code  Lc  dlmalloc.o [4]
s_RitClockRate          0x10005670     0x4  Data  Lc  HW_TimeDelay.o [1]
segment_holding         0x00014111    0x1a  Code  Lc  dlmalloc.o [4]
setupChannel            0x0001f337    0x88  Code  Gb  gpdma_17xx_40xx.o [1]
sin                     0x0000b549     0x6  Code  Gb  sin.o [5]
sqrt                    0x00003be1          Code  Gb  sqrt.o [5]
sqrtl                   0x00003be1          Code  Gb  sqrt.o [5]
sys_alloc               0x000144fd   0x386  Code  Lc  dlmalloc.o [4]
tmalloc_large           0x00014891   0x390  Code  Lc  dlmalloc.o [4]
tmalloc_small           0x00014c21   0x210  Code  Lc  dlmalloc.o [4]
u32Fun_32               0x00012847     0x6  Code  Gb  CMU_ExApi.o [1]
u32Fun_32_32            0x0001284d     0x6  Code  Gb  CMU_ExApi.o [1]
u32Fun_32_32_32_32      0x00012859     0xa  Code  Gb  CMU_ExApi.o [1]
u32Fun_32_32_pu32_pu32  0x000128bb     0xa  Code  Gb  CMU_ExApi.o [1]
u32Fun_32_32_u32        0x00012853     0x6  Code  Gb  CMU_ExApi.o [1]
u32Fun_32_f32           0x00012879     0x6  Code  Gb  CMU_ExApi.o [1]
u32Fun_32_p8_32         0x00012873     0x6  Code  Gb  CMU_ExApi.o [1]
u32Fun_32_u32           0x00012863     0x6  Code  Gb  CMU_ExApi.o [1]
u32Fun_32_u32_pu8_u32   0x00012869     0xa  Code  Gb  CMU_ExApi.o [1]
u32Fun_p8_u32           0x00012723     0x6  Code  Gb  CMU_ExApi.o [1]
u32Fun_pdevconf_u32     0x000127d7     0x6  Code  Gb  CMU_ExApi.o [1]
u32Fun_psysctrlparm     0x000127dd     0x6  Code  Gb  CMU_ExApi.o [1]
u32Fun_pu8_u32          0x00012729     0x6  Code  Gb  CMU_ExApi.o [1]
u32Fun_pversion         0x000127e9     0x6  Code  Gb  CMU_ExApi.o [1]
u32Fun_u16              0x00012841     0x6  Code  Gb  CMU_ExApi.o [1]
u32Fun_u32              0x000127d1     0x6  Code  Gb  CMU_ExApi.o [1]
u32Fun_u32_32_32        0x000128a3     0x6  Code  Gb  CMU_ExApi.o [1]
u32Fun_u32_p8_u32       0x000127e3     0x6  Code  Gb  CMU_ExApi.o [1]
u32Fun_u32_pbusrsmsdata
                        0x000127f5     0x6  Code  Gb  CMU_ExApi.o [1]
u32Fun_u32_pdevinfo     0x000127ff     0x6  Code  Gb  CMU_ExApi.o [1]
u32Fun_u32_pu32         0x000128a9     0x6  Code  Gb  CMU_ExApi.o [1]
u32Fun_u32_pu32_pu32    0x000128b5     0x6  Code  Gb  CMU_ExApi.o [1]
u32Fun_u32_pu32_u32     0x000128af     0x6  Code  Gb  CMU_ExApi.o [1]
u32Fun_u32_pu8          0x00012885     0x6  Code  Gb  CMU_ExApi.o [1]
u32Fun_u32_pu8_u32_u8   0x000128c5     0xa  Code  Gb  CMU_ExApi.o [1]
u32Fun_u32_pversion     0x000127ef     0x6  Code  Gb  CMU_ExApi.o [1]
u32Fun_u32_u16          0x00012891     0x6  Code  Gb  CMU_ExApi.o [1]
u32Fun_u32_u16_pu8      0x0001288b     0x6  Code  Gb  CMU_ExApi.o [1]
u32Fun_u32_u32          0x00012897     0x6  Code  Gb  CMU_ExApi.o [1]
u32Fun_u32_u32_u32      0x0001289d     0x6  Code  Gb  CMU_ExApi.o [1]
u32Fun_u32_u8           0x0001287f     0x6  Code  Gb  CMU_ExApi.o [1]
u32Fun_void             0x000127fb     0x4  Code  Gb  CMU_ExApi.o [1]
voidFun_u32_bool        0x000128cf     0x2  Code  Gb  CMU_ExApi.o [1]
voidFun_void            0x00012721     0x2  Code  Gb  CMU_ExApi.o [1]


[1] = E:\GitHub\GCP-MulitMCUs\Project\GCP-LPC17XX\Release\Obj
[2] = command line
[3] = IPO-LIB-17XX.a
[4] = dl7M_tln.a
[5] = m7M_tl.a
[6] = rt7M_tl.a
[7] = shb_l.a

  141 024 bytes of readonly  code memory
      736 bytes of readonly  data memory
   29 003 bytes of readwrite data memory

Errors: none
Warnings: none
