###############################################################################
#
# IAR ELF Linker V7.40.7.9843/W32 for ARM                 06/Dec/2017  18:01:05
# Copyright 2007-2015 IAR Systems AB.
#
#    Output file  =  
#        E:\GitHub\GCP-MulitMCUs\Project\GCP-LPC17XX\Release\Exe\GCP-LPC17XX.out.tmp
#    Map file     =  
#        E:\GitHub\GCP-MulitMCUs\Project\GCP-LPC17XX\Release\List\GCP-LPC17XX.map
#    Command line =  
#        E:\GitHub\GCP-MulitMCUs\Project\GCP-LPC17XX\Release\Obj\AbstractionLayer.o
#        E:\GitHub\GCP-MulitMCUs\Project\GCP-LPC17XX\Release\Obj\adc_17xx_40xx.o
#        E:\GitHub\GCP-MulitMCUs\Project\GCP-LPC17XX\Release\Obj\AHB_Init.o
#        E:\GitHub\GCP-MulitMCUs\Project\GCP-LPC17XX\Release\Obj\Ammeter_Spm91.o
#        E:\GitHub\GCP-MulitMCUs\Project\GCP-LPC17XX\Release\Obj\at24cxx.o
#        E:\GitHub\GCP-MulitMCUs\Project\GCP-LPC17XX\Release\Obj\BRD_AxisDev.o
#        E:\GitHub\GCP-MulitMCUs\Project\GCP-LPC17XX\Release\Obj\BRD_DEV_Driver.o
#        E:\GitHub\GCP-MulitMCUs\Project\GCP-LPC17XX\Release\Obj\can_17xx_40xx.o
#        E:\GitHub\GCP-MulitMCUs\Project\GCP-LPC17XX\Release\Obj\chip_17xx_40xx.o
#        E:\GitHub\GCP-MulitMCUs\Project\GCP-LPC17XX\Release\Obj\clock_17xx_40xx.o
#        E:\GitHub\GCP-MulitMCUs\Project\GCP-LPC17XX\Release\Obj\cmp_17xx_40xx.o
#        E:\GitHub\GCP-MulitMCUs\Project\GCP-LPC17XX\Release\Obj\CMU_CanInterface.o
#        E:\GitHub\GCP-MulitMCUs\Project\GCP-LPC17XX\Release\Obj\CMU_CmdProcess.o
#        E:\GitHub\GCP-MulitMCUs\Project\GCP-LPC17XX\Release\Obj\CMU_EnetInterface.o
#        E:\GitHub\GCP-MulitMCUs\Project\GCP-LPC17XX\Release\Obj\CMU_ErrorMana.o
#        E:\GitHub\GCP-MulitMCUs\Project\GCP-LPC17XX\Release\Obj\CMU_ExApi.o
#        E:\GitHub\GCP-MulitMCUs\Project\GCP-LPC17XX\Release\Obj\CMU_PeriodDataMana.o
#        E:\GitHub\GCP-MulitMCUs\Project\GCP-LPC17XX\Release\Obj\CMU_PubFun.o
#        E:\GitHub\GCP-MulitMCUs\Project\GCP-LPC17XX\Release\Obj\CMU_RcvDataProcess.o
#        E:\GitHub\GCP-MulitMCUs\Project\GCP-LPC17XX\Release\Obj\CMU_SendDataProcess.o
#        E:\GitHub\GCP-MulitMCUs\Project\GCP-LPC17XX\Release\Obj\CMU_UartInterface.o
#        E:\GitHub\GCP-MulitMCUs\Project\GCP-LPC17XX\Release\Obj\CMU_Unpack.o
#        E:\GitHub\GCP-MulitMCUs\Project\GCP-LPC17XX\Release\Obj\CNCSYS_Init.o
#        E:\GitHub\GCP-MulitMCUs\Project\GCP-LPC17XX\Release\Obj\CNCSYS_StateMan.o
#        E:\GitHub\GCP-MulitMCUs\Project\GCP-LPC17XX\Release\Obj\CoreCtrl.o
#        E:\GitHub\GCP-MulitMCUs\Project\GCP-LPC17XX\Release\Obj\crc_17xx_40xx.o
#        E:\GitHub\GCP-MulitMCUs\Project\GCP-LPC17XX\Release\Obj\CSM_AutoCtrl.o
#        E:\GitHub\GCP-MulitMCUs\Project\GCP-LPC17XX\Release\Obj\CSM_AxisMotion.o
#        E:\GitHub\GCP-MulitMCUs\Project\GCP-LPC17XX\Release\Obj\CSM_AxisStateMan.o
#        E:\GitHub\GCP-MulitMCUs\Project\GCP-LPC17XX\Release\Obj\CSM_CircleDataProcess.o
#        E:\GitHub\GCP-MulitMCUs\Project\GCP-LPC17XX\Release\Obj\CSM_CrdSysState.o
#        E:\GitHub\GCP-MulitMCUs\Project\GCP-LPC17XX\Release\Obj\CSM_Interface.o
#        E:\GitHub\GCP-MulitMCUs\Project\GCP-LPC17XX\Release\Obj\CSM_MainCtrl.o
#        E:\GitHub\GCP-MulitMCUs\Project\GCP-LPC17XX\Release\Obj\CSM_ParmMan.o
#        E:\GitHub\GCP-MulitMCUs\Project\GCP-LPC17XX\Release\Obj\CSM_ProgBuf.o
#        E:\GitHub\GCP-MulitMCUs\Project\GCP-LPC17XX\Release\Obj\CSM_UserBuf.o
#        E:\GitHub\GCP-MulitMCUs\Project\GCP-LPC17XX\Release\Obj\CSM_UserProgData.o
#        E:\GitHub\GCP-MulitMCUs\Project\GCP-LPC17XX\Release\Obj\CSM_Version.o
#        E:\GitHub\GCP-MulitMCUs\Project\GCP-LPC17XX\Release\Obj\dac_17xx_40xx.o
#        E:\GitHub\GCP-MulitMCUs\Project\GCP-LPC17XX\Release\Obj\Demo.o
#        E:\GitHub\GCP-MulitMCUs\Project\GCP-LPC17XX\Release\Obj\DEV_Abstract.o
#        E:\GitHub\GCP-MulitMCUs\Project\GCP-LPC17XX\Release\Obj\Ds18b20.o
#        E:\GitHub\GCP-MulitMCUs\Project\GCP-LPC17XX\Release\Obj\ECM_ErrorCodeMan.o
#        E:\GitHub\GCP-MulitMCUs\Project\GCP-LPC17XX\Release\Obj\Eeprom.o
#        E:\GitHub\GCP-MulitMCUs\Project\GCP-LPC17XX\Release\Obj\eeprom_17xx_40xx.o
#        E:\GitHub\GCP-MulitMCUs\Project\GCP-LPC17XX\Release\Obj\emc_17xx_40xx.o
#        E:\GitHub\GCP-MulitMCUs\Project\GCP-LPC17XX\Release\Obj\enet_17xx_40xx.o
#        E:\GitHub\GCP-MulitMCUs\Project\GCP-LPC17XX\Release\Obj\EXTI.o
#        E:\GitHub\GCP-MulitMCUs\Project\GCP-LPC17XX\Release\Obj\fpu_init.o
#        E:\GitHub\GCP-MulitMCUs\Project\GCP-LPC17XX\Release\Obj\gpdma_17xx_40xx.o
#        E:\GitHub\GCP-MulitMCUs\Project\GCP-LPC17XX\Release\Obj\gpio_17xx_40xx.o
#        E:\GitHub\GCP-MulitMCUs\Project\GCP-LPC17XX\Release\Obj\GPIO_Man.o
#        E:\GitHub\GCP-MulitMCUs\Project\GCP-LPC17XX\Release\Obj\gpioint_17xx_40xx.o
#        E:\GitHub\GCP-MulitMCUs\Project\GCP-LPC17XX\Release\Obj\HAL_Delay.o
#        E:\GitHub\GCP-MulitMCUs\Project\GCP-LPC17XX\Release\Obj\HAL_Exti.o
#        E:\GitHub\GCP-MulitMCUs\Project\GCP-LPC17XX\Release\Obj\HAL_Flash.o
#        E:\GitHub\GCP-MulitMCUs\Project\GCP-LPC17XX\Release\Obj\HAL_Gpio.o
#        E:\GitHub\GCP-MulitMCUs\Project\GCP-LPC17XX\Release\Obj\HAL_IRQHandler.o
#        E:\GitHub\GCP-MulitMCUs\Project\GCP-LPC17XX\Release\Obj\HAL_Pwm.o
#        E:\GitHub\GCP-MulitMCUs\Project\GCP-LPC17XX\Release\Obj\HAL_PwmCount.o
#        E:\GitHub\GCP-MulitMCUs\Project\GCP-LPC17XX\Release\Obj\HAL_Spi.o
#        E:\GitHub\GCP-MulitMCUs\Project\GCP-LPC17XX\Release\Obj\HAL_SysCtrl.o
#        E:\GitHub\GCP-MulitMCUs\Project\GCP-LPC17XX\Release\Obj\HAL_SysTick.o
#        E:\GitHub\GCP-MulitMCUs\Project\GCP-LPC17XX\Release\Obj\HAL_Uart.o
#        E:\GitHub\GCP-MulitMCUs\Project\GCP-LPC17XX\Release\Obj\HAL_Watchdog.o
#        E:\GitHub\GCP-MulitMCUs\Project\GCP-LPC17XX\Release\Obj\HW_Can.o
#        E:\GitHub\GCP-MulitMCUs\Project\GCP-LPC17XX\Release\Obj\HW_Exti.o
#        E:\GitHub\GCP-MulitMCUs\Project\GCP-LPC17XX\Release\Obj\HW_Flash.o
#        E:\GitHub\GCP-MulitMCUs\Project\GCP-LPC17XX\Release\Obj\HW_Gpio.o
#        E:\GitHub\GCP-MulitMCUs\Project\GCP-LPC17XX\Release\Obj\HW_IRQHandler.o
#        E:\GitHub\GCP-MulitMCUs\Project\GCP-LPC17XX\Release\Obj\HW_Mcpwm.o
#        E:\GitHub\GCP-MulitMCUs\Project\GCP-LPC17XX\Release\Obj\HW_Pwm.o
#        E:\GitHub\GCP-MulitMCUs\Project\GCP-LPC17XX\Release\Obj\HW_SysCtrl.o
#        E:\GitHub\GCP-MulitMCUs\Project\GCP-LPC17XX\Release\Obj\HW_SysTick.o
#        E:\GitHub\GCP-MulitMCUs\Project\GCP-LPC17XX\Release\Obj\HW_TimeDelay.o
#        E:\GitHub\GCP-MulitMCUs\Project\GCP-LPC17XX\Release\Obj\HW_TimeInput.o
#        E:\GitHub\GCP-MulitMCUs\Project\GCP-LPC17XX\Release\Obj\HW_TimeOutput.o
#        E:\GitHub\GCP-MulitMCUs\Project\GCP-LPC17XX\Release\Obj\HW_Uart.o
#        E:\GitHub\GCP-MulitMCUs\Project\GCP-LPC17XX\Release\Obj\HW_Watchdog.o
#        E:\GitHub\GCP-MulitMCUs\Project\GCP-LPC17XX\Release\Obj\i2c_17xx_40xx.o
#        E:\GitHub\GCP-MulitMCUs\Project\GCP-LPC17XX\Release\Obj\I2C_BaseOps.o
#        E:\GitHub\GCP-MulitMCUs\Project\GCP-LPC17XX\Release\Obj\I2C_DeviceAPI.o
#        E:\GitHub\GCP-MulitMCUs\Project\GCP-LPC17XX\Release\Obj\I2C_DeviceOps.o
#        E:\GitHub\GCP-MulitMCUs\Project\GCP-LPC17XX\Release\Obj\i2s_17xx_40xx.o
#        E:\GitHub\GCP-MulitMCUs\Project\GCP-LPC17XX\Release\Obj\iap.o
#        E:\GitHub\GCP-MulitMCUs\Project\GCP-LPC17XX\Release\Obj\iar_startup_LPC17xx.o
#        E:\GitHub\GCP-MulitMCUs\Project\GCP-LPC17XX\Release\Obj\iocon_17xx_40xx.o
#        E:\GitHub\GCP-MulitMCUs\CNC\IPO\IPO-LIB-17XX.a
#        E:\GitHub\GCP-MulitMCUs\Project\GCP-LPC17XX\Release\Obj\IRQ_Man.o
#        E:\GitHub\GCP-MulitMCUs\Project\GCP-LPC17XX\Release\Obj\KEY.o
#        E:\GitHub\GCP-MulitMCUs\Project\GCP-LPC17XX\Release\Obj\LCD1602.o
#        E:\GitHub\GCP-MulitMCUs\Project\GCP-LPC17XX\Release\Obj\lcd_17xx_40xx.o
#        E:\GitHub\GCP-MulitMCUs\Project\GCP-LPC17XX\Release\Obj\Main.o
#        E:\GitHub\GCP-MulitMCUs\Project\GCP-LPC17XX\Release\Obj\MotorCtrl.o
#        E:\GitHub\GCP-MulitMCUs\Project\GCP-LPC17XX\Release\Obj\MST_Interface.o
#        E:\GitHub\GCP-MulitMCUs\Project\GCP-LPC17XX\Release\Obj\MST_MainCtrl.o
#        E:\GitHub\GCP-MulitMCUs\Project\GCP-LPC17XX\Release\Obj\MST_MCode.o
#        E:\GitHub\GCP-MulitMCUs\Project\GCP-LPC17XX\Release\Obj\MST_TCode.o
#        E:\GitHub\GCP-MulitMCUs\Project\GCP-LPC17XX\Release\Obj\NixieTube.o
#        E:\GitHub\GCP-MulitMCUs\Project\GCP-LPC17XX\Release\Obj\pmu_17xx_40xx.o
#        E:\GitHub\GCP-MulitMCUs\Project\GCP-LPC17XX\Release\Obj\PWM.o
#        E:\GitHub\GCP-MulitMCUs\Project\GCP-LPC17XX\Release\Obj\pwm_17xx_40xx.o
#        E:\GitHub\GCP-MulitMCUs\Project\GCP-LPC17XX\Release\Obj\PWM_Count.o
#        E:\GitHub\GCP-MulitMCUs\Project\GCP-LPC17XX\Release\Obj\PWM_MotorCtrl.o
#        E:\GitHub\GCP-MulitMCUs\Project\GCP-LPC17XX\Release\Obj\ring_buffer.o
#        E:\GitHub\GCP-MulitMCUs\Project\GCP-LPC17XX\Release\Obj\ritimer_17xx_40xx.o
#        E:\GitHub\GCP-MulitMCUs\Project\GCP-LPC17XX\Release\Obj\rtc_17xx_40xx.o
#        E:\GitHub\GCP-MulitMCUs\Project\GCP-LPC17XX\Release\Obj\sdc_17xx_40xx.o
#        E:\GitHub\GCP-MulitMCUs\Project\GCP-LPC17XX\Release\Obj\sdmmc_17xx_40xx.o
#        E:\GitHub\GCP-MulitMCUs\Project\GCP-LPC17XX\Release\Obj\SDRAM_AddrDef.o
#        E:\GitHub\GCP-MulitMCUs\Project\GCP-LPC17XX\Release\Obj\spi_17xx_40xx.o
#        E:\GitHub\GCP-MulitMCUs\Project\GCP-LPC17XX\Release\Obj\SPM_ParmCheck.o
#        E:\GitHub\GCP-MulitMCUs\Project\GCP-LPC17XX\Release\Obj\SPM_SysCtrlParm.o
#        E:\GitHub\GCP-MulitMCUs\Project\GCP-LPC17XX\Release\Obj\ssp_17xx_40xx.o
#        E:\GitHub\GCP-MulitMCUs\Project\GCP-LPC17XX\Release\Obj\SYS_CmuConfig.o
#        E:\GitHub\GCP-MulitMCUs\Project\GCP-LPC17XX\Release\Obj\SYS_CncConfig.o
#        E:\GitHub\GCP-MulitMCUs\Project\GCP-LPC17XX\Release\Obj\SYS_Ctrl.o
#        E:\GitHub\GCP-MulitMCUs\Project\GCP-LPC17XX\Release\Obj\SYS_Init.o
#        E:\GitHub\GCP-MulitMCUs\Project\GCP-LPC17XX\Release\Obj\sysctl_17xx_40xx.o
#        E:\GitHub\GCP-MulitMCUs\Project\GCP-LPC17XX\Release\Obj\sysinit.o
#        E:\GitHub\GCP-MulitMCUs\Project\GCP-LPC17XX\Release\Obj\sysinit_17xx_40xx.o
#        E:\GitHub\GCP-MulitMCUs\Project\GCP-LPC17XX\Release\Obj\SysTimer.o
#        E:\GitHub\GCP-MulitMCUs\Project\GCP-LPC17XX\Release\Obj\TempSensor.o
#        E:\GitHub\GCP-MulitMCUs\Project\GCP-LPC17XX\Release\Obj\timer_17xx_40xx.o
#        E:\GitHub\GCP-MulitMCUs\Project\GCP-LPC17XX\Release\Obj\TM1617.o
#        E:\GitHub\GCP-MulitMCUs\Project\GCP-LPC17XX\Release\Obj\UART.o
#        E:\GitHub\GCP-MulitMCUs\Project\GCP-LPC17XX\Release\Obj\uart_17xx_40xx.o
#        E:\GitHub\GCP-MulitMCUs\Project\GCP-LPC17XX\Release\Obj\VD_MachineIO.o
#        E:\GitHub\GCP-MulitMCUs\Project\GCP-LPC17XX\Release\Obj\VM_HwCtrl.o
#        E:\GitHub\GCP-MulitMCUs\Project\GCP-LPC17XX\Release\Obj\VM_MainProc.o
#        E:\GitHub\GCP-MulitMCUs\Project\GCP-LPC17XX\Release\Obj\VM_MotorCtrl.o
#        E:\GitHub\GCP-MulitMCUs\Project\GCP-LPC17XX\Release\Obj\Watchdog.o
#        E:\GitHub\GCP-MulitMCUs\Project\GCP-LPC17XX\Release\Obj\wwdt_17xx_40xx.o
#        -o
#        E:\GitHub\GCP-MulitMCUs\Project\GCP-LPC17XX\Release\Exe\GCP-LPC17XX.out.tmp
#        --map
#        E:\GitHub\GCP-MulitMCUs\Project\GCP-LPC17XX\Release\List\GCP-LPC17XX.map
#        --config
#        E:\GitHub\GCP-MulitMCUs\Project\GCP-LPC17XX\settings\GCP-LPC17XX.icf
#        --semihosting --entry __iar_program_start --inline --vfe
#
###############################################################################

*******************************************************************************
*** RUNTIME MODEL ATTRIBUTES
***

CppFlavor       = *
__Heap_Handler  = DLMalloc
__SystemLibrary = DLib


*******************************************************************************
*** PLACEMENT SUMMARY
***

"A1":  place at 0x00000000 { ro section .intvec };
"P1":  place in [from 0x00000000 to 0x000002fb] |
                [from 0x00000300 to 0x0007ffff] { ro };
"P2":  place in [from 0x10000000 to 0x10007fdf] { rw, block CSTACK, block HEAP };

  Section             Kind        Address     Size  Object
  -------             ----        -------     ----  ------
"A1":                                         0xcc
  .intvec             ro code  0x00000000     0xcc  iar_startup_LPC17xx.o [1]
                             - 0x000000cc     0xcc

"P1", part 1 of 2:                           0x1a4
  CRPKEY              ro code  0x000000cc      0x0  iar_startup_LPC17xx.o [1]
  .rodata             const    0x000000cc      0x0  zero_init3.o [6]
  .rodata             const    0x000000cc      0x0  copy_init3.o [6]
  Initializer bytes   const    0x000000cc    0x1a4  <for P2 s0>
                             - 0x00000270    0x1a4

"P1", part 2 of 2:                         0x22050
  .text               ro code  0x00000300   0x2cac  IPO_PosCtrlMotion.o [3]
  .text               ro code  0x00002fac     0x84  FltAdd.o [5]
  .text               ro code  0x00003030     0x2e  DblCmpLe.o [5]
  .rodata             const    0x0000305e      0x2  HW_IRQHandler.o [1]
  .text               ro code  0x00003060     0x4e  FltToDbl.o [5]
  .text               ro code  0x000030b0     0xd8  FltMul.o [5]
  .text               ro code  0x00003188    0x3b4  IPO_AssistantFun.o [3]
  .text               ro code  0x0000353c    0x1a2  DblMul.o [5]
  .text               ro code  0x000036e0     0xe8  DblAdd.o [5]
  .text               ro code  0x000037c8     0x90  DblToFlt.o [5]
  .text               ro code  0x00003858    0x180  DblSub.o [5]
  .text               ro code  0x000039d8     0x24  FltCmpLe.o [5]
  .text               ro code  0x000039fc     0xe6  FltSub.o [5]
  .text               ro code  0x00003ae4     0xfc  FltDiv.o [5]
  .text               ro code  0x00003be0     0xf0  sqrt.o [5]
  .text               ro code  0x00003cd0    0x256  DblDiv.o [5]
  .text               ro code  0x00003f28     0x66  ABImemset.o [6]
  .text               ro code  0x00003f90     0x76  ABImemcpy_unaligned.o [6]
  .text               ro code  0x00004008    0x2a4  IPO_ParmMan.o [3]
  .text               ro code  0x000042ac     0x24  FltCmpGe.o [5]
  .text               ro code  0x000042d0   0x170c  IPO_JogCtrl_M4.o [3]
  .text               ro code  0x000059dc     0x2e  DblCmpGe.o [5]
  .text               ro code  0x00005a0c     0xe8  acos.o [5]
  .text               ro code  0x00005af4      0x6  cos.o [5]
  .text               ro code  0x00005afa     0x2c  copy_init3.o [6]
  .text               ro code  0x00005b28    0x850  pow.o [5]
  .text               ro code  0x00006378      0xc  iarEdom.o [6]
  .text               ro code  0x00006384     0x30  I32ToDbl.o [5]
  .text               ro code  0x000063b4     0x58  DblToI32.o [5]
  .text               ro code  0x0000640c    0xc10  IPO_SpeedCtrlMotion.o [3]
  .rodata             const    0x0000701c      0xc  SYS_Ctrl.o [1]
  .text               ro code  0x00007028    0x1e0  xatan.o [5]
  .text               ro code  0x00007208      0xc  errno.o [4]
  .text               ro code  0x00007214    0x426  xsin.o [5]
  .text               ro code  0x0000763a     0x42  xdnorm.o [5]
  .text               ro code  0x0000767c     0x7a  xdint.o [5]
  .text               ro code  0x000076f8     0x20  DblCmpEq.o [5]
  .text               ro code  0x00007718     0xac  xlog.o [5]
  .text               ro code  0x000077c4    0x2bc  xexp.o [5]
  .text               ro code  0x00007a80      0x2  xtls.o [4]
  .text               ro code  0x00007a84    0x160  xquad.o [5]
  .text               ro code  0x00007be4     0x32  xdtest.o [5]
  .text               ro code  0x00007c18    0x10c  xdscale.o [5]
  .text               ro code  0x00007d24    0x1a8  fmod.o [5]
  .text               ro code  0x00007ecc   0x2b08  IPO_AutoCtrl_M4.o [3]
  .text               ro code  0x0000a9d4     0x32  I32ToFlt.o [5]
  .text               ro code  0x0000aa08    0x3c0  IPO_AutoDataPrepare.o [3]
  .text               ro code  0x0000adc8    0x780  IPO_Calculate.o [3]
  .text               ro code  0x0000b548      0x6  sin.o [5]
  .text               ro code  0x0000b550    0x9a4  IPO_Lookahead.o [3]
  .text               ro code  0x0000bef4    0xce0  IPO_StateMan.o [3]
  .text               ro code  0x0000cbd4    0x330  IPO_BufMan.o [3]
  .text               ro code  0x0000cf04   0x123c  IPO_MotionDataPreprocess.o [3]
  .text               ro code  0x0000e140    0xcc0  IPO_JogCtrl.o [3]
  .text               ro code  0x0000ee00     0xd8  IPO_AxisStateMan.o [3]
  .text               ro code  0x0000eed8     0xf6  asin.o [5]
  .text               ro code  0x0000efd0    0x888  IPO_JogPosCtrlTable.o [3]
  .text               ro code  0x0000f858     0x44  FltToS32.o [5]
  .text               ro code  0x0000f89c   0x1adc  CMU_CmdProcess.o [1]
  .text               ro code  0x00011378    0x388  CMU_SendDataProcess.o [1]
  .text               ro code  0x00011700    0x8c0  CMU_PeriodDataMana.o [1]
  .text               ro code  0x00011fc0    0x12e  CMU_PubFun.o [1]
  .text               ro code  0x000120ee     0x48  CMU_ErrorMana.o [1]
  .text               ro code  0x00012138    0x1dc  AbstractionLayer.o [1]
  .text               ro code  0x00012314    0xe6c  CMU_ExApi.o [1]
  .text               ro code  0x00013180    0x35c  CMU_RcvDataProcess.o [1]
  .text               ro code  0x000134dc     0x34  CMU_CanInterface.o [1]
  .text               ro code  0x00013510    0x17c  CMU_EnetInterface.o [1]
  .text               ro code  0x0001368c    0x1e4  CMU_UartInterface.o [1]
  .text               ro code  0x00013870    0x380  CMU_Unpack.o [1]
  .text               ro code  0x00013bf0     0x62  memcmp_unaligned.o [6]
  .text               ro code  0x00013c54   0x14f0  dlmalloc.o [4]
  .text               ro code  0x00015144      0x6  abort.o [4]
  .text               ro code  0x0001514c     0x2c  xgetmemchunk.o [4]
  .text               ro code  0x00015178     0x14  exit.o [7]
  .text               ro code  0x0001518c   0x13a0  DEV_Abstract.o [1]
  .text               ro code  0x0001652c    0x180  ECM_ErrorCodeMan.o [1]
  .text               ro code  0x000166ac    0xe04  IPO_Interpolation.o [3]
  .text               ro code  0x000174b0    0x8a8  IPO_RapidSpeedCtrlTable.o [3]
  .text               ro code  0x00017d58    0x2cc  IPO_Interpolation_M4.o [3]
  .text               ro code  0x00018024     0x62  IPO_AHB.o [3]
  .text               ro code  0x00018088    0x58c  IPO_AutoCtrl.o [3]
  .text               ro code  0x00018614     0x54  IPO_Version.o [3]
  .text               ro code  0x00018668     0x24  FltToU32.o [5]
  .text               ro code  0x0001868c    0xbe0  CSM_CrdSysState.o [1]
  .text               ro code  0x0001926c    0x218  CSM_ParmMan.o [1]
  .text               ro code  0x00019484    0x2c0  CSM_AxisStateMan.o [1]
  .text               ro code  0x00019744    0x4c8  CSM_ProgBuf.o [1]
  .text               ro code  0x00019c0c    0xb00  SPM_SysCtrlParm.o [1]
  .text               ro code  0x0001a70c    0x288  SPM_ParmCheck.o [1]
  .text               ro code  0x0001a994     0x6c  CNCSYS_StateMan.o [1]
  .text               ro code  0x0001aa00    0x334  CSM_UserBuf.o [1]
  .text               ro code  0x0001ad34     0x1c  FltCmpEq.o [5]
  .text               ro code  0x0001ad50    0x8aa  CSM_MainCtrl.o [1]
  .text               ro code  0x0001b5fc    0x694  CSM_AutoCtrl.o [1]
  .text               ro code  0x0001bc90    0xa88  CSM_CircleDataProcess.o [1]
  .text               ro code  0x0001c718     0xcc  atan2.o [5]
  .text               ro code  0x0001c7e4      0x8  abs.o [4]
  .text               ro code  0x0001c7ec    0x8dc  BRD_DEV_Driver.o [1]
  .text               ro code  0x0001d0c8    0x214  BRD_AxisDev.o [1]
  .text               ro code  0x0001d2dc    0x1c4  MotorCtrl.o [1]
  .text               ro code  0x0001d4a0    0x298  PWM_MotorCtrl.o [1]
  .text               ro code  0x0001d738    0x574  GPIO_Man.o [1]
  .text               ro code  0x0001dcac     0x92  HAL_PwmCount.o [1]
  .text               ro code  0x0001dd3e     0x3c  HAL_Pwm.o [1]
  .text               ro code  0x0001dd7a     0x18  HAL_IRQHandler.o [1]
  .text               ro code  0x0001dd92     0x6a  HAL_Gpio.o [1]
  .text               ro code  0x0001ddfc     0xb6  SysTimer.o [1]
  .text               ro code  0x0001deb4      0x6  ABImemclr4.o [6]
  .text               ro code  0x0001debc    0x248  HW_TimeInput.o [1]
  .text               ro code  0x0001e104    0x288  HW_TimeOutput.o [1]
  .text               ro code  0x0001e38c    0x498  HW_IRQHandler.o [1]
  .text               ro code  0x0001e824    0x158  HW_Gpio.o [1]
  .text               ro code  0x0001e97c     0x14  HAL_SysTick.o [1]
  .text               ro code  0x0001e990      0xa  HAL_Delay.o [1]
  .text               ro code  0x0001e99c     0x32  ABImemset48.o [6]
  .text               ro code  0x0001e9ce     0xa0  iocon_17xx_40xx.o [1]
  .text               ro code  0x0001ea70     0xa6  timer_17xx_40xx.o [1]
  .text               ro code  0x0001eb18    0x244  clock_17xx_40xx.o [1]
  .text               ro code  0x0001ed5c    0x450  gpdma_17xx_40xx.o [1]
  .text               ro code  0x0001f1ac     0xc0  HW_SysTick.o [1]
  .text               ro code  0x0001f26c     0x48  HW_TimeDelay.o [1]
  .text               ro code  0x0001f2b4     0x10  chip_17xx_40xx.o [1]
  .text               ro code  0x0001f2c4     0x1e  ritimer_17xx_40xx.o [1]
  .text               ro code  0x0001f2e4    0x8c8  CSM_AxisMotion.o [1]
  .text               ro code  0x0001fbac    0x574  HW_Uart.o [1]
  .text               ro code  0x00020120    0x138  ring_buffer.o [1]
  .text               ro code  0x00020258    0x1b8  uart_17xx_40xx.o [1]
  .text               ro code  0x00020410    0x4e4  CSM_UserProgData.o [1]
  .text               ro code  0x000208f4    0x410  CNCSYS_Init.o [1]
  .text               ro code  0x00020d04     0x28  IPO_Interface.o [3]
  .text               ro code  0x00020d2c     0x20  MST_Interface.o [1]
  .text               ro code  0x00020d4c    0x2c4  MST_MainCtrl.o [1]
  .text               ro code  0x00021010    0x1e0  CSM_Interface.o [1]
  .text               ro code  0x000211f0     0x28  AHB_Init.o [1]
  .text               ro code  0x00021218    0x324  MST_MCode.o [1]
  .text               ro code  0x0002153c     0x5c  MST_TCode.o [1]
  .text               ro code  0x00021598    0x3c0  SYS_CmuConfig.o [1]
  .text               ro code  0x00021958     0x70  UART.o [1]
  .text               ro code  0x000219c8     0x74  HAL_Uart.o [1]
  .text               ro code  0x00021a3c    0x270  VM_HwCtrl.o [1]
  .text               ro code  0x00021cac    0x1e8  VM_MotorCtrl.o [1]
  .text               ro code  0x00021e94     0xc0  sysinit_17xx_40xx.o [1]
  .text               ro code  0x00021f54     0x68  HW_SysCtrl.o [1]
  .text               ro code  0x00021fbc     0x60  SYS_Ctrl.o [1]
  .text               ro code  0x0002201c     0x58  CSM_Version.o [1]
  .rodata             const    0x00022074     0x40  HW_TimeOutput.o [1]
  .text               ro code  0x000220b4     0x40  zero_init3.o [6]
  .text               ro code  0x000220f4     0x38  SYS_Init.o [1]
  .text               ro code  0x0002212c     0x18  IRQ_Man.o [1]
  .text               ro code  0x00022144     0x18  SYS_CncConfig.o [1]
  .text               ro code  0x0002215c     0x20  CoreCtrl.o [1]
  .text               ro code  0x0002217c      0x8  HAL_SysCtrl.o [1]
  .text               ro code  0x00022184     0x28  data_init.o [6]
  .iar.init_table     const    0x000221ac     0x24  - Linker created -
  .rodata             const    0x000221d0     0x20  HW_TimeInput.o [1]
  .text               ro code  0x000221f0     0x1a  cmain.o [6]
  .text               ro code  0x0002220a     0x14  Main.o [1]
  .text               ro code  0x0002221e      0x4  exit.o [4]
  .text               ro code  0x00022222     0x18  VM_MainProc.o [1]
  .text               ro code  0x0002223c      0xa  cexit.o [6]
  .rodata             const    0x00022248     0x18  gpdma_17xx_40xx.o [1]
  .rodata             const    0x00022260     0x18  gpdma_17xx_40xx.o [1]
  .text               ro code  0x00022278     0x18  sysinit.o [1]
  .rodata             const    0x00022290     0x10  HW_TimeInput.o [1]
  .rodata             const    0x000222a0     0x10  HW_TimeOutput.o [1]
  .rodata             const    0x000222b0     0x10  HW_Uart.o [1]
  .text               ro code  0x000222c0     0x10  iar_startup_LPC17xx.o [1]
  .rodata             const    0x000222d0      0xc  SYS_Ctrl.o [1]
  .text               ro code  0x000222dc      0xc  cstartup_M.o [6]
  .rodata             const    0x000222e8      0x8  BRD_DEV_Driver.o [1]
  .rodata             const    0x000222f0      0x8  CMU_EnetInterface.o [1]
  .rodata             const    0x000222f8      0x8  CMU_UartInterface.o [1]
  .rodata             const    0x00022300      0x8  CMU_Unpack.o [1]
  .rodata             const    0x00022308      0x8  CSM_Version.o [1]
  .rodata             const    0x00022310      0x8  IPO_Version.o [3]
  .rodata             const    0x00022318      0x4  HW_SysCtrl.o [1]
  .rodata             const    0x0002231c      0x4  HW_SysCtrl.o [1]
  .rodata             const    0x00022320      0x4  HW_TimeInput.o [1]
  .rodata             const    0x00022324      0x4  HW_Uart.o [1]
  .rodata             const    0x00022328      0x4  HW_Uart.o [1]
  .text               ro code  0x0002232c      0x4  iar_startup_LPC17xx.o [1]
  .text               ro code  0x00022330      0x4  iar_startup_LPC17xx.o [1]
  .text               ro code  0x00022334      0x4  iar_startup_LPC17xx.o [1]
  .text               ro code  0x00022338      0x4  iar_startup_LPC17xx.o [1]
  .text               ro code  0x0002233c      0x4  iar_startup_LPC17xx.o [1]
  .text               ro code  0x00022340      0x4  iar_startup_LPC17xx.o [1]
  .text               ro code  0x00022344      0x4  iar_startup_LPC17xx.o [1]
  .text               ro code  0x00022348      0x4  iar_startup_LPC17xx.o [1]
  .text               ro code  0x0002234c      0x4  iar_startup_LPC17xx.o [1]
                             - 0x00022350  0x22050

"P2":                                       0x6308
  P2 s0                        0x10000000    0x1a4  <Init block>
    .data             inited   0x10000000     0x8c  VD_MachineIO.o [1]
    .data             inited   0x1000008c     0x60  gpdma_17xx_40xx.o [1]
    .data             inited   0x100000ec     0x44  VD_MachineIO.o [1]
    .data             inited   0x10000130     0x20  PWM_MotorCtrl.o [1]
    .data             inited   0x10000150     0x10  GPIO_Man.o [1]
    .data             inited   0x10000160     0x10  VD_MachineIO.o [1]
    .data             inited   0x10000170     0x10  VM_HwCtrl.o [1]
    .data             inited   0x10000180     0x10  VM_MotorCtrl.o [1]
    .data             inited   0x10000190      0x4  CMU_Unpack.o [1]
    .data             inited   0x10000194      0x4  CMU_Unpack.o [1]
    .data             inited   0x10000198      0x4  HW_SysTick.o [1]
    .data             inited   0x1000019c      0x4  VM_MotorCtrl.o [1]
    __DLIB_PERTHREAD  inited   0x100001a0      0x4  errno.o [4]
  .bss                zero     0x100001a4    0xf00  SYS_CmuConfig.o [1]
  .bss                zero     0x100010a8    0xc80  IPO_Interpolation_M4.o [3]
  .bss                zero     0x10001d28    0x3c8  MST_MCode.o [1]
  .bss                zero     0x100020f0    0x228  CMU_ExApi.o [1]
  .bss                zero     0x10002318    0x200  CMU_PeriodDataMana.o [1]
  .bss                zero     0x10002518    0x200  DEV_Abstract.o [1]
  .bss                zero     0x10002718    0x200  HW_Uart.o [1]
  .bss                zero     0x10002918    0x1d8  dlmalloc.o [4]
  .bss                zero     0x10002af0    0x1ac  HW_IRQHandler.o [1]
  .bss                zero     0x10002c9c    0x190  MST_MCode.o [1]
  .bss                zero     0x10002e2c    0x190  MST_TCode.o [1]
  .bss                zero     0x10002fbc     0x7c  BRD_AxisDev.o [1]
  .bss                zero     0x10003038    0x190  IPO_Lookahead.o [3]
  .bss                zero     0x100031c8    0x190  IPO_Interpolation_M4.o [3]
  .bss                zero     0x10003358    0x108  IPO_Interpolation.o [3]
  .bss                zero     0x10003460    0x108  IPO_MotionDataPreprocess.o [3]
  .bss                zero     0x10003568    0x108  IPO_Interpolation_M4.o [3]
  .bss                zero     0x10003670    0x100  GPIO_Man.o [1]
  .bss                zero     0x10003770    0x100  GPIO_Man.o [1]
  .bss                zero     0x10003870     0xf0  DEV_Abstract.o [1]
  .bss                zero     0x10003960     0xc0  IPO_JogCtrl.o [3]
  .bss                zero     0x10003a20     0xc0  IPO_JogCtrl_M4.o [3]
  .bss                zero     0x10003ae0     0xc0  IPO_JogCtrl_M4.o [3]
  .bss                zero     0x10003ba0     0xa4  CSM_Interface.o [1]
  .bss                zero     0x10003c44     0xa0  DEV_Abstract.o [1]
  .bss                zero     0x10003ce4     0x3c  IPO_Interface.o [3]
  .bss                zero     0x10003d20     0x90  CSM_MainCtrl.o [1]
  .bss                zero     0x10003db0     0x88  CMU_EnetInterface.o [1]
  .bss                zero     0x10003e38     0x88  CMU_UartInterface.o [1]
  .bss                zero     0x10003ec0     0x80  CMU_EnetInterface.o [1]
  .bss                zero     0x10003f40     0x80  CMU_EnetInterface.o [1]
  .bss                zero     0x10003fc0     0x80  CMU_UartInterface.o [1]
  .bss                zero     0x10004040     0x80  CMU_UartInterface.o [1]
  .bss                zero     0x100040c0     0x80  CMU_Unpack.o [1]
  .bss                zero     0x10004140     0x80  IPO_JogPosCtrlTable.o [3]
  .bss                zero     0x100041c0     0x80  IPO_RapidSpeedCtrlTable.o [3]
  .bss                zero     0x10004240     0x70  IPO_Interpolation.o [3]
  .bss                zero     0x100042b0     0x60  CSM_MainCtrl.o [1]
  .bss                zero     0x10004310     0x58  ECM_ErrorCodeMan.o [1]
  .bss                zero     0x10004368     0x50  CSM_MainCtrl.o [1]
  .bss                zero     0x100043b8     0x50  HW_Uart.o [1]
  .bss                zero     0x10004408     0x30  CMU_RcvDataProcess.o [1]
  .bss                zero     0x10004438     0x28  IPO_Lookahead.o [3]
  .bss                zero     0x10004460     0x20  CSM_ParmMan.o [1]
  .bss                zero     0x10004480     0x20  GPIO_Man.o [1]
  .bss                zero     0x100044a0     0x20  GPIO_Man.o [1]
  .bss                zero     0x100044c0     0x20  GPIO_Man.o [1]
  .bss                zero     0x100044e0     0x20  GPIO_Man.o [1]
  .bss                zero     0x10004500     0x20  PWM_MotorCtrl.o [1]
  .bss                zero     0x10004520     0x20  IPO_ParmMan.o [3]
  .bss                zero     0x10004540     0x20  IPO_ParmMan.o [3]
  .bss                zero     0x10004560     0x20  IPO_JogCtrl.o [3]
  .bss                zero     0x10004580     0x20  IPO_JogCtrl.o [3]
  .bss                zero     0x100045a0     0x20  IPO_JogCtrl.o [3]
  .bss                zero     0x100045c0     0x20  IPO_Interpolation_M4.o [3]
  .bss                zero     0x100045e0     0x20  IPO_Interpolation_M4.o [3]
  .bss                zero     0x10004600     0x1c  CSM_ProgBuf.o [1]
  .bss                zero     0x1000461c     0x1c  CSM_UserBuf.o [1]
  .bss                zero     0x10004638     0x1c  IPO_BufMan.o [3]
  .bss                zero     0x10004654     0x18  CMU_SendDataProcess.o [1]
  .bss                zero     0x1000466c     0x18  dlmalloc.o [4]
  .bss                zero     0x10004684     0x14  BRD_DEV_Driver.o [1]
  .bss                zero     0x10004698     0x14  CMU_CanInterface.o [1]
  .bss                zero     0x100046ac     0x14  CMU_EnetInterface.o [1]
  .bss                zero     0x100046c0     0x14  CMU_UartInterface.o [1]
  .bss                zero     0x100046d4     0x14  MST_Interface.o [1]
  .bss                zero     0x100046e8     0x10  CNCSYS_StateMan.o [1]
  .bss                zero     0x100046f8     0x10  CoreCtrl.o [1]
  .bss                zero     0x10004708     0x10  GPIO_Man.o [1]
  .bss                zero     0x10004718     0x10  MST_MainCtrl.o [1]
  .bss                zero     0x10004728     0x10  IPO_Interpolation.o [3]
  .bss                zero     0x10004738     0x10  IPO_ParmMan.o [3]
  .bss                zero     0x10004748     0x10  IPO_JogCtrl.o [3]
  .bss                zero     0x10004758     0x10  IPO_Interpolation_M4.o [3]
  .bss                zero     0x10004768      0xc  CMU_RcvDataProcess.o [1]
  .bss                zero     0x10004774      0xc  CMU_RcvDataProcess.o [1]
  .bss                zero     0x10004780      0xc  MotorCtrl.o [1]
  .bss                zero     0x1000478c      0xc  MotorCtrl.o [1]
  .bss                zero     0x10004798      0x8  BRD_DEV_Driver.o [1]
  .bss                zero     0x100047a0      0x8  BRD_DEV_Driver.o [1]
  .bss                zero     0x100047a8      0x8  DEV_Abstract.o [1]
  .bss                zero     0x100047b0      0x8  DEV_Abstract.o [1]
  .bss                zero     0x100047b8      0x8  gpdma_17xx_40xx.o [1]
  .bss                zero     0x100047c0      0x8  PWM_MotorCtrl.o [1]
  .bss                zero     0x100047c8      0x8  PWM_MotorCtrl.o [1]
  .bss                zero     0x100047d0      0x4  AbstractionLayer.o [1]
  .bss                zero     0x100047d4      0x4  AHB_Init.o [1]
  .bss                zero     0x100047d8      0x4  BRD_DEV_Driver.o [1]
  .bss                zero     0x100047dc      0x4  BRD_DEV_Driver.o [1]
  .bss                zero     0x100047e0      0x4  BRD_DEV_Driver.o [1]
  .bss                zero     0x100047e4      0x4  BRD_DEV_Driver.o [1]
  .bss                zero     0x100047e8      0x4  BRD_DEV_Driver.o [1]
  .bss                zero     0x100047ec      0x4  chip_17xx_40xx.o [1]
  .bss                zero     0x100047f0      0x4  CMU_PubFun.o [1]
  .bss                zero     0x100047f4      0x4  CMU_PubFun.o [1]
  .bss                zero     0x100047f8      0x4  CMU_RcvDataProcess.o [1]
  .bss                zero     0x100047fc      0x4  CMU_SendDataProcess.o [1]
  .bss                zero     0x10004800      0x4  CSM_MainCtrl.o [1]
  .bss                zero     0x10004804      0x4  CSM_MainCtrl.o [1]
  .bss                zero     0x10004808      0x4  CSM_MainCtrl.o [1]
  .bss                zero     0x1000480c      0x4  CSM_ParmMan.o [1]
  .bss                zero     0x10004810      0x4  CSM_ParmMan.o [1]
  .bss                zero     0x10004814      0x4  CSM_ParmMan.o [1]
  .bss                zero     0x10004818      0x4  CSM_ParmMan.o [1]
  .bss                zero     0x1000481c      0x4  CSM_ProgBuf.o [1]
  .bss                zero     0x10004820      0x4  CSM_ProgBuf.o [1]
  .bss                zero     0x10004824      0x4  CSM_ProgBuf.o [1]
  .bss                zero     0x10004828      0x4  CSM_UserBuf.o [1]
  .bss                zero     0x1000482c      0x4  CSM_UserBuf.o [1]
  .bss                zero     0x10004830      0x4  HW_SysTick.o [1]
  .bss                zero     0x10004834      0x4  HW_TimeDelay.o [1]
  .bss                zero     0x10004838      0x4  HW_Uart.o [1]
  .bss                zero     0x1000483c      0x4  HW_Uart.o [1]
  .bss                zero     0x10004840      0x4  HW_Uart.o [1]
  .bss                zero     0x10004844      0x4  HW_Uart.o [1]
  .bss                zero     0x10004848      0x4  HW_Uart.o [1]
  .bss                zero     0x1000484c      0x4  MotorCtrl.o [1]
  .bss                zero     0x10004850      0x4  MotorCtrl.o [1]
  .bss                zero     0x10004854      0x4  MotorCtrl.o [1]
  .bss                zero     0x10004858      0x4  MotorCtrl.o [1]
  .bss                zero     0x1000485c      0x4  SPM_SysCtrlParm.o [1]
  .bss                zero     0x10004860      0x4  SPM_SysCtrlParm.o [1]
  .bss                zero     0x10004864      0x4  SPM_SysCtrlParm.o [1]
  .bss                zero     0x10004868      0x4  SPM_SysCtrlParm.o [1]
  .bss                zero     0x1000486c      0x4  SPM_SysCtrlParm.o [1]
  .bss                zero     0x10004870      0x4  VM_MotorCtrl.o [1]
  .bss                zero     0x10004874      0x4  IPO_BufMan.o [3]
  .bss                zero     0x10004878      0x4  IPO_BufMan.o [3]
  .bss                zero     0x1000487c      0x4  IPO_BufMan.o [3]
  .bss                zero     0x10004880      0x4  IPO_BufMan.o [3]
  .bss                zero     0x10004884      0x4  IPO_JogPosCtrlTable.o [3]
  .bss                zero     0x10004888      0x4  IPO_JogPosCtrlTable.o [3]
  .bss                zero     0x1000488c      0x4  IPO_RapidSpeedCtrlTable.o [3]
  .bss                zero     0x10004890      0x4  IPO_RapidSpeedCtrlTable.o [3]
  .bss                zero     0x10004894      0x4  IPO_Interpolation.o [3]
  .bss                zero     0x10004898      0x4  IPO_Interpolation.o [3]
  .bss                zero     0x1000489c      0x4  IPO_Interface.o [3]
  .bss                zero     0x100048a0      0x4  IPO_AHB.o [3]
  .bss                zero     0x100048a4      0x4  IPO_AHB.o [3]
  .bss                zero     0x100048a8      0x4  IPO_AHB.o [3]
  .bss                zero     0x100048ac      0x4  IPO_AHB.o [3]
  .bss                zero     0x100048b0      0x4  IPO_AHB.o [3]
  .bss                zero     0x100048b4      0x4  IPO_AHB.o [3]
  .bss                zero     0x100048b8      0x4  IPO_ParmMan.o [3]
  .bss                zero     0x100048bc      0x4  IPO_ParmMan.o [3]
  .bss                zero     0x100048c0      0x4  IPO_ParmMan.o [3]
  .bss                zero     0x100048c4      0x4  IPO_ParmMan.o [3]
  .bss                zero     0x100048c8      0x4  IPO_ParmMan.o [3]
  .bss                zero     0x100048cc      0x4  IPO_Interpolation_M4.o [3]
  .bss                zero     0x100048d0      0x4  xgetmemchunk.o [4]
  .bss                zero     0x100048d4      0x2  CMU_Unpack.o [1]
  .bss                zero     0x100048d6      0x2  CMU_Unpack.o [1]
  .bss                zero     0x100048d8      0x2  CMU_Unpack.o [1]
  .bss                zero     0x100048da      0x2  CSM_Interface.o [1]
  .bss                zero     0x100048dc      0x2  CSM_UserBuf.o [1]
  .bss                zero     0x100048de      0x2  MST_MainCtrl.o [1]
  .bss                zero     0x100048e0      0x2  IPO_Interpolation.o [3]
  .bss                zero     0x100048e2      0x2  IPO_Interpolation.o [3]
  .bss                zero     0x100048e4      0x2  IPO_Interpolation.o [3]
  .bss                zero     0x100048e6      0x2  IPO_JogCtrl.o [3]
  .bss                zero     0x100048e8      0x1  AbstractionLayer.o [1]
  .bss                zero     0x100048e9      0x1  BRD_DEV_Driver.o [1]
  .bss                zero     0x100048ea      0x1  BRD_DEV_Driver.o [1]
  .bss                zero     0x100048eb      0x1  BRD_DEV_Driver.o [1]
  .bss                zero     0x100048ec      0x1  BRD_DEV_Driver.o [1]
  .bss                zero     0x100048ed      0x1  BRD_DEV_Driver.o [1]
  .bss                zero     0x100048ee      0x1  BRD_DEV_Driver.o [1]
  .bss                zero     0x100048ef      0x1  CMU_CanInterface.o [1]
  .bss                zero     0x100048f0      0x1  CMU_CanInterface.o [1]
  .bss                zero     0x100048f1      0x1  CMU_EnetInterface.o [1]
  .bss                zero     0x100048f2      0x1  CMU_EnetInterface.o [1]
  .bss                zero     0x100048f3      0x1  CMU_PeriodDataMana.o [1]
  .bss                zero     0x100048f4      0x1  CMU_PeriodDataMana.o [1]
  .bss                zero     0x100048f5      0x1  CMU_PeriodDataMana.o [1]
  .bss                zero     0x100048f6      0x1  CMU_PubFun.o [1]
  .bss                zero     0x100048f7      0x1  CMU_UartInterface.o [1]
  .bss                zero     0x100048f8      0x1  CMU_UartInterface.o [1]
  .bss                zero     0x100048f9      0x1  CMU_UartInterface.o [1]
  .bss                zero     0x100048fa      0x1  CMU_Unpack.o [1]
  .bss                zero     0x100048fb      0x1  CNCSYS_Init.o [1]
  .bss                zero     0x100048fc      0x1  DEV_Abstract.o [1]
  .bss                zero     0x100048fd      0x1  DEV_Abstract.o [1]
  .bss                zero     0x100048fe      0x1  DEV_Abstract.o [1]
  .bss                zero     0x100048ff      0x1  DEV_Abstract.o [1]
  .bss                zero     0x10004900      0x1  DEV_Abstract.o [1]
  .bss                zero     0x10004901      0x1  DEV_Abstract.o [1]
  .bss                zero     0x10004902      0x1  HW_Uart.o [1]
  .bss                zero     0x10004903      0x1  MotorCtrl.o [1]
  .bss                zero     0x10004904      0x1  MotorCtrl.o [1]
  .bss                zero     0x10004905      0x1  SysTimer.o [1]
  CSTACK                       0x10004908    0x800  <Block>
    CSTACK            uninit   0x10004908    0x800  <Block tail>
  HEAP                         0x10005108   0x1200  <Block>
    HEAP              uninit   0x10005108   0x1200  <Block tail>
                             - 0x10006308   0x6308


*******************************************************************************
*** INIT TABLE
***

          Address     Size
          -------     ----
Zero (__iar_zero_init3)
    1 destination range, total size 0x4762:
          0x100001a4  0x4762

Copy (__iar_copy_init3)
    1 source range, total size 0x1a4:
          0x000000cc   0x1a4
    1 destination range, total size 0x1a4:
          0x10000000   0x1a4



*******************************************************************************
*** MODULE SUMMARY
***

    Module                      ro code  ro data  rw data
    ------                      -------  -------  -------
E:\GitHub\GCP-MulitMCUs\Project\GCP-LPC17XX\Release\Obj: [1]
    AHB_Init.o                       40                 4
    AbstractionLayer.o              476                 5
    BRD_AxisDev.o                   532               124
    BRD_DEV_Driver.o              2 268        8       62
    CMU_CanInterface.o               52                22
    CMU_CmdProcess.o              6 876
    CMU_EnetInterface.o             380        8      414
    CMU_ErrorMana.o                  72
    CMU_ExApi.o                   3 692               552
    CMU_PeriodDataMana.o          2 240               515
    CMU_PubFun.o                    302                 9
    CMU_RcvDataProcess.o            860                76
    CMU_SendDataProcess.o           904                28
    CMU_UartInterface.o             484        8      415
    CMU_Unpack.o                    896       16      143
    CNCSYS_Init.o                 1 040                 1
    CNCSYS_StateMan.o               108                16
    CSM_AutoCtrl.o                1 684
    CSM_AxisMotion.o              2 248
    CSM_AxisStateMan.o              704
    CSM_CircleDataProcess.o       2 696
    CSM_CrdSysState.o             3 040
    CSM_Interface.o                 480               166
    CSM_MainCtrl.o                2 218               332
    CSM_ParmMan.o                   536                48
    CSM_ProgBuf.o                 1 224                40
    CSM_UserBuf.o                   820                38
    CSM_UserProgData.o            1 252
    CSM_Version.o                    88        8
    CoreCtrl.o                       32                16
    DEV_Abstract.o                5 024               934
    ECM_ErrorCodeMan.o              384                88
    GPIO_Man.o                    1 396       16      672
    HAL_Delay.o                      10
    HAL_Gpio.o                      106
    HAL_IRQHandler.o                 24
    HAL_Pwm.o                        60
    HAL_PwmCount.o                  146
    HAL_SysCtrl.o                     8
    HAL_SysTick.o                    20
    HAL_Uart.o                      116
    HW_Gpio.o                       344
    HW_IRQHandler.o               1 176        2      428
    HW_SysCtrl.o                    104        8
    HW_SysTick.o                    192        4        8
    HW_TimeDelay.o                   72                 4
    HW_TimeInput.o                  584       52
    HW_TimeOutput.o                 648       80
    HW_Uart.o                     1 396       24      613
    IRQ_Man.o                        24
    MST_Interface.o                  32                20
    MST_MCode.o                     804             1 368
    MST_MainCtrl.o                  708                18
    MST_TCode.o                      92               400
    Main.o                           20
    MotorCtrl.o                     452                42
    PWM_MotorCtrl.o                 664       32       80
    SPM_ParmCheck.o                 648
    SPM_SysCtrlParm.o             2 816                20
    SYS_CmuConfig.o                 960             3 840
    SYS_CncConfig.o                  24
    SYS_Ctrl.o                       96       24
    SYS_Init.o                       56
    SysTimer.o                      182                 1
    UART.o                          112
    VD_MachineIO.o                           224      224
    VM_HwCtrl.o                     624       16       16
    VM_MainProc.o                    24
    VM_MotorCtrl.o                  488       20       24
    chip_17xx_40xx.o                 16                 4
    clock_17xx_40xx.o               580
    gpdma_17xx_40xx.o             1 104      144      104
    iar_startup_LPC17xx.o           256
    iocon_17xx_40xx.o               160
    ring_buffer.o                   312
    ritimer_17xx_40xx.o              30
    sysinit.o                        24
    sysinit_17xx_40xx.o             192
    timer_17xx_40xx.o               166
    uart_17xx_40xx.o                440
    -----------------------------------------------------
    Total:                       62 160      694   11 934

command line: [2]
    -----------------------------------------------------
    Total:

IPO-LIB-17XX.a: [3]
    IPO_AHB.o                        98                24
    IPO_AssistantFun.o              948
    IPO_AutoCtrl.o                1 420
    IPO_AutoCtrl_M4.o            11 016
    IPO_AutoDataPrepare.o           960
    IPO_AxisStateMan.o              216
    IPO_BufMan.o                    816                44
    IPO_Calculate.o               1 920
    IPO_Interface.o                  40                64
    IPO_Interpolation.o           3 588               406
    IPO_Interpolation_M4.o          716             3 948
    IPO_JogCtrl.o                 3 264               306
    IPO_JogCtrl_M4.o              5 900               384
    IPO_JogPosCtrlTable.o         2 184               136
    IPO_Lookahead.o               2 468               440
    IPO_MotionDataPreprocess.o    4 668               264
    IPO_ParmMan.o                   676               100
    IPO_PosCtrlMotion.o          11 436
    IPO_RapidSpeedCtrlTable.o     2 216               136
    IPO_SpeedCtrlMotion.o         3 088
    IPO_StateMan.o                3 296
    IPO_Version.o                    84        8
    -----------------------------------------------------
    Total:                       61 018        8    6 252

dl7M_tln.a: [4]
    abort.o                           6
    abs.o                             8
    dlmalloc.o                    5 360               496
    errno.o                          12        4        4
    exit.o                            4
    xgetmemchunk.o                   44                 4
    xtls.o                            2
    -----------------------------------------------------
    Total:                        5 436        4      504

m7M_tl.a: [5]
    DblAdd.o                        232
    DblCmpEq.o                       32
    DblCmpGe.o                       46
    DblCmpLe.o                       46
    DblDiv.o                        598
    DblMul.o                        418
    DblSub.o                        384
    DblToFlt.o                      144
    DblToI32.o                       88
    FltAdd.o                        132
    FltCmpEq.o                       28
    FltCmpGe.o                       36
    FltCmpLe.o                       36
    FltDiv.o                        252
    FltMul.o                        216
    FltSub.o                        230
    FltToDbl.o                       78
    FltToS32.o                       68
    FltToU32.o                       36
    I32ToDbl.o                       48
    I32ToFlt.o                       50
    acos.o                          232
    asin.o                          246
    atan2.o                         204
    cos.o                             6
    fmod.o                          424
    pow.o                         2 128
    sin.o                             6
    sqrt.o                          240
    xatan.o                         480
    xdint.o                         122
    xdnorm.o                         66
    xdscale.o                       268
    xdtest.o                         50
    xexp.o                          700
    xlog.o                          172
    xquad.o                         352
    xsin.o                        1 062
    -----------------------------------------------------
    Total:                        9 956

rt7M_tl.a: [6]
    ABImemclr4.o                      6
    ABImemcpy_unaligned.o           118
    ABImemset.o                     102
    ABImemset48.o                    50
    cexit.o                          10
    cmain.o                          26
    copy_init3.o                     44
    cstartup_M.o                     12
    data_init.o                      40
    iarEdom.o                        12
    memcmp_unaligned.o               98
    zero_init3.o                     64
    -----------------------------------------------------
    Total:                          582

shb_l.a: [7]
    exit.o                           20
    -----------------------------------------------------
    Total:                           20

    Gaps                             52        2        4
    Linker created                            36    6 656
---------------------------------------------------------
    Grand Total:                139 224      744   25 350


*******************************************************************************
*** ENTRY LIST
***

Entry                      Address   Size  Type      Object
-----                      -------   ----  ----      ------
.iar.init_table$$Base   0x000221ac          --   Gb  - Linker created -
.iar.init_table$$Limit  0x000221d0          --   Gb  - Linker created -
?main                   0x000221f1         Code  Gb  cmain.o [6]
ADC_IRQHandler          0x0001e763    0xa  Code  Gb  HW_IRQHandler.o [1]
ADDA_SetDAStatus        0x000164c5   0x54  Code  Gb  DEV_Abstract.o [1]
AHB_Init                0x000211f1   0x28  Code  Gb  AHB_Init.o [1]
AXIS_CountCallBack      0x0001d31b   0x24  Code  Gb  MotorCtrl.o [1]
AXIS_Init               0x0001d2dd   0x3e  Code  Gb  MotorCtrl.o [1]
Adda_CmdProcess         0x0001117d   0x74  Code  Gb  CMU_CmdProcess.o [1]
Adda_NomalGetCmdProcess
                        0x00011135   0x48  Code  Gb  CMU_CmdProcess.o [1]
Adda_NomalSetCmdProcess
                        0x000110e1   0x54  Code  Gb  CMU_CmdProcess.o [1]
ArcCCmdTranslate        0x0000fc97   0x56  Code  Gb  CMU_CmdProcess.o [1]
ArcPTCmdTranslate       0x0000fd41   0x42  Code  Gb  CMU_CmdProcess.o [1]
ArcRCmdTranslate        0x0000fced   0x54  Code  Gb  CMU_CmdProcess.o [1]
AxisPosCtrlMotionFun    0x00012371    0x6  Code  Gb  CMU_ExApi.o [1]
AxisSpeedCtrlMotionFun  0x00012377    0x6  Code  Gb  CMU_ExApi.o [1]
BOD_IRQHandler          0x0001e76d    0xa  Code  Gb  HW_IRQHandler.o [1]
BRD_AxisGetAxisState    0x0001d1d1   0x6c  Code  Gb  BRD_AxisDev.o [1]
BRD_AxisInit            0x0001d0c9  0x108  Code  Gb  BRD_AxisDev.o [1]
BRD_AxisSetAxisParm     0x0001d23d   0x10  Code  Gb  BRD_AxisDev.o [1]
BRD_AxisSetCmd          0x0001d28d   0x50  Code  Gb  BRD_AxisDev.o [1]
BRD_AxisSetFeed         0x0001d277   0x16  Code  Gb  BRD_AxisDev.o [1]
BRD_AxisSetSysCtrlParm  0x0001d261   0x16  Code  Gb  BRD_AxisDev.o [1]
BRD_DEV_AsynCycleService
                        0x0001cfcf    0x4  Code  Gb  BRD_DEV_Driver.o [1]
BRD_DEV_BusInit         0x0001c7ed  0x32c  Code  Gb  BRD_DEV_Driver.o [1]
BRD_DEV_CheckFree       0x0001ce69   0x1a  Code  Gb  BRD_DEV_Driver.o [1]
BRD_DEV_CheckLastCmdExeState
                        0x0001cec7   0x14  Code  Gb  BRD_DEV_Driver.o [1]
BRD_DEV_GetBusDriver    0x0001cff1   0x4e  Code  Gb  BRD_DEV_Driver.o [1]
BRD_DEV_GetDriverVersion
                        0x0001cfdf   0x12  Code  Gb  BRD_DEV_Driver.o [1]
BRD_DEV_GetSvParm       0x0001cfd3    0x6  Code  Gb  BRD_DEV_Driver.o [1]
BRD_DEV_GetVersion      0x0001cfd9    0x6  Code  Gb  BRD_DEV_Driver.o [1]
BRD_DEV_IsBusFree       0x0001ce83   0x10  Code  Gb  BRD_DEV_Driver.o [1]
BRD_DEV_LockForIPO      0x0001ce93   0x34  Code  Gb  BRD_DEV_Driver.o [1]
BRD_DEV_Scan            0x0001cc9f   0x44  Code  Gb  BRD_DEV_Driver.o [1]
BRD_DEV_SendFeed        0x0001cce3   0x66  Code  Gb  BRD_DEV_Driver.o [1]
BRD_DEV_SetAxisParmReadAddr
                        0x0001cc79    0x8  Code  Gb  BRD_DEV_Driver.o [1]
BRD_DEV_SetCmd          0x0001cd49  0x120  Code  Gb  BRD_DEV_Driver.o [1]
BRD_DEV_SetConfig       0x0001cb19  0x160  Code  Gb  BRD_DEV_Driver.o [1]
BRD_DEV_SetDeviceInfoAddr
                        0x0001cc89    0xe  Code  Gb  BRD_DEV_Driver.o [1]
BRD_DEV_SetDeviceStateAddr
                        0x0001cc97    0x8  Code  Gb  BRD_DEV_Driver.o [1]
BRD_DEV_SetParm         0x0001cedb   0x62  Code  Gb  BRD_DEV_Driver.o [1]
BRD_DEV_SetSysCtrlParmReadAddr
                        0x0001cc81    0x8  Code  Gb  BRD_DEV_Driver.o [1]
BRD_DEV_SynCycleService
                        0x0001cf3d   0x92  Code  Gb  BRD_DEV_Driver.o [1]
Board_SystemInit        0x00021f87   0x1a  Code  Gb  HW_SysCtrl.o [1]
CANActivity_IRQHandler  0x0001e805    0xc  Code  Gb  HW_IRQHandler.o [1]
CAN_IRQHandler          0x0001e781    0xa  Code  Gb  HW_IRQHandler.o [1]
CMU_AddInqRecord        0x00011739  0x16a  Code  Gb  CMU_PeriodDataMana.o [1]
CMU_AddToSendCtrlData   0x00011439   0x44  Code  Gb  CMU_SendDataProcess.o [1]
CMU_CAN_CheckInterfaceValid
                        0x000134dd    0x6  Code  Gb  CMU_CanInterface.o [1]
CMU_CAN_Close           0x000134f3   0x10  Code  Gb  CMU_CanInterface.o [1]
CMU_CAN_Open            0x000134e3   0x10  Code  Gb  CMU_CanInterface.o [1]
CMU_CheckSendBufFreeSize
                        0x00011403   0x12  Code  Gb  CMU_SendDataProcess.o [1]
CMU_CmdProcess          0x000112ab   0xc4  Code  Gb  CMU_CmdProcess.o [1]
CMU_CreateError         0x000120ef   0x48  Code  Gb  CMU_ErrorMana.o [1]
CMU_ENET_CheckInterfaceValid
                        0x00013511    0x6  Code  Gb  CMU_EnetInterface.o [1]
CMU_ENET_Close          0x00013523    0xc  Code  Gb  CMU_EnetInterface.o [1]
CMU_ENET_GetPack        0x00013569   0x2c  Code  Gb  CMU_EnetInterface.o [1]
CMU_ENET_Open           0x00013517    0xc  Code  Gb  CMU_EnetInterface.o [1]
CMU_ENET_RecvHandler    0x0001352f   0x3a  Code  Gb  CMU_EnetInterface.o [1]
CMU_ENET_SendPack       0x00013595   0xc6  Code  Gb  CMU_EnetInterface.o [1]
CMU_GetSendBufAddr      0x00011415   0x24  Code  Gb  CMU_SendDataProcess.o [1]
CMU_Init                0x0001203f   0x44  Code  Gb  CMU_PubFun.o [1]
CMU_InitExApi           0x000124cb  0xb84  Code  Gb  CMU_ExApi.o [1]
CMU_InitRecCtrlData     0x00013181   0x64  Code  Gb  CMU_RcvDataProcess.o [1]
CMU_IsSendFinished      0x00011379   0x12  Code  Gb  CMU_SendDataProcess.o [1]
CMU_MainProc            0x00012083   0x5a  Code  Gb  CMU_PubFun.o [1]
CMU_MainRcvProc         0x00013447   0x82  Code  Gb  CMU_RcvDataProcess.o [1]
CMU_MainSendProc        0x000114b7  0x23e  Code  Gb  CMU_SendDataProcess.o [1]
CMU_Malloc              0x00011fd9   0x66  Code  Gb  CMU_PubFun.o [1]
CMU_PeriodDataManaInit  0x00011701   0x30  Code  Gb  CMU_PeriodDataMana.o [1]
CMU_PeriodSendSwitch    0x00011731    0x8  Code  Gb  CMU_PeriodDataMana.o [1]
CMU_RecvHardwareBuff    0x00013877   0x14  Code  Lc  CMU_Unpack.o [1]
CMU_RecvNullEntry       0x00013871    0x6  Code  Lc  CMU_Unpack.o [1]
CMU_ResetSendCtrlData   0x0001138b   0x78  Code  Gb  CMU_SendDataProcess.o [1]
CMU_SendPeriodDataProc  0x00011f59   0x54  Code  Gb  CMU_PeriodDataMana.o [1]
CMU_SendResponsePack    0x0001147d   0x3a  Code  Gb  CMU_SendDataProcess.o [1]
CMU_SetComType          0x000120e9    0x6  Code  Gb  CMU_PubFun.o [1]
CMU_SetExternFun        0x00013055   0x16  Code  Gb  CMU_ExApi.o [1]
CMU_SetRSBufAddr        0x00011fc1   0x18  Code  Gb  CMU_PubFun.o [1]
CMU_SetUnpackRecvInterface
                        0x0001388b   0x16  Code  Gb  CMU_Unpack.o [1]
CMU_UART_CheckInterfaceValid
                        0x000136e1    0x6  Code  Gb  CMU_UartInterface.o [1]
CMU_UART_Close          0x000136f7   0x10  Code  Gb  CMU_UartInterface.o [1]
CMU_UART_GetPack        0x00013741   0x2c  Code  Gb  CMU_UartInterface.o [1]
CMU_UART_Open           0x000136e7   0x10  Code  Gb  CMU_UartInterface.o [1]
CMU_UART_RecvHandler    0x00013707   0x3a  Code  Gb  CMU_UartInterface.o [1]
CMU_UART_SendPack       0x0001376d   0xca  Code  Gb  CMU_UartInterface.o [1]
CMU_UART_SetInterface   0x000136af   0x32  Code  Gb  CMU_UartInterface.o [1]
CMU_UART_UnpackRecvAdapt
                        0x0001368d   0x22  Code  Lc  CMU_UartInterface.o [1]
CMU_UnPack              0x000138a1  0x32c  Code  Gb  CMU_Unpack.o [1]
CNCSYS_ClrAlarmBit      0x0001a9b9    0xc  Code  Gb  CNCSYS_StateMan.o [1]
CNCSYS_ClrStatusBit     0x0001a9ef    0xc  Code  Gb  CNCSYS_StateMan.o [1]
CNCSYS_GetAlarmBit      0x0001a9c5   0x12  Code  Gb  CNCSYS_StateMan.o [1]
CNCSYS_GetAlarmStatus   0x0001a9d7    0x6  Code  Gb  CNCSYS_StateMan.o [1]
CNCSYS_GetStateReadAddr
                        0x0001a9a9    0x4  Code  Gb  CNCSYS_StateMan.o [1]
CNCSYS_GetSysStatus     0x0001a9dd    0x6  Code  Gb  CNCSYS_StateMan.o [1]
CNCSYS_IPOInSysTick     0x000208f5   0x1a  Code  Gb  CNCSYS_Init.o [1]
CNCSYS_Init             0x00020b63   0x5e  Code  Gb  CNCSYS_Init.o [1]
CNCSYS_InitStateData    0x0001a995   0x14  Code  Gb  CNCSYS_StateMan.o [1]
CNCSYS_MainCtrl         0x00020c99   0x6c  Code  Gb  CNCSYS_Init.o [1]
CNCSYS_SetAlarmBit      0x0001a9ad    0xc  Code  Gb  CNCSYS_StateMan.o [1]
CNCSYS_SetStatusBit     0x0001a9e3    0xc  Code  Gb  CNCSYS_StateMan.o [1]
COM_AL_GetComType       0x0001220b    0x6  Code  Gb  AbstractionLayer.o [1]
COM_AL_GetMaxSendLen    0x00012297   0x2a  Code  Gb  AbstractionLayer.o [1]
COM_AL_GetMaxSendPacks  0x000122c1   0x22  Code  Gb  AbstractionLayer.o [1]
COM_AL_GetPack          0x00012211   0x44  Code  Gb  AbstractionLayer.o [1]
COM_AL_Init             0x00012139    0xe  Code  Gb  AbstractionLayer.o [1]
COM_AL_Open             0x00012147   0xc4  Code  Gb  AbstractionLayer.o [1]
COM_AL_RcvHandle        0x000122e3   0x28  Code  Gb  AbstractionLayer.o [1]
COM_AL_SendPack         0x00012255   0x42  Code  Gb  AbstractionLayer.o [1]
COM_PL_PackDataProc     0x00013335  0x112  Code  Gb  CMU_RcvDataProcess.o [1]
COM_PL_ResetRcvCtrlData
                        0x000131e5   0x3e  Code  Gb  CMU_RcvDataProcess.o [1]
COM_PL_SavePackToRcvCtrlData
                        0x000132bf   0x76  Code  Gb  CMU_RcvDataProcess.o [1]
COM_PL_WaitForProcResult
                        0x00013223   0x9c  Code  Gb  CMU_RcvDataProcess.o [1]
CRP_Value               0x000000cd         Code  Gb  iar_startup_LPC17xx.o [1]
CSM_AddProgDataToBuf    0x000199b9   0xb8  Code  Gb  CSM_ProgBuf.o [1]
CSM_AddUserDataToBuf    0x0001abe5   0xce  Code  Gb  CSM_UserBuf.o [1]
CSM_AllChProgEStop      0x00018dc3    0xe  Code  Gb  CSM_CrdSysState.o [1]
CSM_AutoMainCtrl        0x0001b983  0x2f8  Code  Gb  CSM_AutoCtrl.o [1]
CSM_AxisJogEStop        0x0001f7ef   0x48  Code  Gb  CSM_AxisMotion.o [1]
CSM_CheckAxisAlarm      0x000189ff   0x42  Code  Gb  CSM_CrdSysState.o [1]
CSM_CheckCrdSysFree     0x0001868d   0x1a  Code  Gb  CSM_CrdSysState.o [1]
CSM_CheckCrdSysInterrelation
                        0x0001936d   0x12  Code  Gb  CSM_ParmMan.o [1]
CSM_CheckCurLineGCodeExeFinish
                        0x0001b671   0x64  Code  Gb  CSM_AutoCtrl.o [1]
CSM_CheckGCodeExeFinish
                        0x0001b5fd   0x74  Code  Gb  CSM_AutoCtrl.o [1]
CSM_CheckGCodeExist     0x0001b6d5   0x18  Code  Gb  CSM_AutoCtrl.o [1]
CSM_CheckMotorReadyForJog
                        0x0001f2e5  0x190  Code  Gb  CSM_AxisMotion.o [1]
CSM_CheckProgDataVaild  0x0001b6ed   0x3c  Code  Gb  CSM_AutoCtrl.o [1]
CSM_CheckResetState     0x00018775   0x1a  Code  Gb  CSM_CrdSysState.o [1]
CSM_CheckSysFree        0x000186a7   0x20  Code  Gb  CSM_CrdSysState.o [1]
CSM_CircleDataProcess   0x0001c6bd   0x5c  Code  Gb  CSM_CircleDataProcess.o [1]
CSM_CircleDataProcess_CenterPT
                        0x0001c4db  0x1ac  Code  Gb  CSM_CircleDataProcess.o [1]
CSM_CircleDataProcess_Radius
                        0x0001c26f  0x26c  Code  Gb  CSM_CircleDataProcess.o [1]
CSM_CircleDataProcess_ThreePT
                        0x0001bc91  0x5de  Code  Gb  CSM_CircleDataProcess.o [1]
CSM_ClearProgData       0x000198cd   0xac  Code  Gb  CSM_ProgBuf.o [1]
CSM_ClearProgExeState   0x000190a5   0x54  Code  Gb  CSM_CrdSysState.o [1]
CSM_ClearUserData       0x0001ab75   0x30  Code  Gb  CSM_UserBuf.o [1]
CSM_EnableSingleSegmentMode
                        0x0001893b   0xc4  Code  Gb  CSM_CrdSysState.o [1]
CSM_EnableVerify        0x00018885   0xb6  Code  Gb  CSM_CrdSysState.o [1]
CSM_GetAllCrdSysMask    0x0001937f   0x1c  Code  Gb  CSM_ParmMan.o [1]
CSM_GetAxisCmdPos       0x000194a7   0x24  Code  Gb  CSM_AxisStateMan.o [1]
CSM_GetAxisMapMotorMask
                        0x000193d5   0x34  Code  Gb  CSM_ParmMan.o [1]
CSM_GetAxisMapMotorNO   0x000193a9   0x2c  Code  Gb  CSM_ParmMan.o [1]
CSM_GetAxisStateData    0x00019485   0x22  Code  Gb  CSM_AxisStateMan.o [1]
CSM_GetCrdSysAxisCount  0x0001939b    0xe  Code  Gb  CSM_ParmMan.o [1]
CSM_GetCrdSysCount      0x00019365    0x8  Code  Gb  CSM_ParmMan.o [1]
CSM_GetCrdSysStateReadAddr
                        0x00019241    0xa  Code  Gb  CSM_CrdSysState.o [1]
CSM_GetCtrlMode         0x00018835   0x14  Code  Gb  CSM_CrdSysState.o [1]
CSM_GetMotorMapCrdSysIndex
                        0x00019409   0x60  Code  Gb  CSM_ParmMan.o [1]
CSM_GetProgBufStateReadAddr
                        0x00019bdd    0xa  Code  Gb  CSM_ProgBuf.o [1]
CSM_GetProgBufStatus    0x00019b5d    0xc  Code  Gb  CSM_ProgBuf.o [1]
CSM_GetProgData         0x00019a71   0x90  Code  Gb  CSM_ProgBuf.o [1]
CSM_GetUserBufStateReadAddr
                        0x0001ad11    0xa  Code  Gb  CSM_UserBuf.o [1]
CSM_GetVersion          0x0002201d   0x58  Code  Gb  CSM_Version.o [1]
CSM_InitCrdSysMotorIndex
                        0x000192ab   0xba  Code  Gb  CSM_ParmMan.o [1]
CSM_InitData            0x0001ad51   0xd0  Code  Gb  CSM_MainCtrl.o [1]
CSM_InitInterface       0x00021011  0x1e0  Code  Gb  CSM_Interface.o [1]
CSM_InitProgBuf         0x00019753   0xf8  Code  Gb  CSM_ProgBuf.o [1]
CSM_InitUserBuf         0x0001aa0f   0xde  Code  Gb  CSM_UserBuf.o [1]
CSM_MainCtrl            0x0001b59b   0x60  Code  Gb  CSM_MainCtrl.o [1]
CSM_MonitorAxisAlarm    0x0001b56d   0x2e  Code  Gb  CSM_MainCtrl.o [1]
CSM_MonitorCrdSysAlarm  0x0001b51b   0x32  Code  Gb  CSM_MainCtrl.o [1]
CSM_MonitorSysAlarm     0x0001ae29   0x1c  Code  Gb  CSM_MainCtrl.o [1]
CSM_MotorJogEStop       0x0001fb81   0x12  Code  Gb  CSM_AxisMotion.o [1]
CSM_ParmManInit         0x00019283   0x28  Code  Gb  CSM_ParmMan.o [1]
CSM_ProcessCtrlStatus   0x0001ae45  0x482  Code  Gb  CSM_MainCtrl.o [1]
CSM_ProcessGCode        0x0001b729  0x25a  Code  Gb  CSM_AutoCtrl.o [1]
CSM_ProgArcC            0x00020641   0xea  Code  Gb  CSM_UserProgData.o [1]
CSM_ProgArcPT           0x0002080f   0xda  Code  Gb  CSM_UserProgData.o [1]
CSM_ProgArcR            0x0002072b   0xe4  Code  Gb  CSM_UserProgData.o [1]
CSM_ProgBCode           0x000204c9   0x2e  Code  Gb  CSM_UserProgData.o [1]
CSM_ProgCancel          0x000190f9  0x122  Code  Gb  CSM_CrdSysState.o [1]
CSM_ProgDwell           0x00020411   0x30  Code  Gb  CSM_UserProgData.o [1]
CSM_ProgEStop           0x00018dd1   0xde  Code  Gb  CSM_CrdSysState.o [1]
CSM_ProgHold            0x00018fad   0xf8  Code  Gb  CSM_CrdSysState.o [1]
CSM_ProgIOCode          0x000204f7   0x46  Code  Gb  CSM_UserProgData.o [1]
CSM_ProgLine            0x000205bd   0x84  Code  Gb  CSM_UserProgData.o [1]
CSM_ProgMCode           0x00020441   0x2c  Code  Gb  CSM_UserProgData.o [1]
CSM_ProgRapid           0x0002053d   0x80  Code  Gb  CSM_UserProgData.o [1]
CSM_ProgRun             0x00018a41  0x266  Code  Gb  CSM_CrdSysState.o [1]
CSM_ProgSCode           0x0002046d   0x2e  Code  Gb  CSM_UserProgData.o [1]
CSM_ProgSegmentEndStop  0x00018eaf   0xfe  Code  Gb  CSM_CrdSysState.o [1]
CSM_ProgStop            0x00018ca7  0x11c  Code  Gb  CSM_CrdSysState.o [1]
CSM_ProgTCode           0x0002049b   0x2e  Code  Gb  CSM_UserProgData.o [1]
CSM_ReleaseProgData     0x00019b01   0x5c  Code  Gb  CSM_ProgBuf.o [1]
CSM_Reset               0x000186c7   0xae  Code  Gb  CSM_CrdSysState.o [1]
CSM_SetAxisJogStop      0x0001f74d   0xa2  Code  Gb  CSM_AxisMotion.o [1]
CSM_SetAxisPosCtrlMotion
                        0x0001f475  0x16c  Code  Gb  CSM_AxisMotion.o [1]
CSM_SetAxisSpeedCtrlMotion
                        0x0001f5e1  0x16c  Code  Gb  CSM_AxisMotion.o [1]
CSM_SetCrdSysAlarmBit   0x0001921b   0x1c  Code  Gb  CSM_CrdSysState.o [1]
CSM_SetCtrlMode         0x0001878f   0xa6  Code  Gb  CSM_CrdSysState.o [1]
CSM_SetFeedOverride     0x00018849   0x14  Code  Gb  CSM_CrdSysState.o [1]
CSM_SetMotorJogStop     0x0001fac3   0xbe  Code  Gb  CSM_AxisMotion.o [1]
CSM_SetMotorPosCtrlMotion
                        0x0001f837  0x152  Code  Gb  CSM_AxisMotion.o [1]
CSM_SetMotorSpeedCtrlMotion
                        0x0001f989  0x13a  Code  Gb  CSM_AxisMotion.o [1]
CSM_SetProgBufAddr      0x00019745    0xe  Code  Gb  CSM_ProgBuf.o [1]
CSM_SetProgBufMode      0x0001984b   0x82  Code  Gb  CSM_ProgBuf.o [1]
CSM_SetRapidOverride    0x0001885d   0x14  Code  Gb  CSM_CrdSysState.o [1]
CSM_SetSpindleOverride  0x00018871   0x14  Code  Gb  CSM_CrdSysState.o [1]
CSM_SetSysParmReadAddr  0x0001926d   0x16  Code  Gb  CSM_ParmMan.o [1]
CSM_SetUserBufAddr      0x0001aa01    0xe  Code  Gb  CSM_UserBuf.o [1]
CSM_SetUserBufMode      0x0001aaed   0x88  Code  Gb  CSM_UserBuf.o [1]
CSM_SpindleRun          0x0001924b    0x6  Code  Gb  CSM_CrdSysState.o [1]
CSM_SpindleStop         0x00019251    0x6  Code  Gb  CSM_CrdSysState.o [1]
CSM_UpdateCrdSysAxisMapTable
                        0x0001ae21    0x8  Code  Gb  CSM_MainCtrl.o [1]
CSM_UpdateIPOState      0x0001b2fd  0x21e  Code  Gb  CSM_MainCtrl.o [1]
CSM_UpdateMSTState      0x0001b2c7   0x36  Code  Gb  CSM_MainCtrl.o [1]
CSM_UpdateProgBufUseStatus
                        0x00019979   0x40  Code  Gb  CSM_ProgBuf.o [1]
CSM_UpdateUserBufUseStatus
                        0x0001aba5   0x40  Code  Gb  CSM_UserBuf.o [1]
CSM_UploadProgData      0x00019b69   0x74  Code  Gb  CSM_ProgBuf.o [1]
CSM_UploadUserData      0x0001acb3   0x5e  Code  Gb  CSM_UserBuf.o [1]
CSTACK$$Base            0x10004908          --   Gb  - Linker created -
CSTACK$$Limit           0x10005108          --   Gb  - Linker created -
ChannelHandlerArray     0x100047b8    0x8  Data  Lc  gpdma_17xx_40xx.o [1]
Chip_Clock_DisablePLL   0x0001eb91   0x24  Code  Gb  clock_17xx_40xx.o [1]
Chip_Clock_EnableCrystal
                        0x00021eb9    0xe  Code  Lc  sysinit_17xx_40xx.o [1]
Chip_Clock_EnablePLL    0x0001eb6d   0x24  Code  Gb  clock_17xx_40xx.o [1]
Chip_Clock_EnablePeriphClock
                        0x0001ebef   0x12  Code  Gb  clock_17xx_40xx.o [1]
Chip_Clock_FeedPLL      0x0001eb31   0x1a  Code  Lc  clock_17xx_40xx.o [1]
Chip_Clock_GetCPUClockDiv
                        0x0001ec21    0xa  Code  Gb  clock_17xx_40xx.o [1]
Chip_Clock_GetCPUClockSource
                        0x0001ec01   0x1a  Code  Gb  clock_17xx_40xx.o [1]
Chip_Clock_GetIntOscRate
                        0x0001eb5b    0x4  Code  Lc  clock_17xx_40xx.o [1]
Chip_Clock_GetMainClockRate
                        0x0001ed15   0x1e  Code  Gb  clock_17xx_40xx.o [1]
Chip_Clock_GetMainOscRate
                        0x0001eb55    0x6  Code  Lc  clock_17xx_40xx.o [1]
Chip_Clock_GetMainPLLInClockRate
                        0x0001eb65    0x8  Code  Lc  clock_17xx_40xx.o [1]
Chip_Clock_GetMainPLLOutClockRate
                        0x0001ecb7   0x36  Code  Gb  clock_17xx_40xx.o [1]
Chip_Clock_GetMainPLLSource
                        0x0001eb4b    0xa  Code  Lc  clock_17xx_40xx.o [1]
Chip_Clock_GetPCLKDiv   0x0001ec2b   0x64  Code  Gb  clock_17xx_40xx.o [1]
Chip_Clock_GetPeripheralClockRate
                        0x0001ed45   0x18  Code  Gb  clock_17xx_40xx.o [1]
Chip_Clock_GetRTCOscRate
                        0x0001eb5f    0x6  Code  Lc  clock_17xx_40xx.o [1]
Chip_Clock_GetSYSCLKRate
                        0x0001ec8f   0x28  Code  Gb  clock_17xx_40xx.o [1]
Chip_Clock_GetSystemClockRate
                        0x0001ed33   0x12  Code  Gb  clock_17xx_40xx.o [1]
Chip_Clock_IsCrystalEnabled
                        0x00021ec7    0xc  Code  Lc  sysinit_17xx_40xx.o [1]
Chip_Clock_IsMainPLLConnected
                        0x0001eb25    0xc  Code  Lc  clock_17xx_40xx.o [1]
Chip_Clock_IsMainPLLConnected
                        0x00021ead    0xc  Code  Lc  sysinit_17xx_40xx.o [1]
Chip_Clock_IsMainPLLEnabled
                        0x0001eb19    0xc  Code  Lc  clock_17xx_40xx.o [1]
Chip_Clock_IsMainPLLEnabled
                        0x00021e95    0xc  Code  Lc  sysinit_17xx_40xx.o [1]
Chip_Clock_IsMainPLLLocked
                        0x00021ea1    0xc  Code  Lc  sysinit_17xx_40xx.o [1]
Chip_Clock_SetCPUClockDiv
                        0x0001ec1b    0x6  Code  Gb  clock_17xx_40xx.o [1]
Chip_Clock_SetMainPLLSource
                        0x00021ed3    0x8  Code  Lc  sysinit_17xx_40xx.o [1]
Chip_Clock_SetupPLL     0x0001ebb5   0x3a  Code  Gb  clock_17xx_40xx.o [1]
Chip_GPDMA_ChannelCmd   0x0001f06d   0x2a  Code  Gb  gpdma_17xx_40xx.o [1]
Chip_GPDMA_ClearIntPending
                        0x0001f053   0x1a  Code  Gb  gpdma_17xx_40xx.o [1]
Chip_GPDMA_GetFreeChannel
                        0x0001f155   0x42  Code  Gb  gpdma_17xx_40xx.o [1]
Chip_GPDMA_Init         0x0001ef03   0x46  Code  Gb  gpdma_17xx_40xx.o [1]
Chip_GPDMA_InitChannelCfg
                        0x0001ef49   0xa2  Code  Gb  gpdma_17xx_40xx.o [1]
Chip_GPDMA_IntGetStatus
                        0x0001efeb   0x68  Code  Gb  gpdma_17xx_40xx.o [1]
Chip_GPDMA_Transfer     0x0001f097   0xbe  Code  Gb  gpdma_17xx_40xx.o [1]
Chip_GPIOINT_ClearIntStatus
                        0x0001e3a9    0xe  Code  Lc  HW_IRQHandler.o [1]
Chip_GPIOINT_GetStatusFalling
                        0x0001e38d    0xe  Code  Lc  HW_IRQHandler.o [1]
Chip_GPIOINT_GetStatusRising
                        0x0001e39b    0xe  Code  Lc  HW_IRQHandler.o [1]
Chip_GPIOINT_IsIntPending
                        0x0001e3b7    0xa  Code  Lc  HW_IRQHandler.o [1]
Chip_GPIO_GetPinState   0x0001e897   0x10  Code  Lc  HW_Gpio.o [1]
Chip_GPIO_Init          0x00021f7b    0xc  Code  Lc  HW_SysCtrl.o [1]
Chip_GPIO_SetPinDIRInput
                        0x0001e8bf   0x18  Code  Lc  HW_Gpio.o [1]
Chip_GPIO_SetPinDIROutput
                        0x0001e8a7   0x18  Code  Lc  HW_Gpio.o [1]
Chip_GPIO_SetPinState   0x0001e85d   0x3a  Code  Lc  HW_Gpio.o [1]
Chip_IOCON_DisableOD    0x0001e841   0x1c  Code  Lc  HW_Gpio.o [1]
Chip_IOCON_EnableOD     0x0001e825   0x1c  Code  Lc  HW_Gpio.o [1]
Chip_IOCON_Init         0x00021f6f    0xc  Code  Lc  HW_SysCtrl.o [1]
Chip_IOCON_PinMux       0x0001e9f1   0x7e  Code  Gb  iocon_17xx_40xx.o [1]
Chip_IOCON_PinMuxSet    0x0001e9cf   0x22  Code  Gb  iocon_17xx_40xx.o [1]
Chip_RIT_Disable        0x0001f26d    0xa  Code  Lc  HW_TimeDelay.o [1]
Chip_RIT_EnableCTRL     0x0001f277    0x8  Code  Lc  HW_TimeDelay.o [1]
Chip_RIT_Init           0x0001f2c5   0x1e  Code  Gb  ritimer_17xx_40xx.o [1]
Chip_SetupXtalClocking  0x00021ee9   0x6c  Code  Gb  sysinit_17xx_40xx.o [1]
Chip_TIMER_ClearMatch   0x0001def3    0x8  Code  Lc  HW_TimeInput.o [1]
Chip_TIMER_Disable      0x0001df05    0xa  Code  Lc  HW_TimeInput.o [1]
Chip_TIMER_Disable      0x0001e10f    0xa  Code  Lc  HW_TimeOutput.o [1]
Chip_TIMER_Enable       0x0001defb    0xa  Code  Lc  HW_TimeInput.o [1]
Chip_TIMER_Enable       0x0001e105    0xa  Code  Lc  HW_TimeOutput.o [1]
Chip_TIMER_ExtMatchControlSet
                        0x0001ead9   0x3e  Code  Gb  timer_17xx_40xx.o [1]
Chip_TIMER_Init         0x0001eaad   0x12  Code  Gb  timer_17xx_40xx.o [1]
Chip_TIMER_MatchEnableInt
                        0x0001df1d   0x16  Code  Lc  HW_TimeInput.o [1]
Chip_TIMER_MatchPending
                        0x0001dee5    0xe  Code  Lc  HW_TimeInput.o [1]
Chip_TIMER_PrescaleSet  0x0001e119    0x4  Code  Lc  HW_TimeOutput.o [1]
Chip_TIMER_ReadCount    0x0001df0f    0x4  Code  Lc  HW_TimeInput.o [1]
Chip_TIMER_Reset        0x0001eabf   0x1a  Code  Gb  timer_17xx_40xx.o [1]
Chip_TIMER_ResetOnMatchEnable
                        0x0001df33   0x1a  Code  Lc  HW_TimeInput.o [1]
Chip_TIMER_ResetOnMatchEnable
                        0x0001e127   0x1a  Code  Lc  HW_TimeOutput.o [1]
Chip_TIMER_SetMatch     0x0001df13    0xa  Code  Lc  HW_TimeInput.o [1]
Chip_TIMER_SetMatch     0x0001e11d    0xa  Code  Lc  HW_TimeOutput.o [1]
Chip_TIMER_TIMER_SetCountClockSrc
                        0x0001df4d    0xc  Code  Lc  HW_TimeInput.o [1]
Chip_TIMER_TIMER_SetCountClockSrc
                        0x0001e141    0xc  Code  Lc  HW_TimeOutput.o [1]
Chip_Timer_GetClockIndex
                        0x0001ea71   0x2e  Code  Lc  timer_17xx_40xx.o [1]
Chip_UART_ConfigData    0x0001fc17    0x4  Code  Lc  HW_Uart.o [1]
Chip_UART_ConfigData    0x00020263    0x4  Code  Lc  uart_17xx_40xx.o [1]
Chip_UART_DisableDivisorAccess
                        0x00020271    0xa  Code  Lc  uart_17xx_40xx.o [1]
Chip_UART_EnableDivisorAccess
                        0x00020267    0xa  Code  Lc  uart_17xx_40xx.o [1]
Chip_UART_GetClkIndex   0x000202bd   0x34  Code  Lc  uart_17xx_40xx.o [1]
Chip_UART_GetClockIndex
                        0x00020289   0x34  Code  Lc  uart_17xx_40xx.o [1]
Chip_UART_Init          0x000202f1   0x56  Code  Gb  uart_17xx_40xx.o [1]
Chip_UART_IntDisable    0x0001fc0b    0x8  Code  Lc  HW_Uart.o [1]
Chip_UART_IntEnable     0x0001fc03    0x8  Code  Lc  HW_Uart.o [1]
Chip_UART_RXIntHandlerRB
                        0x000203c9   0x26  Code  Gb  uart_17xx_40xx.o [1]
Chip_UART_Read          0x00020347   0x34  Code  Gb  uart_17xx_40xx.o [1]
Chip_UART_ReadByte      0x00020259    0x6  Code  Lc  uart_17xx_40xx.o [1]
Chip_UART_ReadLineStatus
                        0x00020285    0x4  Code  Lc  uart_17xx_40xx.o [1]
Chip_UART_ReadRB        0x000203ef   0x16  Code  Gb  uart_17xx_40xx.o [1]
Chip_UART_SetBaud       0x0002037b   0x4e  Code  Gb  uart_17xx_40xx.o [1]
Chip_UART_SetDivisorLatches
                        0x0002027b    0xa  Code  Lc  uart_17xx_40xx.o [1]
Chip_UART_SetupFIFOS    0x0001fc13    0x4  Code  Lc  HW_Uart.o [1]
Chip_UART_SetupFIFOS    0x0002025f    0x4  Code  Lc  uart_17xx_40xx.o [1]
CoreCtrl_ResetHandler   0x00022165   0x12  Code  Gb  CoreCtrl.o [1]
CoreCtrl_ResetSystemNow
                        0x0002215d    0x8  Code  Gb  CoreCtrl.o [1]
CrdGetAxisMapFun        0x0001233d    0x4  Code  Gb  CMU_ExApi.o [1]
CrdGetCtrlParmFun       0x00012341    0x4  Code  Gb  CMU_ExApi.o [1]
CrdGetProgBufStateFun   0x0001234b    0x6  Code  Gb  CMU_ExApi.o [1]
CrdGetStateFun          0x00012345    0x6  Code  Gb  CMU_ExApi.o [1]
CrdLoadIIPDataFun       0x00012337    0x6  Code  Gb  CMU_ExApi.o [1]
CrdSetAxisMapFun        0x0001232b    0x6  Code  Gb  CMU_ExApi.o [1]
CrdSetCtrlParmFun       0x00012331    0x6  Code  Gb  CMU_ExApi.o [1]
Crd_CmdProcess          0x00010861   0x74  Code  Gb  CMU_CmdProcess.o [1]
Crd_NomalGetCmdProcess  0x000105d9  0x288  Code  Gb  CMU_CmdProcess.o [1]
Crd_NomalSetCmdProcess  0x0000fe99  0x73c  Code  Gb  CMU_CmdProcess.o [1]
Crd_SetCrdCtrlParmEx    0x0000fd83  0x116  Code  Gb  CMU_CmdProcess.o [1]
CubicEquationType1      0x00003189  0x292  Code  Gb  IPO_AssistantFun.o [3]
DEV_AsynCycleService    0x000151e9   0x36  Code  Gb  DEV_Abstract.o [1]
DEV_BlinkLED            0x0001595b   0x70  Code  Gb  DEV_Abstract.o [1]
DEV_BusInit             0x00015409  0x144  Code  Gb  DEV_Abstract.o [1]
DEV_CheckLastCmdExeState
                        0x00015ea5   0x74  Code  Gb  DEV_Abstract.o [1]
DEV_CheckNonAxisDevAlarm
                        0x00015cc1   0x6c  Code  Gb  DEV_Abstract.o [1]
DEV_DrvReg              0x0001521f  0x12a  Code  Gb  DEV_Abstract.o [1]
DEV_GetBusDriverVersion
                        0x00015c69   0x50  Code  Gb  DEV_Abstract.o [1]
DEV_GetCount            0x00015917    0x8  Code  Gb  DEV_Abstract.o [1]
DEV_GetDevInfoReadAddr  0x00015d53    0x4  Code  Gb  DEV_Abstract.o [1]
DEV_GetError            0x0001518d   0x26  Code  Gb  DEV_Abstract.o [1]
DEV_GetInfo             0x00015927   0x34  Code  Gb  DEV_Abstract.o [1]
DEV_GetMotorCount       0x0001591f    0x8  Code  Gb  DEV_Abstract.o [1]
DEV_GetStateReadAddr    0x00015d2d   0x26  Code  Gb  DEV_Abstract.o [1]
DEV_GetVersion          0x00015c0f   0x5a  Code  Gb  DEV_Abstract.o [1]
DEV_Scan                0x0001554d  0x3ca  Code  Gb  DEV_Abstract.o [1]
DEV_SendCmd             0x00015e3d   0x58  Code  Gb  DEV_Abstract.o [1]
DEV_SendSysCtrlParm     0x000153a5   0x64  Code  Gb  DEV_Abstract.o [1]
DEV_SendUpdateAppData   0x00015d5d   0x6e  Code  Gb  DEV_Abstract.o [1]
DEV_SendUpdateBootData  0x00015dd1   0x6c  Code  Gb  DEV_Abstract.o [1]
DEV_SetAxisParmReadAddr
                        0x00015349   0x2e  Code  Gb  DEV_Abstract.o [1]
DEV_SetConfig           0x000159cb  0x244  Code  Gb  DEV_Abstract.o [1]
DEV_SetSysCtrlParmReadAddr
                        0x00015377   0x2e  Code  Gb  DEV_Abstract.o [1]
DEV_SynCycleService     0x000151b3   0x36  Code  Gb  DEV_Abstract.o [1]
DMA_IRQHandler          0x0001e78b   0x3a  Code  Gb  HW_IRQHandler.o [1]
ECM_GenerateErrorCode   0x0001652d   0x5a  Code  Gb  ECM_ErrorCodeMan.o [1]
ECM_GetErrorCode        0x00016683   0x26  Code  Gb  ECM_ErrorCodeMan.o [1]
ECM_GetErrorCodeStruct  0x00016633   0x50  Code  Gb  ECM_ErrorCodeMan.o [1]
ECM_PutErrorCodeStructToBuf
                        0x000165bd   0x76  Code  Gb  ECM_ErrorCodeMan.o [1]
ECM_PutErrorToBuf       0x00016587   0x36  Code  Gb  ECM_ErrorCodeMan.o [1]
EINT0_IRQHandler        0x0001e6c7    0xa  Code  Gb  HW_IRQHandler.o [1]
EINT1_IRQHandler        0x0001e6d1    0xa  Code  Gb  HW_IRQHandler.o [1]
EINT2_IRQHandler        0x0001e6db    0xa  Code  Gb  HW_IRQHandler.o [1]
EINT3_IRQHandler        0x0001e6e5   0x7e  Code  Gb  HW_IRQHandler.o [1]
GPDMA_LUTPerAddr        0x1000008c   0x60  Data  Gb  gpdma_17xx_40xx.o [1]
GPDMA_LUTPerBurst       0x00022248   0x18  Data  Gb  gpdma_17xx_40xx.o [1]
GPDMA_LUTPerWid         0x00022260   0x18  Data  Gb  gpdma_17xx_40xx.o [1]
GPIO_GetInputState      0x0001d893   0x2e  Code  Gb  GPIO_Man.o [1]
GPIO_GetOutputState     0x0001d865   0x2e  Code  Gb  GPIO_Man.o [1]
GPIO_InitIOGroup        0x0001d765   0x68  Code  Gb  GPIO_Man.o [1]
GPIO_InitIOTable        0x0001d7cd   0x50  Code  Gb  GPIO_Man.o [1]
GPIO_MAN_BuffInit       0x0001d8c1   0x80  Code  Lc  GPIO_Man.o [1]
GPIO_MAN_GetInputPinState
                        0x0001d941   0x44  Code  Gb  GPIO_Man.o [1]
GPIO_MAN_GetOutputPinState
                        0x0001d9d7   0x44  Code  Gb  GPIO_Man.o [1]
GPIO_MAN_SetOutputPinLogicToggle
                        0x0001d985   0x52  Code  Gb  GPIO_Man.o [1]
GPIO_MAN_SetOutputPinState
                        0x0001da1b   0x2e  Code  Gb  GPIO_Man.o [1]
GPIO_MAN_UpdateInputIOState
                        0x0001da49  0x112  Code  Lc  GPIO_Man.o [1]
GPIO_MAN_UpdateOutputIOState
                        0x0001db5b  0x112  Code  Lc  GPIO_Man.o [1]
GPIO_MAN_UpdateProc     0x0001dc6d   0x1e  Code  Gb  GPIO_Man.o [1]
GPIO_SetCtrlTable       0x0001d739   0x2c  Code  Gb  GPIO_Man.o [1]
[...]
abort                   0x00015145    0x6  Code  Gb  abort.o [4]
abs                     0x0001c7e5    0x8  Code  Gb  abs.o [4]
acos                    0x00005a0d   0xe8  Code  Gb  acos.o [5]
asin                    0x0000eed9   0xf0  Code  Gb  asin.o [5]
atan2                   0x0001c719   0xcc  Code  Gb  atan2.o [5]
bCanInterfaceValidFlags
                        0x100048ef    0x1  Data  Lc  CMU_CanInterface.o [1]
bEnetInterfaceValidFlags
                        0x100048f2    0x1  Data  Lc  CMU_EnetInterface.o [1]
bUartInterfaceValidFlags
                        0x100048f8    0x1  Data  Lc  CMU_UartInterface.o [1]
bUsEnableFlag           0x10004905    0x1  Data  Lc  SysTimer.o [1]
boolFun_u32             0x000123b9    0x6  Code  Gb  CMU_ExApi.o [1]
configDMAMux            0x0001ed5d   0x3e  Code  Lc  gpdma_17xx_40xx.o [1]
cos                     0x00005af5    0x6  Code  Gb  cos.o [5]
exit                    0x0002221f    0x4  Code  Gb  exit.o [4]
fmod                    0x00007d25         Code  Gb  fmod.o [5]
fmodl                   0x00007d25         Code  Gb  fmod.o [5]
g_GpioCtrlTable         0x10004708   0x10  Data  Gb  GPIO_Man.o [1]
g_HeadNodePtr0          0x1000483c    0x4  Data  Lc  HW_Uart.o [1]
g_HeadNodePtr1          0x10004840    0x4  Data  Lc  HW_Uart.o [1]
g_HeadNodePtr2          0x10004844    0x4  Data  Lc  HW_Uart.o [1]
g_HeadNodePtr3          0x10004848    0x4  Data  Lc  HW_Uart.o [1]
g_IRQInterface          0x10002af0  0x1ac  Data  Lc  HW_IRQHandler.o [1]
g_VD1768_IOTable        0x10000160   0x10  Data  Gb  VD_MachineIO.o [1]
g_pAHBDataStruct        0x100047d4    0x4  Data  Gb  AHB_Init.o [1]
i32Fun                  0x000123f3    0x4  Code  Gb  CMU_ExApi.o [1]
i32Fun_32               0x000123fd    0x6  Code  Gb  CMU_ExApi.o [1]
i32Fun_u32              0x000123f7    0x6  Code  Gb  CMU_ExApi.o [1]
i32Fun_u32_32           0x00012403    0x6  Code  Gb  CMU_ExApi.o [1]
i32Fun_u32_32_p32       0x00012429    0x6  Code  Gb  CMU_ExApi.o [1]
i32Fun_u32_32_pcut      0x00012423    0x6  Code  Gb  CMU_ExApi.o [1]
i32Fun_u32_p32          0x00012409    0x6  Code  Gb  CMU_ExApi.o [1]
i32Fun_u32_u32_pu8_u32  0x0001240f    0xa  Code  Gb  CMU_ExApi.o [1]
i32Fun_u32_u32_pu8_u32_u8
                        0x00012419    0xa  Code  Gb  CMU_ExApi.o [1]
init_mparams            0x00013c6f   0x32  Code  Lc  dlmalloc.o [4]
init_top                0x00013ca1   0x34  Code  Lc  dlmalloc.o [4]
internal_Pow            0x00005b29  0x418  Code  Lc  pow.o [5]
lnbias                  0x00005f58  0x420  Data  Lc  pow.o [5]
m_AxisMotionCtrl        0x100010a8  0xc80  Data  Gb  IPO_Interpolation_M4.o [3]
m_CSMInterface          0x10003ba0   0xa4  Data  Gb  CSM_Interface.o [1]
m_CSM_AutoCtrl          0x10004368   0x50  Data  Gb  CSM_MainCtrl.o [1]
m_CSM_CrdSysMotorIndex  0x10004460   0x20  Data  Gb  CSM_ParmMan.o [1]
m_CSM_CurProgData       0x100042b0   0x60  Data  Gb  CSM_MainCtrl.o [1]
m_CSM_NCAxisData        0x10004800    0x4  Data  Gb  CSM_MainCtrl.o [1]
m_CSM_pAxisParm         0x10004818    0x4  Data  Gb  CSM_ParmMan.o [1]
m_CSM_pCrdParm          0x10004814    0x4  Data  Gb  CSM_ParmMan.o [1]
m_CSM_pCrdSysAxisMapTable
                        0x10004810    0x4  Data  Gb  CSM_ParmMan.o [1]
m_CSM_pSysCtrlParm      0x1000480c    0x4  Data  Gb  CSM_ParmMan.o [1]
m_CanInterface          0x10004698   0x14  Data  Lc  CMU_CanInterface.o [1]
m_CmuBuff               0x100001a4  0xf00  Data  Lc  SYS_CmuConfig.o [1]
m_CncSysStateData       0x100046e8   0x10  Data  Lc  CNCSYS_StateMan.o [1]
m_CrdSysMotorIndex      0x10004520   0x20  Data  Gb  IPO_ParmMan.o [3]
m_CrdSysStateData       0x10003d20   0x90  Data  Gb  CSM_MainCtrl.o [1]
m_CurSegmentMotionData  0x10003358  0x108  Data  Gb  IPO_Interpolation.o [3]
m_CurSegmentMotionData_M4
                        0x10003568  0x108  Data  Gb  IPO_Interpolation_M4.o [3]
m_DevInfoBusIndexMap    0x100047b0    0x8  Data  Gb  DEV_Abstract.o [1]
m_DevNoBusIndexMap      0x100047a8    0x8  Data  Gb  DEV_Abstract.o [1]
m_DeviceInfo            0x10003c44   0xa0  Data  Gb  DEV_Abstract.o [1]
m_DeviceState           0x10002518  0x200  Data  Gb  DEV_Abstract.o [1]
m_EnetInterface         0x100046ac   0x14  Data  Lc  CMU_EnetInterface.o [1]
m_EnetRecvPack          0x10003db0   0x88  Data  Lc  CMU_EnetInterface.o [1]
m_ErrorCodeManData      0x10004310   0x58  Data  Lc  ECM_ErrorCodeMan.o [1]
m_IOUpdateTimer         0x10000150   0x10  Data  Lc  GPIO_Man.o [1]
m_IPOBufManData         0x10004638   0x1c  Data  Lc  IPO_BufMan.o [3]
m_IPOInterface          0x10003ce4   0x3c  Data  Gb  IPO_Interface.o [3]
m_IPOStateData          0x10004240   0x70  Data  Gb  IPO_Interpolation.o [3]
m_IPOStateDataPte       0x10004728   0x10  Data  Gb  IPO_Interpolation.o [3]
m_IPOStatePte_M4        0x10004758   0x10  Data  Gb  IPO_Interpolation_M4.o [3]
m_InputIOTable          0x100000ec   0x44  Data  Lc  VD_MachineIO.o [1]
m_JogChangeDirMotionData
                        0x10003ae0   0xc0  Data  Gb  IPO_JogCtrl_M4.o [3]
m_JogMotionData         0x10003960   0xc0  Data  Gb  IPO_JogCtrl.o [3]
m_JogMotionData_M4      0x10003a20   0xc0  Data  Gb  IPO_JogCtrl_M4.o [3]
m_JogPosCtrlTable       0x10004140   0x80  Data  Lc  IPO_JogPosCtrlTable.o [3]
m_LedCtrlTimer          0x10000170   0x10  Data  Lc  VM_HwCtrl.o [1]
m_LookaheadMotionCtrl   0x10003038  0x190  Data  Gb  IPO_Lookahead.o [3]
m_LookaheadStateData    0x10004438   0x28  Data  Gb  IPO_Lookahead.o [3]
m_MSTCtrlData           0x100048de    0x2  Data  Gb  MST_MainCtrl.o [1]
m_MSTInterface          0x100046d4   0x14  Data  Gb  MST_Interface.o [1]
m_MSTStateData          0x10004718   0x10  Data  Gb  MST_MainCtrl.o [1]
m_MST_pf_ExeMCode       0x10002c9c  0x190  Data  Gb  MST_MCode.o [1]
m_MST_pf_ExeTCode       0x10002e2c  0x190  Data  Gb  MST_TCode.o [1]
m_MotionDataPteLast     0x10003460  0x108  Data  Lc  IPO_MotionDataPreprocess.o [3]
m_MotorCtrlTimer        0x10000180   0x10  Data  Lc  VM_MotorCtrl.o [1]
m_MotorMapAxisNO        0x10004738   0x10  Data  Gb  IPO_ParmMan.o [3]
m_MotorMapCrdSysNO      0x10004540   0x20  Data  Gb  IPO_ParmMan.o [3]
m_OutputIOTable         0x10000000   0x8c  Data  Lc  VD_MachineIO.o [1]
m_ParaMCodeMan          0x10001d28  0x3c8  Data  Gb  MST_MCode.o [1]
m_ProgBufManData        0x10004600   0x1c  Data  Lc  CSM_ProgBuf.o [1]
m_RapidSpeedCtrlTable   0x100041c0   0x80  Data  Lc  IPO_RapidSpeedCtrlTable.o [3]
m_RcvCtrlData           0x10004408   0x30  Data  Gb  CMU_RcvDataProcess.o [1]
m_RegBusInfo            0x10003870   0xf0  Data  Gb  DEV_Abstract.o [1]
m_ResetTimer            0x100046f8   0x10  Data  Lc  CoreCtrl.o [1]
m_RxRing                0x100043b8   0x50  Data  Lc  HW_Uart.o [1]
m_SPM_pAxisParm         0x10004868    0x4  Data  Lc  SPM_SysCtrlParm.o [1]
m_SPM_pAxisPitchCmpParm
                        0x1000486c    0x4  Data  Lc  SPM_SysCtrlParm.o [1]
m_SPM_pCrdAxisMapTable  0x10004860    0x4  Data  Lc  SPM_SysCtrlParm.o [1]
m_SPM_pCrdParm          0x10004864    0x4  Data  Lc  SPM_SysCtrlParm.o [1]
m_SPM_pSysCtrlParm      0x1000485c    0x4  Data  Lc  SPM_SysCtrlParm.o [1]
m_SegmentMotionCtrlData
                        0x100031c8  0x190  Data  Gb  IPO_Interpolation_M4.o [3]
m_SendCtrlData          0x10004654   0x18  Data  Gb  CMU_SendDataProcess.o [1]
m_StartReadPosProgLineNO
                        0x10004824    0x4  Data  Lc  CSM_ProgBuf.o [1]
m_TimePinMux            0x000221d0   0x20  Data  Lc  HW_TimeInput.o [1]
m_TimePinMux            0x00022074   0x40  Data  Lc  HW_TimeOutput.o [1]
m_UartInterface         0x100046c0   0x14  Data  Lc  CMU_UartInterface.o [1]
m_UartRecvPack          0x10003e38   0x88  Data  Lc  CMU_UartInterface.o [1]
m_UserBufManData        0x1000461c   0x1c  Data  Lc  CSM_UserBuf.o [1]
m_VmAlarm               0x10004870    0x4  Data  Lc  VM_MotorCtrl.o [1]
m_bALInitFlag           0x100048e8    0x1  Data  Lc  AbstractionLayer.o [1]
m_bGetUnpackStep        0x100048fa    0x1  Data  Lc  CMU_Unpack.o [1]
m_bPwmRunningFlag       0x100047c8    0x8  Data  Lc  PWM_MotorCtrl.o [1]
m_bTickCountSwitch      0x100048f3    0x1  Data  Lc  CMU_PeriodDataMana.o [1]
m_brd_AxisParm          0x10002fbc   0x7c  Data  Lc  BRD_AxisDev.o [1]
m_iAxisMotionCtrlDataAddrInit
                        0x100048cc    0x4  Data  Gb  IPO_Interpolation_M4.o [3]
m_iIPOBufInit           0x10004880    0x4  Data  Gb  IPO_BufMan.o [3]
m_iIPOInterfaceInit     0x1000489c    0x4  Data  Gb  IPO_Interface.o [3]
m_iSysParmReadAddrInit  0x100048c8    0x4  Data  Gb  IPO_ParmMan.o [3]
m_nCSMInterfaceInit     0x100048da    0x2  Data  Gb  CSM_Interface.o [1]
m_nDataLen              0x100048d8    0x2  Data  Lc  CMU_Unpack.o [1]
m_nIPOStatusLock        0x100048e0    0x2  Data  Gb  IPO_Interpolation.o [3]
m_nIPOUpdateSysData     0x100048e2    0x2  Data  Gb  IPO_Interpolation.o [3]
m_nJogAxisCtrlStatusLock
                        0x10004748   0x10  Data  Gb  IPO_JogCtrl.o [3]
m_nJogMotionDataLock    0x100048e6    0x2  Data  Gb  IPO_JogCtrl.o [3]
m_nM4UnfinishCount      0x100048e4    0x2  Data  Gb  IPO_Interpolation.o [3]
m_nReadPos              0x100048d4    0x2  Data  Lc  CMU_Unpack.o [1]
m_nUserBufCtrlMode      0x100048dc    0x2  Data  Lc  CSM_UserBuf.o [1]
m_nWritePos             0x100048d6    0x2  Data  Lc  CMU_Unpack.o [1]
m_pAHBIPOStateData      0x100048a4    0x4  Data  Gb  IPO_AHB.o [3]
m_pAutoM0CtrlData       0x100048a8    0x4  Data  Gb  IPO_AHB.o [3]
m_pAutoM4CtrlData       0x100048ac    0x4  Data  Gb  IPO_AHB.o [3]
m_pAxisParm             0x100048c4    0x4  Data  Gb  IPO_ParmMan.o [3]
m_pBrdDevAxisParm       0x100047d8    0x4  Data  Gb  BRD_DEV_Driver.o [1]
m_pBrdDevAxisPitchCmpParm
                        0x100047dc    0x4  Data  Gb  BRD_DEV_Driver.o [1]
m_pBrdDevInfo           0x10004684   0x14  Data  Gb  BRD_DEV_Driver.o [1]
m_pBrdDevNoIndexMap     0x10004798    0x8  Data  Gb  BRD_DEV_Driver.o [1]
m_pBrdDeviceInfo        0x100047e8    0x4  Data  Gb  BRD_DEV_Driver.o [1]
m_pBrdDeviceState       0x100047e4    0x4  Data  Gb  BRD_DEV_Driver.o [1]
m_pBrdLastCmdRes        0x100048ea    0x1  Data  Gb  BRD_DEV_Driver.o [1]
m_pBrdLastCmdType       0x100048e9    0x1  Data  Gb  BRD_DEV_Driver.o [1]
m_pBrdSysCtrlParm       0x100047e0    0x4  Data  Gb  BRD_DEV_Driver.o [1]
m_pCrdParm              0x100048c0    0x4  Data  Gb  IPO_ParmMan.o [3]
m_pCrdSysAxisMapTable   0x100048bc    0x4  Data  Gb  IPO_ParmMan.o [3]
m_pHead                 0x10000190    0x4  Data  Lc  CMU_Unpack.o [1]
m_pIprFinishLineCount   0x10004808    0x4  Data  Gb  CSM_MainCtrl.o [1]
m_pIprStartLineCount    0x10004804    0x4  Data  Gb  CSM_MainCtrl.o [1]
m_pJogM0CtrlData        0x100048b0    0x4  Data  Gb  IPO_AHB.o [3]
m_pJogM4CtrlData        0x100048b4    0x4  Data  Gb  IPO_AHB.o [3]
m_pJogMotionCtrl        0x100045e0   0x20  Data  Gb  IPO_Interpolation_M4.o [3]
m_pM0M4DataTrans        0x100048a0    0x4  Data  Gb  IPO_AHB.o [3]
m_pRapidMotionCtrlData  0x100045c0   0x20  Data  Gb  IPO_Interpolation_M4.o [3]
m_pRcvBuf               0x100047f8    0x4  Data  Gb  CMU_RcvDataProcess.o [1]
m_pRcvBuf               0x100040c0   0x80  Data  Lc  CMU_Unpack.o [1]
m_pSendBuf              0x100047fc    0x4  Data  Gb  CMU_SendDataProcess.o [1]
m_pSysCtrlParm          0x100048b8    0x4  Data  Gb  IPO_ParmMan.o [3]
m_pwm_lActPos           0x10004854    0x4  Data  Lc  MotorCtrl.o [1]
m_pwm_lCmdPos           0x10004850    0x4  Data  Lc  MotorCtrl.o [1]
m_pwm_lPulseInc         0x1000484c    0x4  Data  Lc  MotorCtrl.o [1]
m_pwm_sPwmCtrlData      0x10004780    0xc  Data  Lc  MotorCtrl.o [1]
m_pwm_uPwmBufferFullFlag
                        0x10004904    0x1  Data  Lc  MotorCtrl.o [1]
m_pwm_uPwmRunning       0x10004903    0x1  Data  Lc  MotorCtrl.o [1]
m_sBrdBusDriverSoftVer  0x100047a0    0x8  Data  Gb  BRD_DEV_Driver.o [1]
m_sExternalFunTable     0x100020f0  0x228  Data  Gb  CMU_ExApi.o [1]
m_sInqRecordBuf         0x10002318  0x200  Data  Lc  CMU_PeriodDataMana.o [1]
m_sPackData             0x10004774    0xc  Data  Gb  CMU_RcvDataProcess.o [1]
m_sRcvTimeOutCtrlData   0x10004768    0xc  Data  Gb  CMU_RcvDataProcess.o [1]
m_uAxisPwmNode          0x10004858    0x4  Data  Lc  MotorCtrl.o [1]
m_uBrdCodedDevCount     0x100048ec    0x1  Data  Gb  BRD_DEV_Driver.o [1]
m_uBrdDevLockFlag       0x100048eb    0x1  Data  Gb  BRD_DEV_Driver.o [1]
m_uBrdExsitDevCount     0x100048ee    0x1  Data  Gb  BRD_DEV_Driver.o [1]
m_uBrdFeedFlag          0x100048ed    0x1  Data  Gb  BRD_DEV_Driver.o [1]
m_uCanNode              0x100048f0    0x1  Data  Lc  CMU_CanInterface.o [1]
m_uCodedAxisCount       0x10004900    0x1  Data  Gb  DEV_Abstract.o [1]
m_uCodedDevCount        0x100048ff    0x1  Data  Gb  DEV_Abstract.o [1]
m_uComSetDelayCycles    0x100048f6    0x1  Data  Lc  CMU_PubFun.o [1]
m_uDmaFreeChannel       0x10004838    0x4  Data  Lc  HW_Uart.o [1]
m_uDmaUartTxMuxCode     0x00022328    0x4  Data  Lc  HW_Uart.o [1]
m_uInputChangeCount     0x10003670  0x100  Data  Lc  GPIO_Man.o [1]
m_uIpoInitFlag          0x100048fb    0x1  Data  Lc  CNCSYS_Init.o [1]
m_uMIIIRegFlag          0x10004901    0x1  Data  Gb  DEV_Abstract.o [1]
m_uMotorDevCount        0x100048fe    0x1  Data  Gb  DEV_Abstract.o [1]
m_uOutputChangeCount    0x10003770  0x100  Data  Lc  GPIO_Man.o [1]
m_uPwmCountNode         0x100047c0    0x8  Data  Lc  PWM_MotorCtrl.o [1]
m_uRecvBuff             0x10003f40   0x80  Data  Lc  CMU_EnetInterface.o [1]
m_uRecvBuff             0x10004040   0x80  Data  Lc  CMU_UartInterface.o [1]
m_uRecvPackValidFlag    0x100048f1    0x1  Data  Lc  CMU_EnetInterface.o [1]
m_uRecvPackValidFlag    0x100048f7    0x1  Data  Lc  CMU_UartInterface.o [1]
m_uRegBusCount          0x100048fc    0x1  Data  Gb  DEV_Abstract.o [1]
m_uRxBuff               0x10002718  0x200  Data  Lc  HW_Uart.o [1]
m_uScanDevCount         0x100048fd    0x1  Data  Gb  DEV_Abstract.o [1]
m_uSendBuff             0x10003ec0   0x80  Data  Lc  CMU_EnetInterface.o [1]
m_uSendBuff             0x10003fc0   0x80  Data  Lc  CMU_UartInterface.o [1]
m_uUartInitFlags        0x10004902    0x1  Data  Lc  HW_Uart.o [1]
m_uUartNode             0x100048f9    0x1  Data  Lc  CMU_UartInterface.o [1]
m_ucCurRecordIndex      0x100048f5    0x1  Data  Lc  CMU_PeriodDataMana.o [1]
m_ucRecordCount         0x100048f4    0x1  Data  Lc  CMU_PeriodDataMana.o [1]
m_ulAxisDirPort         0x1000478c    0xc  Data  Lc  MotorCtrl.o [1]
m_ulCmuMemBase          0x100047f0    0x4  Data  Lc  CMU_PubFun.o [1]
m_ulCmuMemRestLen       0x100047f4    0x4  Data  Lc  CMU_PubFun.o [1]
m_ulComType             0x100047d0    0x4  Data  Lc  AbstractionLayer.o [1]
m_ulIPOBufAddr          0x10004878    0x4  Data  Lc  IPO_BufMan.o [3]
m_ulIPOBufLen           0x1000487c    0x4  Data  Lc  IPO_BufMan.o [3]
m_ulIPOCtrlStatusShade  0x10004894    0x4  Data  Gb  IPO_Interpolation.o [3]
m_ulIPOLIneNO           0x10004874    0x4  Data  Lc  IPO_BufMan.o [3]
m_ulInputStateGroup     0x10004480   0x20  Data  Lc  GPIO_Man.o [1]
m_ulInputToggleGroup    0x100044c0   0x20  Data  Lc  GPIO_Man.o [1]
m_ulJogAxisCtrlStatus   0x10004580   0x20  Data  Gb  IPO_JogCtrl.o [3]
m_ulJogAxisCtrlStatusShade
                        0x10004560   0x20  Data  Gb  IPO_JogCtrl.o [3]
m_ulJogAxisRunningStatus
                        0x100045a0   0x20  Data  Gb  IPO_JogCtrl.o [3]
m_ulJogPosCtrlTableAddr
                        0x10004884    0x4  Data  Lc  IPO_JogPosCtrlTable.o [3]
m_ulJogPosCtrlTableLen  0x10004888    0x4  Data  Lc  IPO_JogPosCtrlTable.o [3]
m_ulMotorOutputMask     0x10004898    0x4  Data  Gb  IPO_Interpolation.o [3]
m_ulOutputStateGroup    0x100044a0   0x20  Data  Lc  GPIO_Man.o [1]
m_ulOutputToggleGroup   0x100044e0   0x20  Data  Lc  GPIO_Man.o [1]
m_ulProgBufAddr         0x1000481c    0x4  Data  Lc  CSM_ProgBuf.o [1]
m_ulProgBufLen          0x10004820    0x4  Data  Lc  CSM_ProgBuf.o [1]
m_ulPwmCountChannel     0x10004500   0x20  Data  Lc  PWM_MotorCtrl.o [1]
m_ulRapidSpeedCtrlTableAddr
                        0x1000488c    0x4  Data  Lc  IPO_RapidSpeedCtrlTable.o [3]
m_ulRapidSpeedCtrlTableLen
                        0x10004890    0x4  Data  Lc  IPO_RapidSpeedCtrlTable.o [3]
m_ulSysTickCount        0x10004830    0x4  Data  Lc  HW_SysTick.o [1]
m_ulSysTickTime         0x10000198    0x4  Data  Lc  HW_SysTick.o [1]
m_ulUserBufAddr         0x10004828    0x4  Data  Lc  CSM_UserBuf.o [1]
m_ulUserBufLen          0x1000482c    0x4  Data  Lc  CSM_UserBuf.o [1]
main                    0x0002220b   0x14  Code  Gb  Main.o [1]
makeCtrlWord            0x0001ed9b   0xe0  Code  Gb  gpdma_17xx_40xx.o [1]
mparams                 0x1000466c   0x18  Data  Lc  dlmalloc.o [4]
pf_CmuRecvBuff          0x10000194    0x4  Data  Lc  CMU_Unpack.o [1]
pf_PwmCountIrqHandler   0x10000130   0x20  Data  Lc  PWM_MotorCtrl.o [1]
pow                     0x00005f47    0xe  Code  Gb  pow.o [5]
prepend_alloc           0x00013cd5  0x36c  Code  Lc  dlmalloc.o [4]
s_RitClockRate          0x10004834    0x4  Data  Lc  HW_TimeDelay.o [1]
segment_holding         0x00013c55   0x1a  Code  Lc  dlmalloc.o [4]
setupChannel            0x0001ee7b   0x88  Code  Gb  gpdma_17xx_40xx.o [1]
sin                     0x0000b549    0x6  Code  Gb  sin.o [5]
sqrt                    0x00003be1         Code  Gb  sqrt.o [5]
sqrtl                   0x00003be1         Code  Gb  sqrt.o [5]
sys_alloc               0x00014041  0x386  Code  Lc  dlmalloc.o [4]
tmalloc_large           0x000143d5  0x390  Code  Lc  dlmalloc.o [4]
tmalloc_small           0x00014765  0x210  Code  Lc  dlmalloc.o [4]
u32Fun_32               0x00012435    0x6  Code  Gb  CMU_ExApi.o [1]
u32Fun_32_32            0x0001243b    0x6  Code  Gb  CMU_ExApi.o [1]
u32Fun_32_32_32_32      0x00012447    0xa  Code  Gb  CMU_ExApi.o [1]
u32Fun_32_32_pu32_pu32  0x000124a9    0xa  Code  Gb  CMU_ExApi.o [1]
u32Fun_32_32_u32        0x00012441    0x6  Code  Gb  CMU_ExApi.o [1]
u32Fun_32_f32           0x00012467    0x6  Code  Gb  CMU_ExApi.o [1]
u32Fun_32_p8_32         0x00012461    0x6  Code  Gb  CMU_ExApi.o [1]
u32Fun_32_u32           0x00012451    0x6  Code  Gb  CMU_ExApi.o [1]
u32Fun_32_u32_pu8_u32   0x00012457    0xa  Code  Gb  CMU_ExApi.o [1]
u32Fun_p8_u32           0x00012317    0x6  Code  Gb  CMU_ExApi.o [1]
u32Fun_pdevconf_u32     0x000123c5    0x6  Code  Gb  CMU_ExApi.o [1]
u32Fun_psysctrlparm     0x000123cb    0x6  Code  Gb  CMU_ExApi.o [1]
u32Fun_pversion         0x000123d7    0x6  Code  Gb  CMU_ExApi.o [1]
u32Fun_u16              0x0001242f    0x6  Code  Gb  CMU_ExApi.o [1]
u32Fun_u32              0x000123bf    0x6  Code  Gb  CMU_ExApi.o [1]
u32Fun_u32_32_32        0x00012491    0x6  Code  Gb  CMU_ExApi.o [1]
u32Fun_u32_p8_u32       0x000123d1    0x6  Code  Gb  CMU_ExApi.o [1]
u32Fun_u32_pbusrsmsdata
                        0x000123e3    0x6  Code  Gb  CMU_ExApi.o [1]
u32Fun_u32_pdevinfo     0x000123ed    0x6  Code  Gb  CMU_ExApi.o [1]
u32Fun_u32_pu32         0x00012497    0x6  Code  Gb  CMU_ExApi.o [1]
u32Fun_u32_pu32_pu32    0x000124a3    0x6  Code  Gb  CMU_ExApi.o [1]
u32Fun_u32_pu32_u32     0x0001249d    0x6  Code  Gb  CMU_ExApi.o [1]
u32Fun_u32_pu8          0x00012473    0x6  Code  Gb  CMU_ExApi.o [1]
u32Fun_u32_pu8_u32_u8   0x000124b3    0xa  Code  Gb  CMU_ExApi.o [1]
u32Fun_u32_pversion     0x000123dd    0x6  Code  Gb  CMU_ExApi.o [1]
u32Fun_u32_u16          0x0001247f    0x6  Code  Gb  CMU_ExApi.o [1]
u32Fun_u32_u16_pu8      0x00012479    0x6  Code  Gb  CMU_ExApi.o [1]
u32Fun_u32_u32          0x00012485    0x6  Code  Gb  CMU_ExApi.o [1]
u32Fun_u32_u32_u32      0x0001248b    0x6  Code  Gb  CMU_ExApi.o [1]
u32Fun_u32_u8           0x0001246d    0x6  Code  Gb  CMU_ExApi.o [1]
u32Fun_void             0x000123e9    0x4  Code  Gb  CMU_ExApi.o [1]
voidFun_u32_bool        0x000124bd    0x2  Code  Gb  CMU_ExApi.o [1]
voidFun_void            0x00012315    0x2  Code  Gb  CMU_ExApi.o [1]


[1] = E:\GitHub\GCP-MulitMCUs\Project\GCP-LPC17XX\Release\Obj
[2] = command line
[3] = IPO-LIB-17XX.a
[4] = dl7M_tln.a
[5] = m7M_tl.a
[6] = rt7M_tl.a
[7] = shb_l.a

  139 224 bytes of readonly  code memory
      744 bytes of readonly  data memory
   25 350 bytes of readwrite data memory

Errors: none
Warnings: none
