###############################################################################
#
# IAR ELF Linker V7.40.7.9843/W32 for ARM                 09/Dec/2017  14:35:11
# Copyright 2007-2015 IAR Systems AB.
#
#    Output file  =  
#        E:\GitHub\GCP-MulitMCUs\Project\GCP-LPC17XX\Release\Exe\GCP-LPC17XX.out.tmp
#    Map file     =  
#        E:\GitHub\GCP-MulitMCUs\Project\GCP-LPC17XX\Release\List\GCP-LPC17XX.map
#    Command line =  
#        E:\GitHub\GCP-MulitMCUs\Project\GCP-LPC17XX\Release\Obj\AbstractionLayer.o
#        E:\GitHub\GCP-MulitMCUs\Project\GCP-LPC17XX\Release\Obj\adc_17xx_40xx.o
#        E:\GitHub\GCP-MulitMCUs\Project\GCP-LPC17XX\Release\Obj\AHB_Init.o
#        E:\GitHub\GCP-MulitMCUs\Project\GCP-LPC17XX\Release\Obj\Ammeter_Spm91.o
#        E:\GitHub\GCP-MulitMCUs\Project\GCP-LPC17XX\Release\Obj\at24cxx.o
#        E:\GitHub\GCP-MulitMCUs\Project\GCP-LPC17XX\Release\Obj\Bootloader.o
#        E:\GitHub\GCP-MulitMCUs\Project\GCP-LPC17XX\Release\Obj\BRD_AxisDev.o
#        E:\GitHub\GCP-MulitMCUs\Project\GCP-LPC17XX\Release\Obj\BRD_DEV_Driver.o
#        E:\GitHub\GCP-MulitMCUs\Project\GCP-LPC17XX\Release\Obj\can_17xx_40xx.o
#        E:\GitHub\GCP-MulitMCUs\Project\GCP-LPC17XX\Release\Obj\chip_17xx_40xx.o
#        E:\GitHub\GCP-MulitMCUs\Project\GCP-LPC17XX\Release\Obj\clock_17xx_40xx.o
#        E:\GitHub\GCP-MulitMCUs\Project\GCP-LPC17XX\Release\Obj\cmp_17xx_40xx.o
#        E:\GitHub\GCP-MulitMCUs\Project\GCP-LPC17XX\Release\Obj\CMU_CanInterface.o
#        E:\GitHub\GCP-MulitMCUs\Project\GCP-LPC17XX\Release\Obj\CMU_CmdProcess.o
#        E:\GitHub\GCP-MulitMCUs\Project\GCP-LPC17XX\Release\Obj\CMU_EnetInterface.o
#        E:\GitHub\GCP-MulitMCUs\Project\GCP-LPC17XX\Release\Obj\CMU_ErrorMana.o
#        E:\GitHub\GCP-MulitMCUs\Project\GCP-LPC17XX\Release\Obj\CMU_ExApi.o
#        E:\GitHub\GCP-MulitMCUs\Project\GCP-LPC17XX\Release\Obj\CMU_PeriodDataMana.o
#        E:\GitHub\GCP-MulitMCUs\Project\GCP-LPC17XX\Release\Obj\CMU_PubFun.o
#        E:\GitHub\GCP-MulitMCUs\Project\GCP-LPC17XX\Release\Obj\CMU_RcvDataProcess.o
#        E:\GitHub\GCP-MulitMCUs\Project\GCP-LPC17XX\Release\Obj\CMU_SendDataProcess.o
#        E:\GitHub\GCP-MulitMCUs\Project\GCP-LPC17XX\Release\Obj\CMU_UartInterface.o
#        E:\GitHub\GCP-MulitMCUs\Project\GCP-LPC17XX\Release\Obj\CMU_Unpack.o
#        E:\GitHub\GCP-MulitMCUs\Project\GCP-LPC17XX\Release\Obj\CNCSYS_Init.o
#        E:\GitHub\GCP-MulitMCUs\Project\GCP-LPC17XX\Release\Obj\CNCSYS_StateMan.o
#        E:\GitHub\GCP-MulitMCUs\Project\GCP-LPC17XX\Release\Obj\CoreCtrl.o
#        E:\GitHub\GCP-MulitMCUs\Project\GCP-LPC17XX\Release\Obj\CRC16.o
#        E:\GitHub\GCP-MulitMCUs\Project\GCP-LPC17XX\Release\Obj\CRC8.o
#        E:\GitHub\GCP-MulitMCUs\Project\GCP-LPC17XX\Release\Obj\crc_17xx_40xx.o
#        E:\GitHub\GCP-MulitMCUs\Project\GCP-LPC17XX\Release\Obj\CSM_AutoCtrl.o
#        E:\GitHub\GCP-MulitMCUs\Project\GCP-LPC17XX\Release\Obj\CSM_AxisMotion.o
#        E:\GitHub\GCP-MulitMCUs\Project\GCP-LPC17XX\Release\Obj\CSM_AxisStateMan.o
#        E:\GitHub\GCP-MulitMCUs\Project\GCP-LPC17XX\Release\Obj\CSM_CircleDataProcess.o
#        E:\GitHub\GCP-MulitMCUs\Project\GCP-LPC17XX\Release\Obj\CSM_CrdSysState.o
#        E:\GitHub\GCP-MulitMCUs\Project\GCP-LPC17XX\Release\Obj\CSM_Interface.o
#        E:\GitHub\GCP-MulitMCUs\Project\GCP-LPC17XX\Release\Obj\CSM_MainCtrl.o
#        E:\GitHub\GCP-MulitMCUs\Project\GCP-LPC17XX\Release\Obj\CSM_ParmMan.o
#        E:\GitHub\GCP-MulitMCUs\Project\GCP-LPC17XX\Release\Obj\CSM_ProgBuf.o
#        E:\GitHub\GCP-MulitMCUs\Project\GCP-LPC17XX\Release\Obj\CSM_UserBuf.o
#        E:\GitHub\GCP-MulitMCUs\Project\GCP-LPC17XX\Release\Obj\CSM_UserProgData.o
#        E:\GitHub\GCP-MulitMCUs\Project\GCP-LPC17XX\Release\Obj\CSM_Version.o
#        E:\GitHub\GCP-MulitMCUs\Project\GCP-LPC17XX\Release\Obj\dac_17xx_40xx.o
#        E:\GitHub\GCP-MulitMCUs\Project\GCP-LPC17XX\Release\Obj\Demo.o
#        E:\GitHub\GCP-MulitMCUs\Project\GCP-LPC17XX\Release\Obj\DEV_Abstract.o
#        E:\GitHub\GCP-MulitMCUs\Project\GCP-LPC17XX\Release\Obj\Ds18b20.o
#        E:\GitHub\GCP-MulitMCUs\Project\GCP-LPC17XX\Release\Obj\ECM_ErrorCodeMan.o
#        E:\GitHub\GCP-MulitMCUs\Project\GCP-LPC17XX\Release\Obj\Eeprom.o
#        E:\GitHub\GCP-MulitMCUs\Project\GCP-LPC17XX\Release\Obj\eeprom_17xx_40xx.o
#        E:\GitHub\GCP-MulitMCUs\Project\GCP-LPC17XX\Release\Obj\emc_17xx_40xx.o
#        E:\GitHub\GCP-MulitMCUs\Project\GCP-LPC17XX\Release\Obj\enet_17xx_40xx.o
#        E:\GitHub\GCP-MulitMCUs\Project\GCP-LPC17XX\Release\Obj\EXTI.o
#        E:\GitHub\GCP-MulitMCUs\Project\GCP-LPC17XX\Release\Obj\fpu_init.o
#        E:\GitHub\GCP-MulitMCUs\Project\GCP-LPC17XX\Release\Obj\gpdma_17xx_40xx.o
#        E:\GitHub\GCP-MulitMCUs\Project\GCP-LPC17XX\Release\Obj\gpio_17xx_40xx.o
#        E:\GitHub\GCP-MulitMCUs\Project\GCP-LPC17XX\Release\Obj\GPIO_Man.o
#        E:\GitHub\GCP-MulitMCUs\Project\GCP-LPC17XX\Release\Obj\gpioint_17xx_40xx.o
#        E:\GitHub\GCP-MulitMCUs\Project\GCP-LPC17XX\Release\Obj\HAL_Delay.o
#        E:\GitHub\GCP-MulitMCUs\Project\GCP-LPC17XX\Release\Obj\HAL_Exti.o
#        E:\GitHub\GCP-MulitMCUs\Project\GCP-LPC17XX\Release\Obj\HAL_Flash.o
#        E:\GitHub\GCP-MulitMCUs\Project\GCP-LPC17XX\Release\Obj\HAL_Gpio.o
#        E:\GitHub\GCP-MulitMCUs\Project\GCP-LPC17XX\Release\Obj\HAL_IRQHandler.o
#        E:\GitHub\GCP-MulitMCUs\Project\GCP-LPC17XX\Release\Obj\HAL_Pwm.o
#        E:\GitHub\GCP-MulitMCUs\Project\GCP-LPC17XX\Release\Obj\HAL_PwmCount.o
#        E:\GitHub\GCP-MulitMCUs\Project\GCP-LPC17XX\Release\Obj\HAL_Spi.o
#        E:\GitHub\GCP-MulitMCUs\Project\GCP-LPC17XX\Release\Obj\HAL_SysCtrl.o
#        E:\GitHub\GCP-MulitMCUs\Project\GCP-LPC17XX\Release\Obj\HAL_SysTick.o
#        E:\GitHub\GCP-MulitMCUs\Project\GCP-LPC17XX\Release\Obj\HAL_Uart.o
#        E:\GitHub\GCP-MulitMCUs\Project\GCP-LPC17XX\Release\Obj\HAL_Watchdog.o
#        E:\GitHub\GCP-MulitMCUs\Project\GCP-LPC17XX\Release\Obj\HW_Can.o
#        E:\GitHub\GCP-MulitMCUs\Project\GCP-LPC17XX\Release\Obj\HW_Exti.o
#        E:\GitHub\GCP-MulitMCUs\Project\GCP-LPC17XX\Release\Obj\HW_Flash.o
#        E:\GitHub\GCP-MulitMCUs\Project\GCP-LPC17XX\Release\Obj\HW_Gpio.o
#        E:\GitHub\GCP-MulitMCUs\Project\GCP-LPC17XX\Release\Obj\HW_IRQHandler.o
#        E:\GitHub\GCP-MulitMCUs\Project\GCP-LPC17XX\Release\Obj\HW_Mcpwm.o
#        E:\GitHub\GCP-MulitMCUs\Project\GCP-LPC17XX\Release\Obj\HW_Pwm.o
#        E:\GitHub\GCP-MulitMCUs\Project\GCP-LPC17XX\Release\Obj\HW_SysCtrl.o
#        E:\GitHub\GCP-MulitMCUs\Project\GCP-LPC17XX\Release\Obj\HW_SysTick.o
#        E:\GitHub\GCP-MulitMCUs\Project\GCP-LPC17XX\Release\Obj\HW_TimeDelay.o
#        E:\GitHub\GCP-MulitMCUs\Project\GCP-LPC17XX\Release\Obj\HW_TimeInput.o
#        E:\GitHub\GCP-MulitMCUs\Project\GCP-LPC17XX\Release\Obj\HW_TimeOutput.o
#        E:\GitHub\GCP-MulitMCUs\Project\GCP-LPC17XX\Release\Obj\HW_Uart.o
#        E:\GitHub\GCP-MulitMCUs\Project\GCP-LPC17XX\Release\Obj\HW_Watchdog.o
#        E:\GitHub\GCP-MulitMCUs\Project\GCP-LPC17XX\Release\Obj\i2c_17xx_40xx.o
#        E:\GitHub\GCP-MulitMCUs\Project\GCP-LPC17XX\Release\Obj\I2C_BaseOps.o
#        E:\GitHub\GCP-MulitMCUs\Project\GCP-LPC17XX\Release\Obj\I2C_DeviceAPI.o
#        E:\GitHub\GCP-MulitMCUs\Project\GCP-LPC17XX\Release\Obj\I2C_DeviceOps.o
#        E:\GitHub\GCP-MulitMCUs\Project\GCP-LPC17XX\Release\Obj\i2s_17xx_40xx.o
#        E:\GitHub\GCP-MulitMCUs\Project\GCP-LPC17XX\Release\Obj\iap.o
#        E:\GitHub\GCP-MulitMCUs\Project\GCP-LPC17XX\Release\Obj\iar_startup_LPC17xx.o
#        E:\GitHub\GCP-MulitMCUs\Project\GCP-LPC17XX\Release\Obj\iocon_17xx_40xx.o
#        E:\GitHub\GCP-MulitMCUs\CNC\IPO\IPO-LIB-17XX.a
#        E:\GitHub\GCP-MulitMCUs\Project\GCP-LPC17XX\Release\Obj\IRQ_Man.o
#        E:\GitHub\GCP-MulitMCUs\Project\GCP-LPC17XX\Release\Obj\KEY.o
#        E:\GitHub\GCP-MulitMCUs\Project\GCP-LPC17XX\Release\Obj\LCD1602.o
#        E:\GitHub\GCP-MulitMCUs\Project\GCP-LPC17XX\Release\Obj\lcd_17xx_40xx.o
#        E:\GitHub\GCP-MulitMCUs\Project\GCP-LPC17XX\Release\Obj\Main.o
#        E:\GitHub\GCP-MulitMCUs\Project\GCP-LPC17XX\Release\Obj\MotorCtrl.o
#        E:\GitHub\GCP-MulitMCUs\Project\GCP-LPC17XX\Release\Obj\MST_Interface.o
#        E:\GitHub\GCP-MulitMCUs\Project\GCP-LPC17XX\Release\Obj\MST_MainCtrl.o
#        E:\GitHub\GCP-MulitMCUs\Project\GCP-LPC17XX\Release\Obj\MST_MCode.o
#        E:\GitHub\GCP-MulitMCUs\Project\GCP-LPC17XX\Release\Obj\MST_TCode.o
#        E:\GitHub\GCP-MulitMCUs\Project\GCP-LPC17XX\Release\Obj\NixieTube.o
#        E:\GitHub\GCP-MulitMCUs\Project\GCP-LPC17XX\Release\Obj\pmu_17xx_40xx.o
#        E:\GitHub\GCP-MulitMCUs\Project\GCP-LPC17XX\Release\Obj\PWM.o
#        E:\GitHub\GCP-MulitMCUs\Project\GCP-LPC17XX\Release\Obj\pwm_17xx_40xx.o
#        E:\GitHub\GCP-MulitMCUs\Project\GCP-LPC17XX\Release\Obj\PWM_Count.o
#        E:\GitHub\GCP-MulitMCUs\Project\GCP-LPC17XX\Release\Obj\PWM_MotorCtrl.o
#        E:\GitHub\GCP-MulitMCUs\Project\GCP-LPC17XX\Release\Obj\ring_buffer.o
#        E:\GitHub\GCP-MulitMCUs\Project\GCP-LPC17XX\Release\Obj\ritimer_17xx_40xx.o
#        E:\GitHub\GCP-MulitMCUs\Project\GCP-LPC17XX\Release\Obj\rtc_17xx_40xx.o
#        E:\GitHub\GCP-MulitMCUs\Project\GCP-LPC17XX\Release\Obj\sdc_17xx_40xx.o
#        E:\GitHub\GCP-MulitMCUs\Project\GCP-LPC17XX\Release\Obj\sdmmc_17xx_40xx.o
#        E:\GitHub\GCP-MulitMCUs\Project\GCP-LPC17XX\Release\Obj\SDRAM_AddrDef.o
#        E:\GitHub\GCP-MulitMCUs\Project\GCP-LPC17XX\Release\Obj\spi_17xx_40xx.o
#        E:\GitHub\GCP-MulitMCUs\Project\GCP-LPC17XX\Release\Obj\SPM_ParmCheck.o
#        E:\GitHub\GCP-MulitMCUs\Project\GCP-LPC17XX\Release\Obj\SPM_SysCtrlParm.o
#        E:\GitHub\GCP-MulitMCUs\Project\GCP-LPC17XX\Release\Obj\ssp_17xx_40xx.o
#        E:\GitHub\GCP-MulitMCUs\Project\GCP-LPC17XX\Release\Obj\SYS_CmuConfig.o
#        E:\GitHub\GCP-MulitMCUs\Project\GCP-LPC17XX\Release\Obj\SYS_CncConfig.o
#        E:\GitHub\GCP-MulitMCUs\Project\GCP-LPC17XX\Release\Obj\SYS_Ctrl.o
#        E:\GitHub\GCP-MulitMCUs\Project\GCP-LPC17XX\Release\Obj\SYS_Init.o
#        E:\GitHub\GCP-MulitMCUs\Project\GCP-LPC17XX\Release\Obj\sysctl_17xx_40xx.o
#        E:\GitHub\GCP-MulitMCUs\Project\GCP-LPC17XX\Release\Obj\sysinit.o
#        E:\GitHub\GCP-MulitMCUs\Project\GCP-LPC17XX\Release\Obj\sysinit_17xx_40xx.o
#        E:\GitHub\GCP-MulitMCUs\Project\GCP-LPC17XX\Release\Obj\SysTimer.o
#        E:\GitHub\GCP-MulitMCUs\Project\GCP-LPC17XX\Release\Obj\SysUpdate.o
#        E:\GitHub\GCP-MulitMCUs\Project\GCP-LPC17XX\Release\Obj\TempSensor.o
#        E:\GitHub\GCP-MulitMCUs\Project\GCP-LPC17XX\Release\Obj\timer_17xx_40xx.o
#        E:\GitHub\GCP-MulitMCUs\Project\GCP-LPC17XX\Release\Obj\TM1617.o
#        E:\GitHub\GCP-MulitMCUs\Project\GCP-LPC17XX\Release\Obj\UART.o
#        E:\GitHub\GCP-MulitMCUs\Project\GCP-LPC17XX\Release\Obj\uart_17xx_40xx.o
#        E:\GitHub\GCP-MulitMCUs\Project\GCP-LPC17XX\Release\Obj\VD_MachineIO.o
#        E:\GitHub\GCP-MulitMCUs\Project\GCP-LPC17XX\Release\Obj\VM_HwCtrl.o
#        E:\GitHub\GCP-MulitMCUs\Project\GCP-LPC17XX\Release\Obj\VM_MainProc.o
#        E:\GitHub\GCP-MulitMCUs\Project\GCP-LPC17XX\Release\Obj\VM_MotorCtrl.o
#        E:\GitHub\GCP-MulitMCUs\Project\GCP-LPC17XX\Release\Obj\Watchdog.o
#        E:\GitHub\GCP-MulitMCUs\Project\GCP-LPC17XX\Release\Obj\wwdt_17xx_40xx.o
#        -o
#        E:\GitHub\GCP-MulitMCUs\Project\GCP-LPC17XX\Release\Exe\GCP-LPC17XX.out.tmp
#        --map
#        E:\GitHub\GCP-MulitMCUs\Project\GCP-LPC17XX\Release\List\GCP-LPC17XX.map
#        --config "D:\Program Files (x86)\IAR Systems\Embedded Workbench
#        7.2\arm\config\linker\NXP\LPC1752.icf" --semihosting --entry
#        __iar_program_start --inline --vfe
#
###############################################################################

*******************************************************************************
*** RUNTIME MODEL ATTRIBUTES
***

CppFlavor       = *
__Heap_Handler  = DLMalloc
__SystemLibrary = DLib


*******************************************************************************
*** PLACEMENT SUMMARY
***

"A1":  place at 0x00000000 { ro section .intvec };
"P1":  place in [from 0x00000000 to 0x000002fb] |
                [from 0x00000300 to 0x0000ffff] { ro };
"P2":  place in [from 0x10000000 to 0x10003fdf] { rw, block CSTACK, block HEAP };

  Section            Kind        Address    Size  Object
  -------            ----        -------    ----  ------
"A1":                                       0xcc
  .intvec            ro code  0x00000000    0xcc  iar_startup_LPC17xx.o [1]
                            - 0x000000cc    0xcc

"P1", part 1 of 2:                         0x130
  CRPKEY             ro code  0x000000cc     0x0  iar_startup_LPC17xx.o [1]
  .rodata            const    0x000000cc     0x0  zero_init3.o [6]
  .rodata            const    0x000000cc     0x0  copy_init3.o [6]
  Initializer bytes  const    0x000000cc   0x130  <for P2 s0>
                            - 0x000001fc   0x130

"P1", part 2 of 2:                        0x29d0
  .text              ro code  0x00000300   0x4e8  GPIO_Man.o [1]
  .text              ro code  0x000007e8    0x56  ABImemcpy_unaligned.o [6]
  .text              ro code  0x0000083e    0x6a  HAL_Gpio.o [1]
  .text              ro code  0x000008a8    0xb6  SysTimer.o [1]
  .rodata            const    0x0000095e     0x2  HW_IRQHandler.o [1]
  .text              ro code  0x00000960     0x6  ABImemclr4.o [6]
  .text              ro code  0x00000968    0x66  ABImemset.o [6]
  .text              ro code  0x000009d0   0x158  HW_Gpio.o [1]
  .text              ro code  0x00000b28    0x14  HAL_SysTick.o [1]
  .text              ro code  0x00000b3c     0xa  HAL_Delay.o [1]
  .text              ro code  0x00000b48    0x32  ABImemset48.o [6]
  .text              ro code  0x00000b7c    0xc0  HW_SysTick.o [1]
  .text              ro code  0x00000c3c    0x48  HW_TimeDelay.o [1]
  .text              ro code  0x00000c84    0x10  chip_17xx_40xx.o [1]
  .text              ro code  0x00000c94   0x498  HW_IRQHandler.o [1]
  .text              ro code  0x0000112c    0x1e  ritimer_17xx_40xx.o [1]
  .text              ro code  0x0000114c   0x244  clock_17xx_40xx.o [1]
  .text              ro code  0x00001390    0xcc  gpdma_17xx_40xx.o [1]
  .text              ro code  0x0000145c   0x288  HW_TimeOutput.o [1]
  .text              ro code  0x000016e4    0xa0  iocon_17xx_40xx.o [1]
  .text              ro code  0x00001784    0xa6  timer_17xx_40xx.o [1]
  .text              ro code  0x0000182c    0x1e  I32ToFlt.o [5]
  .text              ro code  0x0000184c    0xd8  FltMul.o [5]
  .text              ro code  0x00001924    0x4e  FltToDbl.o [5]
  .text              ro code  0x00001974   0x256  DblDiv.o [5]
  .text              ro code  0x00001bcc    0x58  DblToI32.o [5]
  .text              ro code  0x00001c24   0x288  PWM_MotorCtrl.o [1]
  .text              ro code  0x00001eac    0x84  HAL_PwmCount.o [1]
  .text              ro code  0x00001f30    0x3c  HAL_Pwm.o [1]
  .text              ro code  0x00001f6c    0xfc  MotorCtrl.o [1]
  .text              ro code  0x00002068    0x18  HAL_IRQHandler.o [1]
  .text              ro code  0x00002080    0x1c  I32ToDbl.o [5]
  .text              ro code  0x0000209c   0x1a2  DblMul.o [5]
  .text              ro code  0x00002240   0x230  HW_TimeInput.o [1]
  .text              ro code  0x00002470   0x280  VM_HwCtrl.o [1]
  .text              ro code  0x000026f0    0x7e  NixieTube.o [1]
  .text              ro code  0x00002770   0x1d0  TM1617.o [1]
  .text              ro code  0x00002940    0xc0  sysinit_17xx_40xx.o [1]
  .text              ro code  0x00002a00    0x68  HW_SysCtrl.o [1]
  .rodata            const    0x00002a68    0x40  HW_TimeOutput.o [1]
  .text              ro code  0x00002aa8    0x40  zero_init3.o [6]
  .text              ro code  0x00002ae8    0x2c  copy_init3.o [6]
  .text              ro code  0x00002b14    0x28  SYS_Init.o [1]
  .text              ro code  0x00002b3c     0x8  IRQ_Man.o [1]
  .text              ro code  0x00002b44    0x20  CoreCtrl.o [1]
  .text              ro code  0x00002b64     0x8  HAL_SysCtrl.o [1]
  .text              ro code  0x00002b6c    0x28  data_init.o [6]
  .iar.init_table    const    0x00002b94    0x24  - Linker created -
  .rodata            const    0x00002bb8    0x20  HW_TimeInput.o [1]
  .text              ro code  0x00002bd8    0x1a  cmain.o [6]
  .text              ro code  0x00002bf2    0x14  Main.o [1]
  .text              ro code  0x00002c06     0x4  exit.o [4]
  .text              ro code  0x00002c0a    0x10  VM_MainProc.o [1]
  .text              ro code  0x00002c1c     0xa  cexit.o [6]
  .text              ro code  0x00002c28    0x14  exit.o [7]
  .text              ro code  0x00002c3c    0x18  sysinit.o [1]
  .rodata            const    0x00002c54    0x10  HW_TimeInput.o [1]
  .rodata            const    0x00002c64    0x10  HW_TimeOutput.o [1]
  .rodata            const    0x00002c74    0x10  TM1617.o [1]
  .text              ro code  0x00002c84    0x10  iar_startup_LPC17xx.o [1]
  .text              ro code  0x00002c94     0xc  cstartup_M.o [6]
  .rodata            const    0x00002ca0     0x4  HW_SysCtrl.o [1]
  .rodata            const    0x00002ca4     0x4  HW_SysCtrl.o [1]
  .rodata            const    0x00002ca8     0x4  HW_TimeInput.o [1]
  .text              ro code  0x00002cac     0x4  iar_startup_LPC17xx.o [1]
  .text              ro code  0x00002cb0     0x4  iar_startup_LPC17xx.o [1]
  .text              ro code  0x00002cb4     0x4  iar_startup_LPC17xx.o [1]
  .text              ro code  0x00002cb8     0x4  iar_startup_LPC17xx.o [1]
  .text              ro code  0x00002cbc     0x4  iar_startup_LPC17xx.o [1]
  .text              ro code  0x00002cc0     0x4  iar_startup_LPC17xx.o [1]
  .text              ro code  0x00002cc4     0x4  iar_startup_LPC17xx.o [1]
  .text              ro code  0x00002cc8     0x4  iar_startup_LPC17xx.o [1]
  .text              ro code  0x00002ccc     0x4  iar_startup_LPC17xx.o [1]
                            - 0x00002cd0  0x29d0

"P2":                                      0xde8
  P2 s0                       0x10000000   0x130  <Init block>
    .data            inited   0x10000000    0x98  VD_MachineIO.o [1]
    .data            inited   0x10000098    0x44  VD_MachineIO.o [1]
    .data            inited   0x100000dc    0x20  PWM_MotorCtrl.o [1]
    .data            inited   0x100000fc    0x10  GPIO_Man.o [1]
    .data            inited   0x1000010c    0x10  VD_MachineIO.o [1]
    .data            inited   0x1000011c    0x10  VM_HwCtrl.o [1]
    .data            inited   0x1000012c     0x4  HW_SysTick.o [1]
  .bss               zero     0x10000130   0x1ac  HW_IRQHandler.o [1]
  .bss               zero     0x100002dc   0x100  GPIO_Man.o [1]
  .bss               zero     0x100003dc   0x100  GPIO_Man.o [1]
  .bss               zero     0x100004dc    0x20  GPIO_Man.o [1]
  .bss               zero     0x100004fc    0x20  GPIO_Man.o [1]
  .bss               zero     0x1000051c    0x20  GPIO_Man.o [1]
  .bss               zero     0x1000053c    0x20  PWM_MotorCtrl.o [1]
  .bss               zero     0x1000055c    0x10  CoreCtrl.o [1]
  .bss               zero     0x1000056c    0x10  GPIO_Man.o [1]
  .bss               zero     0x1000057c    0x10  TM1617.o [1]
  .bss               zero     0x1000058c     0xc  MotorCtrl.o [1]
  .bss               zero     0x10000598     0xc  MotorCtrl.o [1]
  .bss               zero     0x100005a4     0x8  gpdma_17xx_40xx.o [1]
  .bss               zero     0x100005ac     0x8  PWM_MotorCtrl.o [1]
  .bss               zero     0x100005b4     0x8  PWM_MotorCtrl.o [1]
  .bss               zero     0x100005bc     0x4  chip_17xx_40xx.o [1]
  .bss               zero     0x100005c0     0x4  HW_SysTick.o [1]
  .bss               zero     0x100005c4     0x4  HW_TimeDelay.o [1]
  .bss               zero     0x100005c8     0x4  MotorCtrl.o [1]
  .bss               zero     0x100005cc     0x4  MotorCtrl.o [1]
  .bss               zero     0x100005d0     0x4  MotorCtrl.o [1]
  .bss               zero     0x100005d4     0x4  MotorCtrl.o [1]
  .bss               zero     0x100005d8     0x4  NixieTube.o [1]
  .bss               zero     0x100005dc     0x4  NixieTube.o [1]
  .bss               zero     0x100005e0     0x4  NixieTube.o [1]
  .bss               zero     0x100005e4     0x1  MotorCtrl.o [1]
  .bss               zero     0x100005e5     0x1  MotorCtrl.o [1]
  .bss               zero     0x100005e6     0x1  SysTimer.o [1]
  CSTACK                      0x100005e8   0x800  <Block>
    CSTACK           uninit   0x100005e8   0x800  <Block tail>
                            - 0x10000de8   0xde8


*******************************************************************************
*** INIT TABLE
***

          Address     Size
          -------     ----
Zero (__iar_zero_init3)
    1 destination range, total size 0x4b7:
          0x10000130  0x4b7

Copy (__iar_copy_init3)
    1 source range, total size 0x130:
          0x000000cc  0x130
    1 destination range, total size 0x130:
          0x10000000  0x130



*******************************************************************************
*** MODULE SUMMARY
***

    Module                 ro code  ro data  rw data
    ------                 -------  -------  -------
E:\GitHub\GCP-MulitMCUs\Project\GCP-LPC17XX\Release\Obj: [1]
    CoreCtrl.o                  32                16
    GPIO_Man.o               1 256       16      640
    HAL_Delay.o                 10
    HAL_Gpio.o                 106
    HAL_IRQHandler.o            24
    HAL_Pwm.o                   60
    HAL_PwmCount.o             132
    HAL_SysCtrl.o                8
    HAL_SysTick.o               20
    HW_Gpio.o                  344
    HW_IRQHandler.o          1 176        2      428
    HW_SysCtrl.o               104        8
    HW_SysTick.o               192        4        8
    HW_TimeDelay.o              72                 4
    HW_TimeInput.o             560       52
    HW_TimeOutput.o            648       80
    IRQ_Man.o                    8
    Main.o                      20
    MotorCtrl.o                252                42
    NixieTube.o                126                12
    PWM_MotorCtrl.o            648       32       80
    SYS_Init.o                  40
    SysTimer.o                 182                 1
    TM1617.o                   464       16       16
    VD_MachineIO.o                      236      236
    VM_HwCtrl.o                640       16       16
    VM_MainProc.o               16
    chip_17xx_40xx.o            16                 4
    clock_17xx_40xx.o          580
    gpdma_17xx_40xx.o          204                 8
    iar_startup_LPC17xx.o      256
    iocon_17xx_40xx.o          160
    ritimer_17xx_40xx.o         30
    sysinit.o                   24
    sysinit_17xx_40xx.o        192
    timer_17xx_40xx.o          166
    ------------------------------------------------
    Total:                   8 768      462    1 511

command line: [2]
    ------------------------------------------------
    Total:

IPO-LIB-17XX.a: [3]
    ------------------------------------------------
    Total:

dl7M_tln.a: [4]
    exit.o                       4
    ------------------------------------------------
    Total:                       4

m7M_tl.a: [5]
    DblDiv.o                   598
    DblMul.o                   418
    DblToI32.o                  88
    FltMul.o                   216
    FltToDbl.o                  78
    I32ToDbl.o                  28
    I32ToFlt.o                  30
    ------------------------------------------------
    Total:                   1 456

rt7M_tl.a: [6]
    ABImemclr4.o                 6
    ABImemcpy_unaligned.o       86
    ABImemset.o                102
    ABImemset48.o               50
    cexit.o                     10
    cmain.o                     26
    copy_init3.o                44
    cstartup_M.o                12
    data_init.o                 40
    zero_init3.o                64
    ------------------------------------------------
    Total:                     440

shb_l.a: [7]
    exit.o                      20
    ------------------------------------------------
    Total:                      20

    Gaps                        26
    Linker created                       36    2 048
----------------------------------------------------
    Grand Total:            10 714      498    3 559


*******************************************************************************
*** ENTRY LIST
***

Entry                      Address   Size  Type      Object
-----                      -------   ----  ----      ------
.iar.init_table$$Base   0x00002b94          --   Gb  - Linker created -
.iar.init_table$$Limit  0x00002bb8          --   Gb  - Linker created -
?main                   0x00002bd9         Code  Gb  cmain.o [6]
ADC_IRQHandler          0x0000106b    0xa  Code  Gb  HW_IRQHandler.o [1]
AXIS_CountCallBack      0x00001fab   0x24  Code  Gb  MotorCtrl.o [1]
AXIS_Init               0x00001f6d   0x3e  Code  Gb  MotorCtrl.o [1]
BOD_IRQHandler          0x00001075    0xa  Code  Gb  HW_IRQHandler.o [1]
Board_SystemInit        0x00002a33   0x1a  Code  Gb  HW_SysCtrl.o [1]
CANActivity_IRQHandler  0x0000110d    0xc  Code  Gb  HW_IRQHandler.o [1]
CAN_IRQHandler          0x00001089    0xa  Code  Gb  HW_IRQHandler.o [1]
CRP_Value               0x000000cd         Code  Gb  iar_startup_LPC17xx.o [1]
CSTACK$$Base            0x100005e8          --   Gb  - Linker created -
CSTACK$$Limit           0x10000de8          --   Gb  - Linker created -
ChannelHandlerArray     0x100005a4    0x8  Data  Lc  gpdma_17xx_40xx.o [1]
Chip_Clock_DisablePLL   0x000011c5   0x24  Code  Gb  clock_17xx_40xx.o [1]
Chip_Clock_EnableCrystal
                        0x00002965    0xe  Code  Lc  sysinit_17xx_40xx.o [1]
Chip_Clock_EnablePLL    0x000011a1   0x24  Code  Gb  clock_17xx_40xx.o [1]
Chip_Clock_EnablePeriphClock
                        0x00001223   0x12  Code  Gb  clock_17xx_40xx.o [1]
Chip_Clock_FeedPLL      0x00001165   0x1a  Code  Lc  clock_17xx_40xx.o [1]
Chip_Clock_GetCPUClockDiv
                        0x00001255    0xa  Code  Gb  clock_17xx_40xx.o [1]
Chip_Clock_GetCPUClockSource
                        0x00001235   0x1a  Code  Gb  clock_17xx_40xx.o [1]
Chip_Clock_GetIntOscRate
                        0x0000118f    0x4  Code  Lc  clock_17xx_40xx.o [1]
Chip_Clock_GetMainClockRate
                        0x00001349   0x1e  Code  Gb  clock_17xx_40xx.o [1]
Chip_Clock_GetMainOscRate
                        0x00001189    0x6  Code  Lc  clock_17xx_40xx.o [1]
Chip_Clock_GetMainPLLInClockRate
                        0x00001199    0x8  Code  Lc  clock_17xx_40xx.o [1]
Chip_Clock_GetMainPLLOutClockRate
                        0x000012eb   0x36  Code  Gb  clock_17xx_40xx.o [1]
Chip_Clock_GetMainPLLSource
                        0x0000117f    0xa  Code  Lc  clock_17xx_40xx.o [1]
Chip_Clock_GetPCLKDiv   0x0000125f   0x64  Code  Gb  clock_17xx_40xx.o [1]
Chip_Clock_GetPeripheralClockRate
                        0x00001379   0x18  Code  Gb  clock_17xx_40xx.o [1]
Chip_Clock_GetRTCOscRate
                        0x00001193    0x6  Code  Lc  clock_17xx_40xx.o [1]
Chip_Clock_GetSYSCLKRate
                        0x000012c3   0x28  Code  Gb  clock_17xx_40xx.o [1]
Chip_Clock_GetSystemClockRate
                        0x00001367   0x12  Code  Gb  clock_17xx_40xx.o [1]
Chip_Clock_IsCrystalEnabled
                        0x00002973    0xc  Code  Lc  sysinit_17xx_40xx.o [1]
Chip_Clock_IsMainPLLConnected
                        0x00001159    0xc  Code  Lc  clock_17xx_40xx.o [1]
Chip_Clock_IsMainPLLConnected
                        0x00002959    0xc  Code  Lc  sysinit_17xx_40xx.o [1]
Chip_Clock_IsMainPLLEnabled
                        0x0000114d    0xc  Code  Lc  clock_17xx_40xx.o [1]
Chip_Clock_IsMainPLLEnabled
                        0x00002941    0xc  Code  Lc  sysinit_17xx_40xx.o [1]
Chip_Clock_IsMainPLLLocked
                        0x0000294d    0xc  Code  Lc  sysinit_17xx_40xx.o [1]
Chip_Clock_SetCPUClockDiv
                        0x0000124f    0x6  Code  Gb  clock_17xx_40xx.o [1]
Chip_Clock_SetMainPLLSource
                        0x0000297f    0x8  Code  Lc  sysinit_17xx_40xx.o [1]
Chip_Clock_SetupPLL     0x000011e9   0x3a  Code  Gb  clock_17xx_40xx.o [1]
Chip_GPDMA_ClearIntPending
                        0x0000143f   0x1a  Code  Gb  gpdma_17xx_40xx.o [1]
Chip_GPDMA_Init         0x00001391   0x46  Code  Gb  gpdma_17xx_40xx.o [1]
Chip_GPDMA_IntGetStatus
                        0x000013d7   0x68  Code  Gb  gpdma_17xx_40xx.o [1]
Chip_GPIOINT_ClearIntStatus
                        0x00000cb1    0xe  Code  Lc  HW_IRQHandler.o [1]
Chip_GPIOINT_GetStatusFalling
                        0x00000c95    0xe  Code  Lc  HW_IRQHandler.o [1]
Chip_GPIOINT_GetStatusRising
                        0x00000ca3    0xe  Code  Lc  HW_IRQHandler.o [1]
Chip_GPIOINT_IsIntPending
                        0x00000cbf    0xa  Code  Lc  HW_IRQHandler.o [1]
Chip_GPIO_GetPinState   0x00000a43   0x10  Code  Lc  HW_Gpio.o [1]
Chip_GPIO_Init          0x00002a27    0xc  Code  Lc  HW_SysCtrl.o [1]
Chip_GPIO_SetPinDIRInput
                        0x00000a6b   0x18  Code  Lc  HW_Gpio.o [1]
Chip_GPIO_SetPinDIROutput
                        0x00000a53   0x18  Code  Lc  HW_Gpio.o [1]
Chip_GPIO_SetPinState   0x00000a09   0x3a  Code  Lc  HW_Gpio.o [1]
Chip_IOCON_DisableOD    0x000009ed   0x1c  Code  Lc  HW_Gpio.o [1]
Chip_IOCON_EnableOD     0x000009d1   0x1c  Code  Lc  HW_Gpio.o [1]
Chip_IOCON_Init         0x00002a1b    0xc  Code  Lc  HW_SysCtrl.o [1]
Chip_IOCON_PinMux       0x00001707   0x7e  Code  Gb  iocon_17xx_40xx.o [1]
Chip_IOCON_PinMuxSet    0x000016e5   0x22  Code  Gb  iocon_17xx_40xx.o [1]
Chip_RIT_Disable        0x00000c3d    0xa  Code  Lc  HW_TimeDelay.o [1]
Chip_RIT_EnableCTRL     0x00000c47    0x8  Code  Lc  HW_TimeDelay.o [1]
Chip_RIT_Init           0x0000112d   0x1e  Code  Gb  ritimer_17xx_40xx.o [1]
Chip_SetupXtalClocking  0x00002995   0x6c  Code  Gb  sysinit_17xx_40xx.o [1]
Chip_TIMER_ClearMatch   0x00002277    0x8  Code  Lc  HW_TimeInput.o [1]
Chip_TIMER_Disable      0x00002289    0xa  Code  Lc  HW_TimeInput.o [1]
Chip_TIMER_Disable      0x00001467    0xa  Code  Lc  HW_TimeOutput.o [1]
Chip_TIMER_Enable       0x0000227f    0xa  Code  Lc  HW_TimeInput.o [1]
Chip_TIMER_Enable       0x0000145d    0xa  Code  Lc  HW_TimeOutput.o [1]
Chip_TIMER_ExtMatchControlSet
                        0x000017ed   0x3e  Code  Gb  timer_17xx_40xx.o [1]
Chip_TIMER_Init         0x000017c1   0x12  Code  Gb  timer_17xx_40xx.o [1]
Chip_TIMER_MatchEnableInt
                        0x0000229d   0x16  Code  Lc  HW_TimeInput.o [1]
Chip_TIMER_MatchPending
                        0x00002269    0xe  Code  Lc  HW_TimeInput.o [1]
Chip_TIMER_PrescaleSet  0x00001471    0x4  Code  Lc  HW_TimeOutput.o [1]
Chip_TIMER_Reset        0x000017d3   0x1a  Code  Gb  timer_17xx_40xx.o [1]
Chip_TIMER_ResetOnMatchEnable
                        0x000022b3   0x1a  Code  Lc  HW_TimeInput.o [1]
Chip_TIMER_ResetOnMatchEnable
                        0x0000147f   0x1a  Code  Lc  HW_TimeOutput.o [1]
Chip_TIMER_SetMatch     0x00002293    0xa  Code  Lc  HW_TimeInput.o [1]
Chip_TIMER_SetMatch     0x00001475    0xa  Code  Lc  HW_TimeOutput.o [1]
Chip_TIMER_TIMER_SetCountClockSrc
                        0x000022cd    0xc  Code  Lc  HW_TimeInput.o [1]
Chip_TIMER_TIMER_SetCountClockSrc
                        0x00001499    0xc  Code  Lc  HW_TimeOutput.o [1]
Chip_Timer_GetClockIndex
                        0x00001785   0x2e  Code  Lc  timer_17xx_40xx.o [1]
CoreCtrl_ResetHandler   0x00002b4d   0x12  Code  Gb  CoreCtrl.o [1]
CoreCtrl_ResetSystemNow
                        0x00002b45    0x8  Code  Gb  CoreCtrl.o [1]
DMA_IRQHandler          0x00001093   0x3a  Code  Gb  HW_IRQHandler.o [1]
EINT0_IRQHandler        0x00000fcf    0xa  Code  Gb  HW_IRQHandler.o [1]
EINT1_IRQHandler        0x00000fd9    0xa  Code  Gb  HW_IRQHandler.o [1]
EINT2_IRQHandler        0x00000fe3    0xa  Code  Gb  HW_IRQHandler.o [1]
EINT3_IRQHandler        0x00000fed   0x7e  Code  Gb  HW_IRQHandler.o [1]
GPIO_GetInputState      0x0000045b   0x2e  Code  Gb  GPIO_Man.o [1]
GPIO_GetOutputState     0x0000042d   0x2e  Code  Gb  GPIO_Man.o [1]
GPIO_InitIOGroup        0x0000032d   0x68  Code  Gb  GPIO_Man.o [1]
GPIO_InitIOTable        0x00000395   0x50  Code  Gb  GPIO_Man.o [1]
GPIO_MAN_BuffInit       0x00000489   0x80  Code  Lc  GPIO_Man.o [1]
GPIO_MAN_SetOutputPinLogicToggle
                        0x00000509   0x52  Code  Gb  GPIO_Man.o [1]
GPIO_MAN_SetOutputPinState
                        0x0000055b   0x2e  Code  Gb  GPIO_Man.o [1]
GPIO_MAN_UpdateInputIOState
                        0x00000589  0x112  Code  Lc  GPIO_Man.o [1]
GPIO_MAN_UpdateOutputIOState
                        0x0000069b  0x112  Code  Lc  GPIO_Man.o [1]
GPIO_MAN_UpdateProc     0x000007ad   0x1e  Code  Gb  GPIO_Man.o [1]
GPIO_SetCtrlTable       0x00000301   0x2c  Code  Gb  GPIO_Man.o [1]
GPIO_SetOutputState     0x000003e5   0x30  Code  Gb  GPIO_Man.o [1]
GPIO_ToggleOutputState  0x00000415   0x18  Code  Gb  GPIO_Man.o [1]
HAL_DelayInit           0x00000b3d    0xa  Code  Gb  HAL_Delay.o [1]
HAL_GPIO_ConfigInput    0x00000853   0x14  Code  Gb  HAL_Gpio.o [1]
HAL_GPIO_ConfigOD       0x0000083f   0x14  Code  Gb  HAL_Gpio.o [1]
HAL_GPIO_ConfigOutput   0x00000867   0x14  Code  Gb  HAL_Gpio.o [1]
HAL_GPIO_GetIOState     0x00000895   0x14  Code  Gb  HAL_Gpio.o [1]
HAL_GPIO_SetOutputState
                        0x0000087b   0x1a  Code  Gb  HAL_Gpio.o [1]
HAL_IRQ_Init            0x00002069    0x8  Code  Gb  HAL_IRQHandler.o [1]
HAL_IRQ_SetTrgCallback  0x00002071   0x10  Code  Gb  HAL_IRQHandler.o [1]
HAL_PWM_Init            0x00001f31   0x16  Code  Gb  HAL_Pwm.o [1]
HAL_PWM_OutputEnable    0x00001f59   0x14  Code  Gb  HAL_Pwm.o [1]
HAL_PWM_SetOutputPwmFrq
                        0x00001f47   0x12  Code  Gb  HAL_Pwm.o [1]
HAL_SysTick_GetCount    0x00000b29    0x8  Code  Gb  HAL_SysTick.o [1]
HAL_SysTick_Init        0x00000b31    0xc  Code  Gb  HAL_SysTick.o [1]
HAL_SystemReset         0x00002b65    0x8  Code  Gb  HAL_SysCtrl.o [1]
HAL_TIM_ClearInputCountITStatus
                        0x00001f1d   0x14  Code  Gb  HAL_PwmCount.o [1]
HAL_TIM_EnableInputCountIRQ
                        0x00001eef   0x1a  Code  Gb  HAL_PwmCount.o [1]
HAL_TIM_GetInputCountITStatus
                        0x00001f09   0x14  Code  Gb  HAL_PwmCount.o [1]
HAL_TIM_InputCountEnable
                        0x00001ec3   0x14  Code  Gb  HAL_PwmCount.o [1]
HAL_TIM_InputCountInit  0x00001ead   0x16  Code  Gb  HAL_PwmCount.o [1]
HAL_TIM_SetMaxInputCount
                        0x00001ed7   0x18  Code  Gb  HAL_PwmCount.o [1]
HW_GPIO_ConfigInput     0x00000aa7   0x24  Code  Gb  HW_Gpio.o [1]
HW_GPIO_ConfigOD        0x00000a83   0x24  Code  Gb  HW_Gpio.o [1]
HW_GPIO_ConfigOutput    0x00000acb   0x24  Code  Gb  HW_Gpio.o [1]
HW_GPIO_GetIOState      0x00000b0b   0x16  Code  Gb  HW_Gpio.o [1]
HW_GPIO_SetOutputState  0x00000aef   0x1c  Code  Gb  HW_Gpio.o [1]
HW_IRQ_Init             0x00000ccb  0x1aa  Code  Gb  HW_IRQHandler.o [1]
HW_IRQ_NullEntry        0x00000cc9    0x2  Code  Gb  HW_IRQHandler.o [1]
HW_IRQ_SetTrgCallback   0x00000e75   0x96  Code  Gb  HW_IRQHandler.o [1]
HW_SysTick_GetCount     0x00000be9    0x6  Code  Gb  HW_SysTick.o [1]
HW_SysTick_Init         0x00000bef   0x2a  Code  Gb  HW_SysTick.o [1]
HW_SysTick_SetTickTime  0x00000bd3    0x6  Code  Gb  HW_SysTick.o [1]
HW_SysTick_Update       0x00000bd9   0x10  Code  Gb  HW_SysTick.o [1]
HW_SystemReset          0x00002a61    0x8  Code  Gb  HW_SysCtrl.o [1]
HW_TIM_ClearInputITStatus
                        0x0000243f   0x18  Code  Gb  HW_TimeInput.o [1]
HW_TIM_DelayInit        0x00000c4f   0x28  Code  Gb  HW_TimeDelay.o [1]
HW_TIM_EnableInputIRQ   0x000023f1   0x36  Code  Gb  HW_TimeInput.o [1]
HW_TIM_GetInputITStatus
                        0x00002427   0x18  Code  Gb  HW_TimeInput.o [1]
HW_TIM_GetPeripheralClock
                        0x0000158f   0x44  Code  Lc  HW_TimeOutput.o [1]
HW_TIM_InputCountConfig
                        0x00002387   0x3e  Code  Lc  HW_TimeInput.o [1]
HW_TIM_InputEnable      0x0000235f   0x28  Code  Gb  HW_TimeInput.o [1]
HW_TIM_InputInit        0x0000232f   0x30  Code  Gb  HW_TimeInput.o [1]
HW_TIM_OutputConfig     0x000014fb   0x94  Code  Lc  HW_TimeOutput.o [1]
HW_TIM_OutputEnable     0x000016a7   0x28  Code  Gb  HW_TimeOutput.o [1]
HW_TIM_OutputInit       0x000015d3   0x40  Code  Gb  HW_TimeOutput.o [1]
HW_TIM_PortConfig       0x000022d9   0x56  Code  Lc  HW_TimeInput.o [1]
HW_TIM_PortConfig       0x000014a5   0x56  Code  Lc  HW_TimeOutput.o [1]
HW_TIM_SetMaxInputCount
                        0x000023c5   0x2c  Code  Gb  HW_TimeInput.o [1]
HW_TIM_SetOutputPwmDutyRatio
                        0x00001613   0x6c  Code  Gb  HW_TimeOutput.o [1]
HW_TIM_SetOutputPwmFrq  0x0000167f   0x28  Code  Gb  HW_TimeOutput.o [1]
I2C0_IRQHandler         0x00000f7f    0xa  Code  Gb  HW_IRQHandler.o [1]
I2C1_IRQHandler         0x00000f89    0xa  Code  Gb  HW_IRQHandler.o [1]
I2C2_IRQHandler         0x00000f93    0xa  Code  Gb  HW_IRQHandler.o [1]
I2S_IRQHandler          0x000010cd    0xa  Code  Gb  HW_IRQHandler.o [1]
IRQ_Init                0x00002b3d    0x8  Code  Gb  IRQ_Man.o [1]
MCPWM_IRQHandler        0x000010e1    0xa  Code  Gb  HW_IRQHandler.o [1]
NVIC_DisableIRQ         0x00002255   0x14  Code  Lc  HW_TimeInput.o [1]
NVIC_EnableIRQ          0x00002241   0x14  Code  Lc  HW_TimeInput.o [1]
NVIC_SetPriority        0x00000b7d   0x26  Code  Lc  HW_SysTick.o [1]
NVIC_SystemReset        0x00002a01   0x1a  Code  Lc  HW_SysCtrl.o [1]
NixieTube_DisNumber     0x00002761    0xe  Code  Gb  NixieTube.o [1]
NixieTube_SetCtrlPinNO  0x00002727   0x20  Code  Gb  NixieTube.o [1]
OscRateIn               0x00002ca0    0x4  Data  Gb  HW_SysCtrl.o [1]
PLL0_IRQHandler         0x00000fbb    0xa  Code  Gb  HW_IRQHandler.o [1]
PLL1_IRQHandler         0x000010f5    0xc  Code  Gb  HW_IRQHandler.o [1]
PWM1_IRQHandler         0x00000f75    0xa  Code  Gb  HW_IRQHandler.o [1]
PWM_Count0_IRQHandler   0x00001c25   0x32  Code  Lc  PWM_MotorCtrl.o [1]
PWM_Count1_IRQHandler   0x00001c57   0x32  Code  Lc  PWM_MotorCtrl.o [1]
PWM_Count2_IRQHandler   0x00001c89   0x32  Code  Lc  PWM_MotorCtrl.o [1]
PWM_Count3_IRQHandler   0x00001cbb   0x36  Code  Lc  PWM_MotorCtrl.o [1]
PWM_Count4_IRQHandler   0x00001cf1   0x32  Code  Lc  PWM_MotorCtrl.o [1]
PWM_Count5_IRQHandler   0x00001d23   0x32  Code  Lc  PWM_MotorCtrl.o [1]
PWM_Count6_IRQHandler   0x00001d55   0x32  Code  Lc  PWM_MotorCtrl.o [1]
PWM_Count7_IRQHandler   0x00001d87   0x32  Code  Lc  PWM_MotorCtrl.o [1]
PWM_MotorPulseInit      0x00001db9   0x66  Code  Gb  PWM_MotorCtrl.o [1]
PWM_SendPulse           0x00001e1f   0x40  Code  Gb  PWM_MotorCtrl.o [1]
PWM_SendPulseLimitMs    0x00001e5f   0x38  Code  Gb  PWM_MotorCtrl.o [1]
PWM_SetOutput           0x00001fcf   0x78  Code  Gb  MotorCtrl.o [1]
QEI_IRQHandler          0x000010eb    0xa  Code  Gb  HW_IRQHandler.o [1]
RIT_IRQHandler          0x000010d7    0xa  Code  Gb  HW_IRQHandler.o [1]
RTCOscRateIn            0x00002ca4    0x4  Data  Gb  HW_SysCtrl.o [1]
RTC_IRQHandler          0x00000fc5    0xa  Code  Gb  HW_IRQHandler.o [1]
Region$$Table$$Base     0x00002b94          --   Gb  - Linker created -
Region$$Table$$Limit    0x00002bb8          --   Gb  - Linker created -
SPI_IRQHandler          0x00000f9d    0xa  Code  Gb  HW_IRQHandler.o [1]
SSP0_IRQHandler         0x00000fa7    0xa  Code  Gb  HW_IRQHandler.o [1]
SSP1_IRQHandler         0x00000fb1    0xa  Code  Gb  HW_IRQHandler.o [1]
SYS_Init                0x00002b15   0x1c  Code  Gb  SYS_Init.o [1]
SYS_MainTaskHandler     0x00002b31    0xc  Code  Gb  SYS_Init.o [1]
SetCLK                  0x00002703   0x12  Code  Lc  NixieTube.o [1]
SetDIO                  0x000026f1   0x12  Code  Lc  NixieTube.o [1]
SetSTB                  0x00002715   0x12  Code  Lc  NixieTube.o [1]
SysTick_Config          0x00000ba3   0x30  Code  Lc  HW_SysTick.o [1]
SysTick_Handler         0x00000f0b   0x10  Code  Gb  HW_IRQHandler.o [1]
SysTime_CheckExpiredState
                        0x0000092d   0x32  Code  Gb  SysTimer.o [1]
SysTime_GetTickCount    0x000008d7    0x8  Code  Gb  SysTimer.o [1]
SysTime_GetTimeDiffMs   0x000008a9    0xc  Code  Lc  SysTimer.o [1]
SysTime_Init            0x000008b5   0x22  Code  Gb  SysTimer.o [1]
SysTime_SimpleDelay     0x000008df   0x18  Code  Gb  SysTimer.o [1]
SysTime_Start           0x000008fd   0x18  Code  Gb  SysTimer.o [1]
SysTime_StartOneShot    0x00000915   0x18  Code  Gb  SysTimer.o [1]
SystemCoreClock         0x100005bc    0x4  Data  Gb  chip_17xx_40xx.o [1]
SystemCoreClockUpdate   0x00000c85    0xc  Code  Gb  chip_17xx_40xx.o [1]
SystemInit              0x00002c3d   0x18  Code  Gb  sysinit.o [1]
TIM                     0x00002c54   0x10  Data  Lc  HW_TimeInput.o [1]
TIM                     0x00002c64   0x10  Data  Lc  HW_TimeOutput.o [1]
TIMER0_IRQHandler       0x00000f25    0xa  Code  Gb  HW_IRQHandler.o [1]
TIMER1_IRQHandler       0x00000f2f    0xa  Code  Gb  HW_IRQHandler.o [1]
TIMER2_IRQHandler       0x00000f39    0xa  Code  Gb  HW_IRQHandler.o [1]
TIMER3_IRQHandler       0x00000f43    0xa  Code  Gb  HW_IRQHandler.o [1]
TIM_IRQn                0x00002ca8    0x4  Data  Lc  HW_TimeInput.o [1]
TM1617_CLK              0x0000279d   0x14  Code  Lc  TM1617.o [1]
TM1617_DIO              0x00002789   0x14  Code  Lc  TM1617.o [1]
TM1617_DisNumber        0x000028b9   0x7e  Code  Gb  TM1617.o [1]
TM1617_InitInterface    0x00002887   0x32  Code  Gb  TM1617.o [1]
TM1617_STB              0x000027b1   0x14  Code  Lc  TM1617.o [1]
TM1617_SendCmd          0x000027c5   0x46  Code  Lc  TM1617.o [1]
TM1617_SendData         0x0000280b   0x7c  Code  Lc  TM1617.o [1]
TM1617_SimpleDelay      0x00002771   0x18  Code  Gb  TM1617.o [1]
UART0_IRQHandler        0x00000f4d    0xa  Code  Gb  HW_IRQHandler.o [1]
UART1_IRQHandler        0x00000f57    0xa  Code  Gb  HW_IRQHandler.o [1]
UART2_IRQHandler        0x00000f61    0xa  Code  Gb  HW_IRQHandler.o [1]
UART3_IRQHandler        0x00000f6b    0xa  Code  Gb  HW_IRQHandler.o [1]
USBActivity_IRQHandler  0x00001101    0xc  Code  Gb  HW_IRQHandler.o [1]
USB_IRQHandler          0x0000107f    0xa  Code  Gb  HW_IRQHandler.o [1]
VM_HwInit               0x0000269f   0x2e  Code  Gb  VM_HwCtrl.o [1]
VM_IOConfig             0x00002471  0x22e  Code  Lc  VM_HwCtrl.o [1]
VM_Init                 0x00002c0b    0x8  Code  Gb  VM_MainProc.o [1]
VM_MainProc             0x00002c13    0x8  Code  Gb  VM_MainProc.o [1]
VM_MainWorkLedShow      0x000026cd   0x1c  Code  Gb  VM_HwCtrl.o [1]
WDT_IRQHandler          0x00000f1b    0xa  Code  Gb  HW_IRQHandler.o [1]
__Vectors               0x00000000          --   Gb  iar_startup_LPC17xx.o [1]
__Vectors_End           0x000000cc         Data  Gb  iar_startup_LPC17xx.o [1]
__Vectors_Size {Abs}    0x000000cc          --   Gb  iar_startup_LPC17xx.o [1]
__aeabi_d2iz            0x00001bcd         Code  Gb  DblToI32.o [5]
__aeabi_d2uiz           0x00001bf9         Code  Gb  DblToI32.o [5]
__aeabi_ddiv            0x00001975         Code  Gb  DblDiv.o [5]
__aeabi_dmul            0x0000209d         Code  Gb  DblMul.o [5]
__aeabi_f2d             0x00001925         Code  Gb  FltToDbl.o [5]
__aeabi_fmul            0x0000184d         Code  Gb  FltMul.o [5]
__aeabi_memclr4         0x00000961         Code  Gb  ABImemclr4.o [6]
__aeabi_memset          0x00000969         Code  Gb  ABImemset.o [6]
__aeabi_ui2d            0x00002081         Code  Gb  I32ToDbl.o [5]
__aeabi_ui2f            0x0000182d         Code  Gb  I32ToFlt.o [5]
__cmain                 0x00002bd9         Code  Gb  cmain.o [6]
__exit                  0x00002c29   0x14  Code  Gb  exit.o [7]
__iar_Memset            0x00000969         Code  Gb  ABImemset.o [6]
__iar_Memset4_word      0x00000b49         Code  Gb  ABImemset48.o [6]
__iar_Memset8_word      0x00000b49         Code  Gb  ABImemset48.o [6]
__iar_Memset_word       0x00000971         Code  Gb  ABImemset.o [6]
__iar_copy_init3        0x00002ae9   0x2c  Code  Gb  copy_init3.o [6]
__iar_d2uiz             0x00001c05         Code  Gb  DblToI32.o [5]
__iar_data_init3        0x00002b6d   0x28  Code  Gb  data_init.o [6]
__iar_program_start     0x00002c95         Code  Gb  cstartup_M.o [6]
__iar_ui2d              0x00002085         Code  Gb  I32ToDbl.o [5]
__iar_ui2f              0x00001831         Code  Gb  I32ToFlt.o [5]
__iar_unaligned___aeabi_memcpy4
                        0x000007e9         Code  Gb  ABImemcpy_unaligned.o [6]
__iar_unaligned___aeabi_memcpy8
                        0x000007e9         Code  Gb  ABImemcpy_unaligned.o [6]
__iar_zero_init3        0x00002aa9   0x40  Code  Gb  zero_init3.o [6]
__vector_table          0x00000000         Data  Gb  iar_startup_LPC17xx.o [1]
__vector_table_0x1c     0x0000001c         Data  Gb  iar_startup_LPC17xx.o [1]
_call_main              0x00002be5         Code  Gb  cmain.o [6]
_exit                   0x00002c1d         Code  Gb  cexit.o [6]
_main                   0x00002bef         Code  Gb  cmain.o [6]
bUsEnableFlag           0x100005e6    0x1  Data  Lc  SysTimer.o [1]
exit                    0x00002c07    0x4  Code  Gb  exit.o [4]
g_GpioCtrlTable         0x1000056c   0x10  Data  Gb  GPIO_Man.o [1]
g_IRQInterface          0x10000130  0x1ac  Data  Lc  HW_IRQHandler.o [1]
g_VD1768_IOTable        0x1000010c   0x10  Data  Gb  VD_MachineIO.o [1]
m_CathodeTubeTable      0x00002c74   0x10  Data  Lc  TM1617.o [1]
m_IOUpdateTimer         0x100000fc   0x10  Data  Lc  GPIO_Man.o [1]
m_InputIOTable          0x10000098   0x44  Data  Lc  VD_MachineIO.o [1]
m_LedCtrlTimer          0x1000011c   0x10  Data  Lc  VM_HwCtrl.o [1]
m_OutputIOTable         0x10000000   0x98  Data  Lc  VD_MachineIO.o [1]
m_ResetTimer            0x1000055c   0x10  Data  Lc  CoreCtrl.o [1]
m_TimePinMux            0x00002bb8   0x20  Data  Lc  HW_TimeInput.o [1]
m_TimePinMux            0x00002a68   0x40  Data  Lc  HW_TimeOutput.o [1]
m_TmBitOps              0x1000057c   0x10  Data  Lc  TM1617.o [1]
m_bPwmRunningFlag       0x100005b4    0x8  Data  Lc  PWM_MotorCtrl.o [1]
m_pwm_lActPos           0x100005d0    0x4  Data  Lc  MotorCtrl.o [1]
m_pwm_lCmdPos           0x100005cc    0x4  Data  Lc  MotorCtrl.o [1]
m_pwm_lPulseInc         0x100005c8    0x4  Data  Lc  MotorCtrl.o [1]
m_pwm_sPwmCtrlData      0x1000058c    0xc  Data  Lc  MotorCtrl.o [1]
m_pwm_uPwmBufferFullFlag
                        0x100005e5    0x1  Data  Lc  MotorCtrl.o [1]
m_pwm_uPwmRunning       0x100005e4    0x1  Data  Lc  MotorCtrl.o [1]
m_uAxisPwmNode          0x100005d4    0x4  Data  Lc  MotorCtrl.o [1]
m_uInputChangeCount     0x100002dc  0x100  Data  Lc  GPIO_Man.o [1]
m_uOutputChangeCount    0x100003dc  0x100  Data  Lc  GPIO_Man.o [1]
m_uPwmCountNode         0x100005ac    0x8  Data  Lc  PWM_MotorCtrl.o [1]
m_ulAxisDirPort         0x10000598    0xc  Data  Lc  MotorCtrl.o [1]
m_ulClockPinNO          0x100005dc    0x4  Data  Lc  NixieTube.o [1]
m_ulDataPinNO           0x100005d8    0x4  Data  Lc  NixieTube.o [1]
m_ulInputStateGroup     0x100004dc   0x20  Data  Lc  GPIO_Man.o [1]
m_ulOutputStateGroup    0x100004fc   0x20  Data  Lc  GPIO_Man.o [1]
m_ulOutputToggleGroup   0x1000051c   0x20  Data  Lc  GPIO_Man.o [1]
m_ulPwmCountChannel     0x1000053c   0x20  Data  Lc  PWM_MotorCtrl.o [1]
m_ulStbPinNO            0x100005e0    0x4  Data  Lc  NixieTube.o [1]
m_ulSysTickCount        0x100005c0    0x4  Data  Lc  HW_SysTick.o [1]
m_ulSysTickTime         0x1000012c    0x4  Data  Lc  HW_SysTick.o [1]
main                    0x00002bf3   0x14  Code  Gb  Main.o [1]
pf_PwmCountIrqHandler   0x100000dc   0x20  Data  Lc  PWM_MotorCtrl.o [1]
s_RitClockRate          0x100005c4    0x4  Data  Lc  HW_TimeDelay.o [1]


[1] = E:\GitHub\GCP-MulitMCUs\Project\GCP-LPC17XX\Release\Obj
[2] = command line
[3] = IPO-LIB-17XX.a
[4] = dl7M_tln.a
[5] = m7M_tl.a
[6] = rt7M_tl.a
[7] = shb_l.a

  10 714 bytes of readonly  code memory
     498 bytes of readonly  data memory
   3 559 bytes of readwrite data memory

Errors: none
Warnings: none
