###############################################################################
#
# IAR ELF Linker V7.80.2.11947/W32 for ARM                09/Dec/2017  01:21:55
# Copyright 2007-2016 IAR Systems AB.
#
#    Output file  =  
#        E:\GitHub\GCP-MulitMCUs\Project\GCP-STM32F10X\Release\Exe\GCP-STM32F10X.out
#    Map file     =  
#        E:\GitHub\GCP-MulitMCUs\Project\GCP-STM32F10X\Release\List\GCP-STM32F10X.map
#    Command line =  
#        E:\GitHub\GCP-MulitMCUs\Project\GCP-STM32F10X\Release\Obj\Ammeter_Spm91.o
#        E:\GitHub\GCP-MulitMCUs\Project\GCP-STM32F10X\Release\Obj\at24cxx.o
#        E:\GitHub\GCP-MulitMCUs\Project\GCP-STM32F10X\Release\Obj\cJSON.o
#        E:\GitHub\GCP-MulitMCUs\Project\GCP-STM32F10X\Release\Obj\Clock.o
#        E:\GitHub\GCP-MulitMCUs\Project\GCP-STM32F10X\Release\Obj\core_cm3.o
#        E:\GitHub\GCP-MulitMCUs\Project\GCP-STM32F10X\Release\Obj\CoreCtrl.o
#        E:\GitHub\GCP-MulitMCUs\Project\GCP-STM32F10X\Release\Obj\Demo.o
#        E:\GitHub\GCP-MulitMCUs\Project\GCP-STM32F10X\Release\Obj\Ds18b20.o
#        E:\GitHub\GCP-MulitMCUs\Project\GCP-STM32F10X\Release\Obj\Eeprom.o
#        E:\GitHub\GCP-MulitMCUs\Project\GCP-STM32F10X\Release\Obj\ESP82XX.o
#        E:\GitHub\GCP-MulitMCUs\Project\GCP-STM32F10X\Release\Obj\EXTI.o
#        E:\GitHub\GCP-MulitMCUs\Project\GCP-STM32F10X\Release\Obj\GPIO_Man.o
#        E:\GitHub\GCP-MulitMCUs\Project\GCP-STM32F10X\Release\Obj\HAL_Delay.o
#        E:\GitHub\GCP-MulitMCUs\Project\GCP-STM32F10X\Release\Obj\HAL_Exti.o
#        E:\GitHub\GCP-MulitMCUs\Project\GCP-STM32F10X\Release\Obj\HAL_Flash.o
#        E:\GitHub\GCP-MulitMCUs\Project\GCP-STM32F10X\Release\Obj\HAL_Gpio.o
#        E:\GitHub\GCP-MulitMCUs\Project\GCP-STM32F10X\Release\Obj\HAL_IRQHandler.o
#        E:\GitHub\GCP-MulitMCUs\Project\GCP-STM32F10X\Release\Obj\HAL_Pwm.o
#        E:\GitHub\GCP-MulitMCUs\Project\GCP-STM32F10X\Release\Obj\HAL_Spi.o
#        E:\GitHub\GCP-MulitMCUs\Project\GCP-STM32F10X\Release\Obj\HAL_SysCtrl.o
#        E:\GitHub\GCP-MulitMCUs\Project\GCP-STM32F10X\Release\Obj\HAL_SysTick.o
#        E:\GitHub\GCP-MulitMCUs\Project\GCP-STM32F10X\Release\Obj\HAL_Uart.o
#        E:\GitHub\GCP-MulitMCUs\Project\GCP-STM32F10X\Release\Obj\HAL_Watchdog.o
#        E:\GitHub\GCP-MulitMCUs\Project\GCP-STM32F10X\Release\Obj\HW_Exti.o
#        E:\GitHub\GCP-MulitMCUs\Project\GCP-STM32F10X\Release\Obj\HW_Gpio.o
#        E:\GitHub\GCP-MulitMCUs\Project\GCP-STM32F10X\Release\Obj\HW_IRQHandler.o
#        E:\GitHub\GCP-MulitMCUs\Project\GCP-STM32F10X\Release\Obj\HW_Spi.o
#        E:\GitHub\GCP-MulitMCUs\Project\GCP-STM32F10X\Release\Obj\HW_SysCtrl.o
#        E:\GitHub\GCP-MulitMCUs\Project\GCP-STM32F10X\Release\Obj\HW_SysTick.o
#        E:\GitHub\GCP-MulitMCUs\Project\GCP-STM32F10X\Release\Obj\HW_TimeComm.o
#        E:\GitHub\GCP-MulitMCUs\Project\GCP-STM32F10X\Release\Obj\HW_TimeDelay.o
#        E:\GitHub\GCP-MulitMCUs\Project\GCP-STM32F10X\Release\Obj\HW_TimeInput.o
#        E:\GitHub\GCP-MulitMCUs\Project\GCP-STM32F10X\Release\Obj\HW_TimeOutput.o
#        E:\GitHub\GCP-MulitMCUs\Project\GCP-STM32F10X\Release\Obj\HW_Uart.o
#        E:\GitHub\GCP-MulitMCUs\Project\GCP-STM32F10X\Release\Obj\HW_Watchdog.o
#        E:\GitHub\GCP-MulitMCUs\Project\GCP-STM32F10X\Release\Obj\I2C_BaseOps.o
#        E:\GitHub\GCP-MulitMCUs\Project\GCP-STM32F10X\Release\Obj\I2C_DeviceAPI.o
#        E:\GitHub\GCP-MulitMCUs\Project\GCP-STM32F10X\Release\Obj\I2C_DeviceOps.o
#        E:\GitHub\GCP-MulitMCUs\Project\GCP-STM32F10X\Release\Obj\iar_startup_stm32f10x_hd.o
#        E:\GitHub\GCP-MulitMCUs\Project\GCP-STM32F10X\Release\Obj\IRQ_Man.o
#        E:\GitHub\GCP-MulitMCUs\Project\GCP-STM32F10X\Release\Obj\KEY.o
#        E:\GitHub\GCP-MulitMCUs\Project\GCP-STM32F10X\Release\Obj\LCD1602.o
#        E:\GitHub\GCP-MulitMCUs\Project\GCP-STM32F10X\Release\Obj\Main.o
#        E:\GitHub\GCP-MulitMCUs\Project\GCP-STM32F10X\Release\Obj\misc.o
#        E:\GitHub\GCP-MulitMCUs\Project\GCP-STM32F10X\Release\Obj\NixieTube.o
#        E:\GitHub\GCP-MulitMCUs\Project\GCP-STM32F10X\Release\Obj\PWM.o
#        E:\GitHub\GCP-MulitMCUs\Project\GCP-STM32F10X\Release\Obj\ring_buffer.o
#        E:\GitHub\GCP-MulitMCUs\Project\GCP-STM32F10X\Release\Obj\stm32f10x_adc.o
#        E:\GitHub\GCP-MulitMCUs\Project\GCP-STM32F10X\Release\Obj\stm32f10x_bkp.o
#        E:\GitHub\GCP-MulitMCUs\Project\GCP-STM32F10X\Release\Obj\stm32f10x_can.o
#        E:\GitHub\GCP-MulitMCUs\Project\GCP-STM32F10X\Release\Obj\stm32f10x_cec.o
#        E:\GitHub\GCP-MulitMCUs\Project\GCP-STM32F10X\Release\Obj\stm32f10x_crc.o
#        E:\GitHub\GCP-MulitMCUs\Project\GCP-STM32F10X\Release\Obj\stm32f10x_dac.o
#        E:\GitHub\GCP-MulitMCUs\Project\GCP-STM32F10X\Release\Obj\stm32f10x_dbgmcu.o
#        E:\GitHub\GCP-MulitMCUs\Project\GCP-STM32F10X\Release\Obj\stm32f10x_dma.o
#        E:\GitHub\GCP-MulitMCUs\Project\GCP-STM32F10X\Release\Obj\stm32f10x_flash.o
#        E:\GitHub\GCP-MulitMCUs\Project\GCP-STM32F10X\Release\Obj\stm32f10x_fsmc.o
#        E:\GitHub\GCP-MulitMCUs\Project\GCP-STM32F10X\Release\Obj\stm32f10x_gpio.o
#        E:\GitHub\GCP-MulitMCUs\Project\GCP-STM32F10X\Release\Obj\stm32f10x_i2c.o
#        E:\GitHub\GCP-MulitMCUs\Project\GCP-STM32F10X\Release\Obj\stm32f10x_iwdg.o
#        E:\GitHub\GCP-MulitMCUs\Project\GCP-STM32F10X\Release\Obj\stm32f10x_pwr.o
#        E:\GitHub\GCP-MulitMCUs\Project\GCP-STM32F10X\Release\Obj\stm32f10x_rcc.o
#        E:\GitHub\GCP-MulitMCUs\Project\GCP-STM32F10X\Release\Obj\stm32f10x_rtc.o
#        E:\GitHub\GCP-MulitMCUs\Project\GCP-STM32F10X\Release\Obj\stm32f10x_sdio.o
#        E:\GitHub\GCP-MulitMCUs\Project\GCP-STM32F10X\Release\Obj\stm32f10x_spi.o
#        E:\GitHub\GCP-MulitMCUs\Project\GCP-STM32F10X\Release\Obj\stm32f10x_tim.o
#        E:\GitHub\GCP-MulitMCUs\Project\GCP-STM32F10X\Release\Obj\stm32f10x_usart.o
#        E:\GitHub\GCP-MulitMCUs\Project\GCP-STM32F10X\Release\Obj\stm32f10x_wwdg.o
#        E:\GitHub\GCP-MulitMCUs\Project\GCP-STM32F10X\Release\Obj\SYS_Ctrl.o
#        E:\GitHub\GCP-MulitMCUs\Project\GCP-STM32F10X\Release\Obj\SYS_Init.o
#        E:\GitHub\GCP-MulitMCUs\Project\GCP-STM32F10X\Release\Obj\system_stm32f10x.o
#        E:\GitHub\GCP-MulitMCUs\Project\GCP-STM32F10X\Release\Obj\SysTimer.o
#        E:\GitHub\GCP-MulitMCUs\Project\GCP-STM32F10X\Release\Obj\TempSensor.o
#        E:\GitHub\GCP-MulitMCUs\Project\GCP-STM32F10X\Release\Obj\TM1617.o
#        E:\GitHub\GCP-MulitMCUs\Project\GCP-STM32F10X\Release\Obj\UART.o
#        E:\GitHub\GCP-MulitMCUs\Project\GCP-STM32F10X\Release\Obj\Watchdog.o
#        E:\GitHub\GCP-MulitMCUs\Project\GCP-STM32F10X\Release\Obj\WFC103_IOTable.o
#        E:\GitHub\GCP-MulitMCUs\Project\GCP-STM32F10X\Release\Obj\WFC_HwCtrl.o
#        E:\GitHub\GCP-MulitMCUs\Project\GCP-STM32F10X\Release\Obj\WFC_MainProc.o
#        E:\GitHub\GCP-MulitMCUs\Project\GCP-STM32F10X\Release\Obj\WFC_WifiClock.o
#        E:\GitHub\GCP-MulitMCUs\Project\GCP-STM32F10X\Release\Obj\WFC_WifiCom.o
#        -o
#        E:\GitHub\GCP-MulitMCUs\Project\GCP-STM32F10X\Release\Exe\GCP-STM32F10X.out
#        --map
#        E:\GitHub\GCP-MulitMCUs\Project\GCP-STM32F10X\Release\List\GCP-STM32F10X.map
#        --config
#        E:\GitHub\GCP-MulitMCUs\Project\GCP-STM32F10X\settings\GCP-STM32F10X.icf
#        --semihosting --entry __iar_program_start --inline --vfe
#
###############################################################################

*******************************************************************************
*** RUNTIME MODEL ATTRIBUTES
***

CppFlavor       = *
__Heap_Handler  = DLMalloc
__SystemLibrary = DLib


*******************************************************************************
*** PLACEMENT SUMMARY
***

"A0":  place at 0x08000000 { ro section .intvec };
"P1":  place in [from 0x08000000 to 0x0807ffff] { ro };
"P2":  place in [from 0x20000000 to 0x2000ffff] { rw, block CSTACK, block HEAP };
initialize by copy { rw };

  Section             Kind        Address    Size  Object
  -------             ----        -------    ----  ------
"A0":                                       0x130
  .intvec             ro code  0x08000000   0x130  iar_startup_stm32f10x_hd.o [1]
                             - 0x08000130   0x130

"P1":                                      0x83ae
  .text               ro code  0x08000130  0x1d28  dlmalloc.o [3]
  .text               ro code  0x08001e58     0x6  abort.o [3]
  .text               ro code  0x08001e5e     0xa  xsprout.o [3]
  .text               ro code  0x08001e68    0x2c  xgetmemchunk.o [3]
  .text               ro code  0x08001e94    0x76  ABImemcpy_unaligned.o [5]
  .text               ro code  0x08001f0c    0x14  exit.o [6]
  .text               ro code  0x08001f20   0xc2a  xprintflarge_nomb.o [3]
  .text               ro code  0x08002b4c    0x16  strchr.o [5]
  .text               ro code  0x08002b64    0x36  strlen.o [5]
  .text               ro code  0x08002b9c    0x58  memchr.o [5]
  .text               ro code  0x08002bf4    0xee  I64DivMod.o [5]
  .text               ro code  0x08002ce2    0x44  xdnorm.o [4]
  .text               ro code  0x08002d28    0x2e  DblCmpLe.o [4]
  .text               ro code  0x08002d58   0x1a2  DblMul.o [4]
  .text               ro code  0x08002efc   0x256  DblDiv.o [4]
  .text               ro code  0x08003154    0x58  DblToI32.o [4]
  .text               ro code  0x080031ac    0x30  I32ToDbl.o [4]
  .text               ro code  0x080031dc   0x180  DblSub.o [4]
  .text               ro code  0x0800335c     0xe  div.o [3]
  .text               ro code  0x0800336c     0x2  I64DivZer.o [5]
  .text               ro code  0x08003370    0xe8  DblAdd.o [4]
  .text               ro code  0x08003458   0xb6c  HW_Uart.o [1]
  .text               ro code  0x08003fc4   0x23c  HW_Gpio.o [1]
  .text               ro code  0x08004200   0x9d8  HW_IRQHandler.o [1]
  .text               ro code  0x08004bd8   0x100  HW_SysCtrl.o [1]
  .text               ro code  0x08004cd8   0x1c4  ring_buffer.o [1]
  .text               ro code  0x08004e9c    0x66  ABImemset.o [5]
  .text               ro code  0x08004f04   0xa8c  cJSON.o [1]
  .text               ro code  0x08005990     0xc  tolower.o [3]
  .text               ro code  0x0800599c     0x6  strtod.o [4]
  .text               ro code  0x080059a4    0x2e  DblCmpGe.o [4]
  .text               ro code  0x080059d2    0x2c  strncmp.o [3]
  .text               ro code  0x08005a00     0x6  ABImemclr4.o [5]
  .text               ro code  0x08005a08    0x42  strcmp_unaligned.o [5]
  .text               ro code  0x08005a4c   0x14c  xstod.o [4]
  .text               ro code  0x08005b98    0x32  ABImemset48.o [5]
  .text               ro code  0x08005bca   0x11e  xstopfx.o [3]
  .text               ro code  0x08005ce8   0x1ac  xstoflt.o [3]
  .rodata             const    0x08005e94    0x74  WFC_WifiCom.o [1]
  .text               ro code  0x08005f08   0x200  xdtento.o [4]
  .text               ro code  0x08006108   0x200  xstoxflt.o [3]
  .text               ro code  0x08006308   0x10c  xdscale.o [4]
  .text               ro code  0x08006414    0x20  DblCmpEq.o [4]
  .text               ro code  0x08006434    0x56  xdunscal.o [4]
  .text               ro code  0x0800648c     0xc  errno.o [3]
  .text               ro code  0x08006498     0x2  xtls.o [3]
  .text               ro code  0x0800649c   0x648  ESP82XX.o [1]
  .text               ro code  0x08006ae4    0xb6  SysTimer.o [1]
  .text               ro code  0x08006b9c    0x62  memcmp_unaligned.o [5]
  .text               ro code  0x08006c00    0x34  sprintf.o [3]
  .text               ro code  0x08006c34    0x14  HAL_SysTick.o [1]
  .text               ro code  0x08006c48    0x18  HAL_Delay.o [1]
  .text               ro code  0x08006c60    0xc0  HW_SysTick.o [1]
  .text               ro code  0x08006d20    0xdc  HW_TimeDelay.o [1]
  .text               ro code  0x08006dfc   0x204  system_stm32f10x.o [1]
  .text               ro code  0x08007000   0x19c  HW_TimeComm.o [1]
  .text               ro code  0x0800719c    0x44  stm32f10x_rcc.o [1]
  .text               ro code  0x080071e0   0x3f8  GPIO_Man.o [1]
  .text               ro code  0x080075d8    0x56  HAL_Gpio.o [1]
  .text               ro code  0x08007630   0x2d8  WFC_WifiClock.o [1]
  .text               ro code  0x08007908   0x24c  WFC_WifiCom.o [1]
  .text               ro code  0x08007b54   0x14c  Clock.o [1]
  .text               ro code  0x08007ca0    0x6a  UART.o [1]
  .text               ro code  0x08007d0a     0x8  atol.o [3]
  .text               ro code  0x08007d12    0x6a  HAL_Uart.o [1]
  .text               ro code  0x08007d7c   0x19c  xstoul.o [3]
  .text               ro code  0x08007f18    0x98  WFC_HwCtrl.o [1]
  .rodata             const    0x08007fb0    0x6c  WFC_WifiCom.o [1]
  .rodata             const    0x0800801c    0x44  HW_TimeComm.o [1]
  .rodata             const    0x08008060    0x44  WFC_WifiClock.o [1]
  .text               ro code  0x080080a4    0x40  zero_init3.o [5]
  .text               ro code  0x080080e4    0x38  packbits_init_single.o [5]
  .text               ro code  0x0800811c    0x28  SYS_Init.o [1]
  .text               ro code  0x08008144     0x8  IRQ_Man.o [1]
  .text               ro code  0x0800814c    0x20  CoreCtrl.o [1]
  .text               ro code  0x0800816c     0x8  HAL_IRQHandler.o [1]
  .text               ro code  0x08008174     0x8  HAL_SysCtrl.o [1]
  .text               ro code  0x0800817c    0x28  data_init.o [5]
  .iar.init_table     const    0x080081a4    0x20  - Linker created -
  .rodata             const    0x080081c4    0x20  WFC_HwCtrl.o [1]
  .rodata             const    0x080081e4    0x20  WFC_HwCtrl.o [1]
  .text               ro code  0x08008204    0x20  WFC_MainProc.o [1]
  .rodata             const    0x08008224    0x1c  ESP82XX.o [1]
  .rodata             const    0x08008240    0x1c  ESP82XX.o [1]
  .rodata             const    0x0800825c    0x1c  HW_Gpio.o [1]
  .rodata             const    0x08008278    0x1c  WFC_HwCtrl.o [1]
  .text               ro code  0x08008294    0x1a  cmain.o [5]
  .text               ro code  0x080082ae    0x14  Main.o [1]
  .text               ro code  0x080082c2     0x4  exit.o [3]
  .text               ro code  0x080082c8     0xa  cexit.o [5]
  .rodata             const    0x080082d4    0x14  ESP82XX.o [1]
  .rodata             const    0x080082e8    0x14  ESP82XX.o [1]
  .rodata             const    0x080082fc    0x14  ESP82XX.o [1]
  .rodata             const    0x08008310    0x14  ESP82XX.o [1]
  .rodata             const    0x08008324    0x14  WFC_HwCtrl.o [1]
  .rodata             const    0x08008338    0x14  WFC_WifiCom.o [1]
  .rodata             const    0x0800834c    0x10  ESP82XX.o [1]
  .rodata             const    0x0800835c    0x10  HW_Uart.o [1]
  .rodata             const    0x0800836c    0x10  HW_Uart.o [1]
  .rodata             const    0x0800837c    0x10  HW_Uart.o [1]
  .rodata             const    0x0800838c    0x10  HW_Uart.o [1]
  .rodata             const    0x0800839c    0x10  WFC_WifiCom.o [1]
  .text               ro code  0x080083ac    0x10  iar_startup_stm32f10x_hd.o [1]
  .rodata             const    0x080083bc     0xc  Clock.o [1]
  .rodata             const    0x080083c8     0xc  WFC_WifiClock.o [1]
  .rodata             const    0x080083d4     0xc  WFC_WifiClock.o [1]
  .rodata             const    0x080083e0     0xc  WFC_WifiClock.o [1]
  .rodata             const    0x080083ec     0xc  WFC_WifiCom.o [1]
  .rodata             const    0x080083f8     0xc  WFC_WifiCom.o [1]
  .text               ro code  0x08008404     0xc  cstartup_M.o [5]
  .rodata             const    0x08008410     0x8  cJSON.o [1]
  .rodata             const    0x08008418     0x8  cJSON.o [1]
  .rodata             const    0x08008420     0x8  cJSON.o [1]
  .rodata             const    0x08008428     0x8  ESP82XX.o [1]
  .rodata             const    0x08008430     0x8  ESP82XX.o [1]
  .rodata             const    0x08008438     0x8  ESP82XX.o [1]
  .rodata             const    0x08008440     0x8  ESP82XX.o [1]
  .rodata             const    0x08008448     0x8  WFC_WifiClock.o [1]
  .rodata             const    0x08008450     0x8  WFC_WifiClock.o [1]
  .rodata             const    0x08008458     0x8  WFC_WifiClock.o [1]
  .rodata             const    0x08008460     0x8  WFC_WifiClock.o [1]
  .rodata             const    0x08008468     0x4  HW_Uart.o [1]
  .rodata             const    0x0800846c     0x4  HW_Uart.o [1]
  .text               ro code  0x08008470     0x4  iar_startup_stm32f10x_hd.o [1]
  .text               ro code  0x08008474     0x4  iar_startup_stm32f10x_hd.o [1]
  .text               ro code  0x08008478     0x4  iar_startup_stm32f10x_hd.o [1]
  .text               ro code  0x0800847c     0x4  iar_startup_stm32f10x_hd.o [1]
  .text               ro code  0x08008480     0x4  iar_startup_stm32f10x_hd.o [1]
  .text               ro code  0x08008484     0x4  iar_startup_stm32f10x_hd.o [1]
  .text               ro code  0x08008488     0x4  iar_startup_stm32f10x_hd.o [1]
  .text               ro code  0x0800848c     0x4  iar_startup_stm32f10x_hd.o [1]
  .rodata             const    0x08008490     0x0  zero_init3.o [5]
  .rodata             const    0x08008490     0x0  packbits_init_single.o [5]
  Initializer bytes   const    0x08008490    0x4e  <for P2-1>
                             - 0x080084de  0x83ae

"P2", part 1 of 3:                           0x7c
  P2-1                         0x20000000    0x7c  <Init block>
    .data             inited   0x20000000     0xc  cJSON.o [1]
    .data             inited   0x2000000c    0x10  GPIO_Man.o [1]
    .data             inited   0x2000001c     0x4  HW_SysTick.o [1]
    .data             inited   0x20000020     0x4  system_stm32f10x.o [1]
    .data             inited   0x20000024    0x10  system_stm32f10x.o [1]
    .data             inited   0x20000034     0xc  WFC103_IOTable.o [1]
    .data             inited   0x20000040     0x8  WFC103_IOTable.o [1]
    .data             inited   0x20000048    0x10  WFC103_IOTable.o [1]
    .data             inited   0x20000058    0x10  WFC_HwCtrl.o [1]
    .data             inited   0x20000068    0x10  WFC_WifiClock.o [1]
    __DLIB_PERTHREAD  inited   0x20000078     0x4  errno.o [3]
                             - 0x2000007c    0x7c

"P2", part 2 of 3:                         0x2800
  CSTACK                       0x20000080  0x1000  <Block>
    CSTACK            uninit   0x20000080  0x1000  <Block tail>
  HEAP                         0x20001080  0x1800  <Block>
    HEAP              uninit   0x20001080  0x1800  <Block tail>
                             - 0x20002880  0x2800

"P2", part 3 of 3:                         0x1e18
  .bss                zero     0x20002880   0x800  HW_Uart.o [1]
  .bss                zero     0x20003080   0x200  ESP82XX.o [1]
  .bss                zero     0x20003280   0x200  ESP82XX.o [1]
  .bss                zero     0x20003480   0x200  HW_Uart.o [1]
  .bss                zero     0x20003680   0x200  HW_Uart.o [1]
  .bss                zero     0x20003880   0x200  HW_Uart.o [1]
  .bss                zero     0x20003a80   0x200  HW_Uart.o [1]
  .bss                zero     0x20003c80   0x200  WFC_WifiClock.o [1]
  .bss                zero     0x20003e80   0x200  WFC_WifiClock.o [1]
  .bss                zero     0x20004080   0x1d8  dlmalloc.o [3]
  .bss                zero     0x20004258   0x128  HW_IRQHandler.o [1]
  .bss                zero     0x20004380   0x100  GPIO_Man.o [1]
  .bss                zero     0x20004480   0x100  GPIO_Man.o [1]
  .bss                zero     0x20004580    0x50  HW_Uart.o [1]
  .bss                zero     0x200045d0    0x20  GPIO_Man.o [1]
  .bss                zero     0x200045f0    0x20  GPIO_Man.o [1]
  .bss                zero     0x20004610    0x18  dlmalloc.o [3]
  .bss                zero     0x20004628    0x10  CoreCtrl.o [1]
  .bss                zero     0x20004638    0x10  GPIO_Man.o [1]
  .bss                zero     0x20004648     0xc  Clock.o [1]
  .bss                zero     0x20004654     0x8  cJSON.o [1]
  .bss                zero     0x2000465c     0x4  Clock.o [1]
  .bss                zero     0x20004660     0x4  Clock.o [1]
  .bss                zero     0x20004664     0x4  ESP82XX.o [1]
  .bss                zero     0x20004668     0x4  ESP82XX.o [1]
  .bss                zero     0x2000466c     0x4  ESP82XX.o [1]
  .bss                zero     0x20004670     0x4  ESP82XX.o [1]
  .bss                zero     0x20004674     0x4  HW_SysTick.o [1]
  .bss                zero     0x20004678     0x4  HW_Uart.o [1]
  .bss                zero     0x2000467c     0x4  HW_Uart.o [1]
  .bss                zero     0x20004680     0x4  HW_Uart.o [1]
  .bss                zero     0x20004684     0x4  HW_Uart.o [1]
  .bss                zero     0x20004688     0x4  WFC_WifiClock.o [1]
  .bss                zero     0x2000468c     0x4  WFC_WifiClock.o [1]
  .bss                zero     0x20004690     0x4  xgetmemchunk.o [3]
  .bss                zero     0x20004694     0x1  HAL_Delay.o [1]
  .bss                zero     0x20004695     0x1  SysTimer.o [1]
                             - 0x20004696  0x1e16


*******************************************************************************
*** INIT TABLE
***

          Address     Size
          -------     ----
Zero (__iar_zero_init3)
    1 destination range, total size 0x1e16:
          0x20002880  0x1e16

Copy/packbits (__iar_packbits_init_single3)
    1 source range, total size 0x4e (62% of destination):
          0x08008490    0x4e
    1 destination range, total size 0x7c:
          0x20000000    0x7c



*******************************************************************************
*** MODULE SUMMARY
***

    Module                      ro code  ro data  rw data
    ------                      -------  -------  -------
E:\GitHub\GCP-MulitMCUs\Project\GCP-STM32F10X\Release\Obj: [1]
    Clock.o                         332       12       20
    CoreCtrl.o                       32                16
    ESP82XX.o                     1 608      184    1 040
    GPIO_Man.o                    1 016       10      608
    HAL_Delay.o                      24                 1
    HAL_Gpio.o                       86
    HAL_IRQHandler.o                  8
    HAL_SysCtrl.o                     8
    HAL_SysTick.o                    20
    HAL_Uart.o                      106
    HW_Gpio.o                       572       28
    HW_IRQHandler.o               2 520               296
    HW_SysCtrl.o                    256
    HW_SysTick.o                    192        3        8
    HW_TimeComm.o                   412       68
    HW_TimeDelay.o                  220
    HW_Uart.o                     2 924       72    4 192
    IRQ_Man.o                         8
    Main.o                           20
    SYS_Init.o                       40
    SysTimer.o                      182                 1
    UART.o                          106
    WFC103_IOTable.o                          23       36
    WFC_HwCtrl.o                    152      122       16
    WFC_MainProc.o                   32
    WFC_WifiClock.o                 728      146    1 048
    WFC_WifiCom.o                   588      284
    cJSON.o                       2 700       31       20
    iar_startup_stm32f10x_hd.o      352
    ring_buffer.o                   452
    stm32f10x_rcc.o                  68
    system_stm32f10x.o              516       12       20
    -----------------------------------------------------
    Total:                       16 280      995    7 322

command line: [2]
    -----------------------------------------------------
    Total:

dl7M_tln.a: [3]
    abort.o                           6
    atol.o                            8
    div.o                            14
    dlmalloc.o                    7 464               496
    errno.o                          12        3        4
    exit.o                            4
    sprintf.o                        52
    strncmp.o                        44
    tolower.o                        12
    xgetmemchunk.o                   44                 4
    xprintflarge_nomb.o           3 114
    xsprout.o                        10
    xstoflt.o                       428
    xstopfx.o                       286
    xstoul.o                        412
    xstoxflt.o                      512
    xtls.o                            2
    -----------------------------------------------------
    Total:                       12 424        3      504

m7M_tl.a: [4]
    DblAdd.o                        232
    DblCmpEq.o                       32
    DblCmpGe.o                       46
    DblCmpLe.o                       46
    DblDiv.o                        598
    DblMul.o                        418
    DblSub.o                        384
    DblToI32.o                       88
    I32ToDbl.o                       48
    strtod.o                          6
    xdnorm.o                         68
    xdscale.o                       268
    xdtento.o                       512
    xdunscal.o                       86
    xstod.o                         332
    -----------------------------------------------------
    Total:                        3 164

rt7M_tl.a: [5]
    ABImemclr4.o                      6
    ABImemcpy_unaligned.o           118
    ABImemset.o                     102
    ABImemset48.o                    50
    I64DivMod.o                     238
    I64DivZer.o                       2
    cexit.o                          10
    cmain.o                          26
    cstartup_M.o                     12
    data_init.o                      40
    memchr.o                         88
    memcmp_unaligned.o               98
    packbits_init_single.o           56
    strchr.o                         22
    strcmp_unaligned.o               66
    strlen.o                         54
    zero_init3.o                     64
    -----------------------------------------------------
    Total:                        1 052

shb_l.a: [6]
    exit.o                           20
    -----------------------------------------------------
    Total:                           20

    Gaps                             42        2
    Linker created                            32   10 240
---------------------------------------------------------
    Grand Total:                 32 982    1 032   18 066


*******************************************************************************
*** ENTRY LIST
***

Entry                      Address   Size  Type      Object
-----                      -------   ----  ----      ------
.iar.init_table$$Base   0x080081a4          --   Gb  - Linker created -
.iar.init_table$$Limit  0x080081c4          --   Gb  - Linker created -
?main                   0x08008295         Code  Gb  cmain.o [5]
ADC1_2_IRQHandler       0x08004a33    0xa  Code  Gb  HW_IRQHandler.o [1]
ADC3_IRQHandler         0x08004b53    0xc  Code  Gb  HW_IRQHandler.o [1]
AHBPrescTable           0x20000024   0x10  Data  Gb  system_stm32f10x.o [1]
CAN1_RX1_IRQHandler     0x08004a57    0xa  Code  Gb  HW_IRQHandler.o [1]
CAN1_SCE_IRQHandler     0x08004a61    0xa  Code  Gb  HW_IRQHandler.o [1]
CLOCK_GetSysClockAddr   0x08007c89    0x4  Code  Gb  Clock.o [1]
CLOCK_SetCurClock       0x08007b91   0x12  Code  Gb  Clock.o [1]
CLOCK_Update            0x08007ba3   0xe6  Code  Gb  Clock.o [1]
CSTACK$$Base            0x20000080          --   Gb  - Linker created -
CSTACK$$Limit           0x20001080          --   Gb  - Linker created -
CoreCtrl_ResetHandler   0x08008155   0x12  Code  Gb  CoreCtrl.o [1]
CoreCtrl_ResetSystemNow
                        0x0800814d    0x8  Code  Gb  CoreCtrl.o [1]
DMA1_Channel1_IRQHandler
                        0x0800486f   0x26  Code  Gb  HW_IRQHandler.o [1]
DMA1_Channel2_IRQHandler
                        0x08004895   0x26  Code  Gb  HW_IRQHandler.o [1]
DMA1_Channel3_IRQHandler
                        0x080048bb   0x20  Code  Gb  HW_IRQHandler.o [1]
DMA1_Channel4_IRQHandler
                        0x080048db   0x20  Code  Gb  HW_IRQHandler.o [1]
DMA1_Channel5_IRQHandler
                        0x080048fb   0x20  Code  Gb  HW_IRQHandler.o [1]
DMA1_Channel6_IRQHandler
                        0x0800491b   0x20  Code  Gb  HW_IRQHandler.o [1]
DMA1_Channel7_IRQHandler
                        0x0800493b   0x20  Code  Gb  HW_IRQHandler.o [1]
DMA2_Channel1_IRQHandler
                        0x0800495b   0x20  Code  Gb  HW_IRQHandler.o [1]
DMA2_Channel2_IRQHandler
                        0x0800497b   0x20  Code  Gb  HW_IRQHandler.o [1]
DMA2_Channel3_IRQHandler
                        0x0800499b   0x20  Code  Gb  HW_IRQHandler.o [1]
DMA2_Channel4_5_IRQHandler
                        0x080049bb   0x3c  Code  Gb  HW_IRQHandler.o [1]
ESP82XX_CheckDeviceConnect
                        0x08006685   0x74  Code  Gb  ESP82XX.o [1]
ESP82XX_ClearRecvBuff   0x080064ed   0x30  Code  Lc  ESP82XX.o [1]
ESP82XX_ConnectEnet     0x080068eb   0xac  Code  Gb  ESP82XX.o [1]
ESP82XX_ConnectWiFi     0x0800678f   0xa6  Code  Gb  ESP82XX.o [1]
ESP82XX_GetEnetStatus   0x08006839   0xb2  Code  Gb  ESP82XX.o [1]
ESP82XX_GetReturnCmd    0x0800651d   0xaa  Code  Lc  ESP82XX.o [1]
ESP82XX_InitInterface   0x0800664f   0x36  Code  Gb  ESP82XX.o [1]
ESP82XX_RecvBuff        0x080064c5   0x28  Code  Lc  ESP82XX.o [1]
ESP82XX_RecvEnetPack    0x08006a45   0x56  Code  Gb  ESP82XX.o [1]
ESP82XX_SendBuff        0x0800649d   0x28  Code  Lc  ESP82XX.o [1]
ESP82XX_SendEnetPack    0x08006a15   0x30  Code  Gb  ESP82XX.o [1]
ESP82XX_SetEchoEnable   0x080065c7   0x88  Code  Lc  ESP82XX.o [1]
ESP82XX_SetSendPackLen  0x08006997   0x7e  Code  Gb  ESP82XX.o [1]
ESP82XX_SetWifiMode     0x080066f9   0x96  Code  Gb  ESP82XX.o [1]
EXTI0_IRQHandler        0x08004741   0x26  Code  Gb  HW_IRQHandler.o [1]
EXTI15_10_IRQHandler    0x08004837   0x38  Code  Gb  HW_IRQHandler.o [1]
EXTI1_IRQHandler        0x08004767   0x26  Code  Gb  HW_IRQHandler.o [1]
EXTI2_IRQHandler        0x0800478d   0x26  Code  Gb  HW_IRQHandler.o [1]
EXTI3_IRQHandler        0x080047b3   0x26  Code  Gb  HW_IRQHandler.o [1]
EXTI4_IRQHandler        0x080047d9   0x26  Code  Gb  HW_IRQHandler.o [1]
EXTI9_5_IRQHandler      0x080047ff   0x38  Code  Gb  HW_IRQHandler.o [1]
FLASH_IRQHandler        0x08004a1f    0xa  Code  Gb  HW_IRQHandler.o [1]
FSMC_IRQHandler         0x08004b5f    0xc  Code  Gb  HW_IRQHandler.o [1]
GPIO_GetInputState      0x080072d3   0x2e  Code  Gb  GPIO_Man.o [1]
GPIO_GetOutputState     0x080072a5   0x2e  Code  Gb  GPIO_Man.o [1]
GPIO_InitIOTable        0x0800720d   0x50  Code  Gb  GPIO_Man.o [1]
GPIO_MAN_BuffInit       0x08007301   0x82  Code  Lc  GPIO_Man.o [1]
GPIO_MAN_UpdateInputIOState
                        0x08007383  0x110  Code  Lc  GPIO_Man.o [1]
GPIO_MAN_UpdateOutputIOState
                        0x08007493  0x110  Code  Lc  GPIO_Man.o [1]
GPIO_MAN_UpdateProc     0x080075a3   0x1e  Code  Gb  GPIO_Man.o [1]
GPIO_SetCtrlTable       0x080071e1   0x2c  Code  Gb  GPIO_Man.o [1]
GPIO_SetOutputState     0x0800725d   0x30  Code  Gb  GPIO_Man.o [1]
GPIO_ToggleOutputState  0x0800728d   0x18  Code  Gb  GPIO_Man.o [1]
GPIOx                   0x0800825c   0x1c  Data  Lc  HW_Gpio.o [1]
HAL_DelayInit           0x08006c49   0x12  Code  Gb  HAL_Delay.o [1]
HAL_GPIO_ConfigInput    0x080075d9   0x14  Code  Gb  HAL_Gpio.o [1]
HAL_GPIO_ConfigOutput   0x080075ed   0x14  Code  Gb  HAL_Gpio.o [1]
HAL_GPIO_GetIOState     0x0800761b   0x14  Code  Gb  HAL_Gpio.o [1]
HAL_GPIO_SetOutputState
                        0x08007601   0x1a  Code  Gb  HAL_Gpio.o [1]
HAL_IRQ_Init            0x0800816d    0x8  Code  Gb  HAL_IRQHandler.o [1]
HAL_SysTick_GetCount    0x08006c35    0x8  Code  Gb  HAL_SysTick.o [1]
HAL_SysTick_Init        0x08006c3d    0xc  Code  Gb  HAL_SysTick.o [1]
HAL_SystemReset         0x08008175    0x8  Code  Gb  HAL_SysCtrl.o [1]
HAL_UART_BlockSendBuff  0x08007d27   0x18  Code  Gb  HAL_Uart.o [1]
HAL_UART_BlockSendStr   0x08007d3f   0x14  Code  Gb  HAL_Uart.o [1]
HAL_UART_Init           0x08007d13   0x14  Code  Gb  HAL_Uart.o [1]
HAL_UART_RecvBuff       0x08007d67   0x16  Code  Gb  HAL_Uart.o [1]
HAL_UART_SendStr        0x08007d53   0x14  Code  Gb  HAL_Uart.o [1]
HEAP$$Base              0x20001080          --   Gb  - Linker created -
HEAP$$Limit             0x20002880          --   Gb  - Linker created -
HW_GPIO_ConfigInput     0x080041d5   0x16  Code  Gb  HW_Gpio.o [1]
HW_GPIO_ConfigOutput    0x080041eb   0x16  Code  Gb  HW_Gpio.o [1]
HW_GPIO_GetIOState      0x080041b9   0x12  Code  Gb  HW_Gpio.o [1]
HW_GPIO_ModeConfig      0x08003fc5  0x1b2  Code  Gb  HW_Gpio.o [1]
HW_GPIO_SetOutputState  0x08004177   0x42  Code  Gb  HW_Gpio.o [1]
HW_IRQ_Init             0x08004203  0x218  Code  Gb  HW_IRQHandler.o [1]
HW_IRQ_NullEntry        0x08004201    0x2  Code  Gb  HW_IRQHandler.o [1]
HW_IRQ_SetTrgCallback   0x0800441b  0x316  Code  Gb  HW_IRQHandler.o [1]
HW_NVIC_Enable          0x08004c93   0x2c  Code  Gb  HW_SysCtrl.o [1]
HW_SysTick_GetCount     0x08006ccd    0x6  Code  Gb  HW_SysTick.o [1]
HW_SysTick_Init         0x08006cd3   0x2a  Code  Gb  HW_SysTick.o [1]
HW_SysTick_SetTickTime  0x08006cb7    0x6  Code  Gb  HW_SysTick.o [1]
HW_SysTick_Update       0x08006cbd   0x10  Code  Gb  HW_SysTick.o [1]
HW_SystemReset          0x08004c8b    0x8  Code  Gb  HW_SysCtrl.o [1]
HW_TIM_ClockEnable      0x08007001  0x156  Code  Gb  HW_TimeComm.o [1]
HW_TIM_DelayInit        0x08006d21   0xd8  Code  Gb  HW_TimeDelay.o [1]
HW_UART0_DMATC_IRQHandler
                        0x08003ee5   0x1e  Code  Lc  HW_Uart.o [1]
HW_UART0_RX_IRQHandler  0x08003e25   0x30  Code  Lc  HW_Uart.o [1]
HW_UART1_DMATC_IRQHandler
                        0x08003f05   0x1e  Code  Lc  HW_Uart.o [1]
HW_UART1_RX_IRQHandler  0x08003e55   0x30  Code  Lc  HW_Uart.o [1]
HW_UART2_DMATC_IRQHandler
                        0x08003f25   0x1e  Code  Lc  HW_Uart.o [1]
HW_UART2_RX_IRQHandler  0x08003e85   0x30  Code  Lc  HW_Uart.o [1]
HW_UART3_DMATC_IRQHandler
                        0x08003f45   0x1e  Code  Lc  HW_Uart.o [1]
HW_UART3_RX_IRQHandler  0x08003eb5   0x30  Code  Lc  HW_Uart.o [1]
HW_UART_ConfigItCallBack
                        0x080034c5   0x70  Code  Lc  HW_Uart.o [1]
HW_UART_DmaRxInit       0x08003793  0x212  Code  Lc  HW_Uart.o [1]
HW_UART_DmaSend         0x08003d27   0x58  Code  Lc  HW_Uart.o [1]
HW_UART_DmaSendBuff     0x08003da1   0x64  Code  Gb  HW_Uart.o [1]
HW_UART_DmaSendStr      0x08003e05   0x20  Code  Gb  HW_Uart.o [1]
HW_UART_DmaTxInit       0x080039a5  0x1f2  Code  Lc  HW_Uart.o [1]
HW_UART_IOConfig        0x08003459   0x6c  Code  Lc  HW_Uart.o [1]
HW_UART_Init            0x08003be1   0x60  Code  Gb  HW_Uart.o [1]
HW_UART_ModeConfig      0x08003535  0x25e  Code  Lc  HW_Uart.o [1]
HW_UART_RecvBuff        0x08003c9f   0x1e  Code  Gb  HW_Uart.o [1]
HW_UART_RxDMAReset      0x08003b97   0x4a  Code  Gb  HW_Uart.o [1]
HW_UART_SendBuff        0x08003c61   0x1e  Code  Gb  HW_Uart.o [1]
HW_UART_SendByte        0x08003c41   0x20  Code  Gb  HW_Uart.o [1]
HW_UART_SendHeadNodeBuff
                        0x08003d7f   0x22  Code  Lc  HW_Uart.o [1]
HW_UART_SendStr         0x08003c7f   0x20  Code  Gb  HW_Uart.o [1]
I2C1_ER_IRQHandler      0x08004abb    0xa  Code  Gb  HW_IRQHandler.o [1]
I2C1_EV_IRQHandler      0x08004ab1    0xa  Code  Gb  HW_IRQHandler.o [1]
I2C2_ER_IRQHandler      0x08004acf    0xa  Code  Gb  HW_IRQHandler.o [1]
I2C2_EV_IRQHandler      0x08004ac5    0xa  Code  Gb  HW_IRQHandler.o [1]
IRQ_Init                0x08008145    0x8  Code  Gb  IRQ_Man.o [1]
Is_LeapYear             0x08007b55   0x3c  Code  Lc  Clock.o [1]
List_FreeHead           0x08003ccf   0x28  Code  Lc  HW_Uart.o [1]
List_GetHead            0x08003cf7   0x30  Code  Lc  HW_Uart.o [1]
List_Init               0x08003cbd    0x4  Code  Lc  HW_Uart.o [1]
List_SinkTail           0x08003cc1    0xe  Code  Lc  HW_Uart.o [1]
LoadInt                 0x080024bb   0x6e  Code  Lc  xprintflarge_nomb.o [3]
NVIC_EnableIRQ          0x08004bf7   0x14  Code  Lc  HW_SysCtrl.o [1]
NVIC_EncodePriority     0x08004c31   0x3e  Code  Lc  HW_SysCtrl.o [1]
NVIC_SetPriority        0x08004c0b   0x26  Code  Lc  HW_SysCtrl.o [1]
NVIC_SetPriority        0x08006c61   0x26  Code  Lc  HW_SysTick.o [1]
NVIC_SetPriorityGrouping
                        0x08004bd9   0x1e  Code  Lc  HW_SysCtrl.o [1]
NVIC_SystemReset        0x08004c6f   0x1c  Code  Lc  HW_SysCtrl.o [1]
PVD_IRQHandler          0x08004a01    0xa  Code  Gb  HW_IRQHandler.o [1]
RCC_APB1PeriphClockCmd  0x080071bb   0x1e  Code  Gb  stm32f10x_rcc.o [1]
RCC_APB2PeriphClockCmd  0x0800719d   0x1e  Code  Gb  stm32f10x_rcc.o [1]
RCC_IRQHandler          0x08004a29    0xa  Code  Gb  HW_IRQHandler.o [1]
RTCAlarm_IRQHandler     0x08004b11    0xa  Code  Gb  HW_IRQHandler.o [1]
RTC_IRQHandler          0x08004a15    0xa  Code  Gb  HW_IRQHandler.o [1]
Region$$Table$$Base     0x080081a4          --   Gb  - Linker created -
Region$$Table$$Limit    0x080081c4          --   Gb  - Linker created -
RingBuffer_GetCount     0x08004cd9    0x8  Code  Lc  ring_buffer.o [1]
RingBuffer_GetFree      0x08004ce1   0x10  Code  Lc  ring_buffer.o [1]
RingBuffer_Init         0x08004d1d   0x18  Code  Gb  ring_buffer.o [1]
RingBuffer_InsertMult   0x08004d35   0xb4  Code  Gb  ring_buffer.o [1]
RingBuffer_IsEmpty      0x08004d0b   0x12  Code  Lc  ring_buffer.o [1]
RingBuffer_IsFull       0x08004cf1   0x1a  Code  Lc  ring_buffer.o [1]
RingBuffer_PopMult      0x08004de9   0xb4  Code  Gb  ring_buffer.o [1]
SDIO_IRQHandler         0x08004b6b    0xc  Code  Gb  HW_IRQHandler.o [1]
SPI1_IRQHandler         0x08004ad9    0xa  Code  Gb  HW_IRQHandler.o [1]
SPI2_IRQHandler         0x08004ae9    0xa  Code  Gb  HW_IRQHandler.o [1]
SPI3_IRQHandler         0x08004b83    0xc  Code  Gb  HW_IRQHandler.o [1]
SYS_Init                0x0800811d   0x1c  Code  Gb  SYS_Init.o [1]
SYS_MainTaskHandler     0x08008139    0xc  Code  Gb  SYS_Init.o [1]
SetSysClock             0x08006eed    0x8  Code  Lc  system_stm32f10x.o [1]
SetSysClockTo72         0x08006ef5   0xe0  Code  Lc  system_stm32f10x.o [1]
SysTick_Config          0x08006c87   0x30  Code  Lc  HW_SysTick.o [1]
SysTick_Handler         0x08004731   0x10  Code  Gb  HW_IRQHandler.o [1]
SysTime_CheckExpiredState
                        0x08006b69   0x32  Code  Gb  SysTimer.o [1]
SysTime_GetTickCount    0x08006b13    0x8  Code  Gb  SysTimer.o [1]
SysTime_GetTimeDiffMs   0x08006ae5    0xc  Code  Lc  SysTimer.o [1]
SysTime_Init            0x08006af1   0x22  Code  Gb  SysTimer.o [1]
SysTime_SimpleDelay     0x08006b1b   0x18  Code  Gb  SysTimer.o [1]
SysTime_Start           0x08006b39   0x18  Code  Gb  SysTimer.o [1]
SysTime_StartOneShot    0x08006b51   0x18  Code  Gb  SysTimer.o [1]
SystemCoreClock         0x20000020    0x4  Data  Gb  system_stm32f10x.o [1]
SystemCoreClockUpdate   0x08006e51   0x9c  Code  Gb  system_stm32f10x.o [1]
SystemInit              0x08006dfd   0x54  Code  Gb  system_stm32f10x.o [1]
TAMPER_IRQHandler       0x08004a0b    0xa  Code  Gb  HW_IRQHandler.o [1]
TIM                     0x0800801c   0x44  Data  Gb  HW_TimeComm.o [1]
TIM1_BRK_IRQHandler     0x08004a6b    0xa  Code  Gb  HW_IRQHandler.o [1]
TIM1_CC_IRQHandler      0x08004a89    0xa  Code  Gb  HW_IRQHandler.o [1]
TIM1_TRG_COM_IRQHandler
                        0x08004a7f    0xa  Code  Gb  HW_IRQHandler.o [1]
TIM1_UP_IRQHandler      0x08004a75    0xa  Code  Gb  HW_IRQHandler.o [1]
TIM2_IRQHandler         0x08004a93    0xa  Code  Gb  HW_IRQHandler.o [1]
TIM3_IRQHandler         0x08004a9d    0xa  Code  Gb  HW_IRQHandler.o [1]
TIM4_IRQHandler         0x08004aa7    0xa  Code  Gb  HW_IRQHandler.o [1]
TIM5_IRQHandler         0x08004b77    0xc  Code  Gb  HW_IRQHandler.o [1]
TIM6_IRQHandler         0x08004ba7    0xc  Code  Gb  HW_IRQHandler.o [1]
TIM7_IRQHandler         0x08004bb3    0xc  Code  Gb  HW_IRQHandler.o [1]
TIM8_BRK_IRQHandler     0x08004b25    0xa  Code  Gb  HW_IRQHandler.o [1]
TIM8_CC_IRQHandler      0x08004b47    0xc  Code  Gb  HW_IRQHandler.o [1]
TIM8_TRG_COM_IRQHandler
                        0x08004b3b    0xc  Code  Gb  HW_IRQHandler.o [1]
TIM8_UP_IRQHandler      0x08004b2f    0xc  Code  Gb  HW_IRQHandler.o [1]
UART4_IRQHandler        0x08004b8f    0xc  Code  Gb  HW_IRQHandler.o [1]
UART5_IRQHandler        0x08004b9b    0xc  Code  Gb  HW_IRQHandler.o [1]
UART_BlockSendBuff      0x08007cb5   0x18  Code  Gb  UART.o [1]
UART_BlockSendStr       0x08007ccd   0x14  Code  Gb  UART.o [1]
UART_Init               0x08007ca1   0x14  Code  Gb  UART.o [1]
UART_RecvBuff           0x08007cf5   0x16  Code  Gb  UART.o [1]
UART_SendStr            0x08007ce1   0x14  Code  Gb  UART.o [1]
USART                   0x0800835c   0x10  Data  Lc  HW_Uart.o [1]
USART1_IRQHandler       0x08004af3    0xa  Code  Gb  HW_IRQHandler.o [1]
USART2_IRQHandler       0x08004afd    0xa  Code  Gb  HW_IRQHandler.o [1]
USART3_IRQHandler       0x08004b07    0xa  Code  Gb  HW_IRQHandler.o [1]
USART_IRQn              0x08008468    0x4  Data  Lc  HW_Uart.o [1]
USART_RxDmaChannel      0x0800836c   0x10  Data  Lc  HW_Uart.o [1]
USART_TX_DMA_IRQn       0x0800846c    0x4  Data  Lc  HW_Uart.o [1]
USART_TxDmaChannel      0x0800837c   0x10  Data  Lc  HW_Uart.o [1]
USBWakeUp_IRQHandler    0x08004b1b    0xa  Code  Gb  HW_IRQHandler.o [1]
USB_HP_CAN1_TX_IRQHandler
                        0x08004a3d    0xa  Code  Gb  HW_IRQHandler.o [1]
USB_LP_CAN1_RX0_IRQHandler
                        0x08004a4d    0xa  Code  Gb  HW_IRQHandler.o [1]
Uart0_RecvBuff          0x20003480  0x200  Data  Gb  HW_Uart.o [1]
Uart1_RecvBuff          0x20003680  0x200  Data  Gb  HW_Uart.o [1]
Uart2_RecvBuff          0x20003880  0x200  Data  Gb  HW_Uart.o [1]
Uart3_RecvBuff          0x20003a80  0x200  Data  Gb  HW_Uart.o [1]
WFC_DisplayWeather      0x080077bb   0xba  Code  Gb  WFC_WifiClock.o [1]
WFC_GetBaseClock        0x08007875   0x3c  Code  Gb  WFC_WifiClock.o [1]
WFC_GetBaseClockForJson
                        0x08007721   0x82  Code  Gb  WFC_WifiClock.o [1]
WFC_GetJson             0x08007909   0x70  Code  Lc  WFC_WifiCom.o [1]
WFC_GetWeatherParmForJson
                        0x08007631   0xf0  Code  Gb  WFC_WifiClock.o [1]
WFC_HwInit              0x08007f29   0x54  Code  Gb  WFC_HwCtrl.o [1]
WFC_IOConfig            0x08007f19   0x10  Code  Lc  WFC_HwCtrl.o [1]
WFC_Init                0x08008205   0x14  Code  Gb  WFC_MainProc.o [1]
WFC_InitWifi            0x08007979   0x6c  Code  Gb  WFC_WifiCom.o [1]
WFC_MainProc            0x08008219    0xc  Code  Gb  WFC_MainProc.o [1]
WFC_MainWorkLedShow     0x08007f7d   0x1c  Code  Gb  WFC_HwCtrl.o [1]
WFC_RecvClockPack       0x08007a8b   0xa6  Code  Gb  WFC_WifiCom.o [1]
WFC_RecvWeatherPack     0x080079e5   0xa6  Code  Gb  WFC_WifiCom.o [1]
WFC_UnpackTest          0x080078b1   0x20  Code  Gb  WFC_WifiClock.o [1]
WFC_UpdateClock         0x080077af    0xc  Code  Gb  WFC_WifiClock.o [1]
WFC_UpdateWeather       0x080077a3    0xc  Code  Gb  WFC_WifiClock.o [1]
WWDG_IRQHandler         0x080049f7    0xa  Code  Gb  HW_IRQHandler.o [1]
_GenldLargeNoMb         0x080028b3  0x250  Code  Lc  xprintflarge_nomb.o [3]
_LdtobLargeNoMb         0x08002635  0x278  Code  Lc  xprintflarge_nomb.o [3]
_LitobLargeNoMb         0x08002529  0x10a  Code  Lc  xprintflarge_nomb.o [3]
_PrintfLargeNoMb        0x08001f21  0x594  Code  Gb  xprintflarge_nomb.o [3]
_PutcharsLargeNoMb      0x08002b03   0x2e  Code  Lc  xprintflarge_nomb.o [3]
_SProut                 0x08001e5f    0xa  Code  Gb  xsprout.o [3]
_Stoflt                 0x08005ce9  0x1ac  Code  Gb  xstoflt.o [3]
_Stopfx                 0x08005bcb  0x11e  Code  Gb  xstopfx.o [3]
_Stoxflt                0x08006109  0x1cc  Code  Gb  xstoxflt.o [3]
_Stoxflt::digits        0x080062d8   0x18  Data  Lc  xstoxflt.o [3]
_Stoxflt::vals          0x080062f0   0x18  Data  Lc  xstoxflt.o [3]
__aeabi_cdcmpeq         0x08006415         Code  Gb  DblCmpEq.o [4]
__aeabi_cdcmple         0x08002d29         Code  Gb  DblCmpLe.o [4]
__aeabi_cdrcmple        0x080059a5         Code  Gb  DblCmpGe.o [4]
__aeabi_d2iz            0x08003155         Code  Gb  DblToI32.o [4]
__aeabi_d2uiz           0x08003181         Code  Gb  DblToI32.o [4]
__aeabi_dadd            0x08003371         Code  Gb  DblAdd.o [4]
__aeabi_ddiv            0x08002efd         Code  Gb  DblDiv.o [4]
__aeabi_dmul            0x08002d59         Code  Gb  DblMul.o [4]
__aeabi_dsub            0x080031dd         Code  Gb  DblSub.o [4]
__aeabi_errno_addr      0x0800648d    0x6  Code  Gb  errno.o [3]
__aeabi_i2d             0x080031ad         Code  Gb  I32ToDbl.o [4]
__aeabi_ldiv0           0x0800336d         Code  Gb  I64DivZer.o [5]
__aeabi_memclr4         0x08005a01         Code  Gb  ABImemclr4.o [5]
__aeabi_memset          0x08004e9d         Code  Gb  ABImemset.o [5]
__aeabi_ui2d            0x080031c1         Code  Gb  I32ToDbl.o [4]
__aeabi_uldivmod        0x08002bf5         Code  Gb  I64DivMod.o [5]
__cmain                 0x08008295         Code  Gb  cmain.o [5]
__data_GetMemChunk      0x08001e69   0x2c  Code  Gb  xgetmemchunk.o [3]
__data_GetMemChunk::start
                        0x20004690    0x4  Data  Lc  xgetmemchunk.o [3]
__exit                  0x08001f0d   0x14  Code  Gb  exit.o [6]
__iar_Dnorm             0x08002ce3   0x44  Code  Gb  xdnorm.o [4]
__iar_Dscale            0x08006309  0x10c  Code  Gb  xdscale.o [4]
__iar_Dtentox           0x08005f5b  0x14e  Code  Gb  xdtento.o [4]
__iar_Dunscale          0x08006435   0x56  Code  Gb  xdunscal.o [4]
__iar_Errno             0x20000078    0x4  Data  Gb  errno.o [3]
__iar_Memchr            0x08002b9d         Code  Gb  memchr.o [5]
__iar_Memset            0x08004e9d         Code  Gb  ABImemset.o [5]
__iar_Memset4_word      0x08005b99         Code  Gb  ABImemset48.o [5]
__iar_Memset8_word      0x08005b99         Code  Gb  ABImemset48.o [5]
__iar_Memset_word       0x08004ea5         Code  Gb  ABImemset.o [5]
__iar_Stod              0x08005b95    0x4  Code  Gb  xstod.o [4]
__iar_Stodx             0x08005a4d  0x13a  Code  Gb  xstod.o [4]
__iar_Stoul             0x08007ec5    0x4  Code  Gb  xstoul.o [3]
__iar_Stoulx            0x08007d7d  0x142  Code  Gb  xstoul.o [3]
__iar_Strchr            0x08002b4d         Code  Gb  strchr.o [5]
__iar_d2uiz             0x0800318d         Code  Gb  DblToI32.o [4]
__iar_dadd              0x08003385         Code  Gb  DblAdd.o [4]
__iar_data_init3        0x0800817d   0x28  Code  Gb  data_init.o [5]
__iar_dlfree            0x080015a9  0x51a  Code  Gb  dlmalloc.o [3]
__iar_dlib_perthread_access
                        0x08006499    0x2  Code  Gb  xtls.o [3]
__iar_dlmalloc          0x080012f3  0x2aa  Code  Gb  dlmalloc.o [3]
__iar_dlrealloc         0x08001dd5   0x7e  Code  Gb  dlmalloc.o [3]
__iar_dsub              0x080031f1         Code  Gb  DblSub.o [4]
__iar_dsubStart         0x08003203         Code  Gb  DblSub.o [4]
__iar_packbits_init_single3
                        0x080080e5   0x38  Code  Gb  packbits_init_single.o [5]
__iar_program_start     0x08008405         Code  Gb  cstartup_M.o [5]
__iar_ui2d              0x080031c5         Code  Gb  I32ToDbl.o [4]
__iar_unaligned___aeabi_memcpy
                        0x08001e95         Code  Gb  ABImemcpy_unaligned.o [5]
__iar_unaligned___aeabi_memcpy4
                        0x08001eb5         Code  Gb  ABImemcpy_unaligned.o [5]
__iar_unaligned___aeabi_memcpy8
                        0x08001eb5         Code  Gb  ABImemcpy_unaligned.o [5]
__iar_unaligned_memcmp  0x08006b9d         Code  Gb  memcmp_unaligned.o [5]
__iar_unaligned_strcmp  0x08005a09         Code  Gb  strcmp_unaligned.o [5]
__iar_zero_init3        0x080080a5   0x40  Code  Gb  zero_init3.o [5]
__vector_table          0x08000000         Data  Gb  iar_startup_stm32f10x_hd.o [1]
_call_main              0x080082a1         Code  Gb  cmain.o [5]
_exit                   0x080082c9         Code  Gb  cexit.o [5]
_gm_                    0x20004080  0x1d8  Data  Lc  dlmalloc.o [3]
_main                   0x080082ab         Code  Gb  cmain.o [5]
abort                   0x08001e59    0x6  Code  Gb  abort.o [3]
atol                    0x08007d0b    0x8  Code  Gb  atol.o [3]
bUsEnableFlag           0x20004695    0x1  Data  Lc  SysTimer.o [1]
buffer_skip_whitespace  0x08005407   0x40  Code  Lc  cJSON.o [1]
cJSON_Delete            0x08004f75   0x5c  Code  Gb  cJSON.o [1]
cJSON_GetObjectItem     0x0800595b   0x12  Code  Gb  cJSON.o [1]
cJSON_HasObjectItem     0x0800596d   0x1a  Code  Gb  cJSON.o [1]
cJSON_New_Item          0x08004f53   0x22  Code  Lc  cJSON.o [1]
cJSON_Parse             0x0800555f   0x10  Code  Gb  cJSON.o [1]
cJSON_ParseWithOpts     0x08005489   0xd6  Code  Gb  cJSON.o [1]
case_insensitive_strcmp
                        0x08004f05   0x4e  Code  Lc  cJSON.o [1]
digits                  0x08007ec8   0x28  Data  Lc  xstoul.o [3]
dispose_chunk           0x080008b9  0x4a0  Code  Lc  dlmalloc.o [3]
div                     0x0800335d    0xe  Code  Gb  div.o [3]
dmul                    0x08005f09   0x52  Code  Lc  xdtento.o [4]
exit                    0x080082c3    0x4  Code  Gb  exit.o [3]
g_GpioCtrlTable         0x20004638   0x10  Data  Gb  GPIO_Man.o [1]
g_HeadNodePtr0          0x20004678    0x4  Data  Lc  HW_Uart.o [1]
g_HeadNodePtr1          0x2000467c    0x4  Data  Lc  HW_Uart.o [1]
g_HeadNodePtr2          0x20004680    0x4  Data  Lc  HW_Uart.o [1]
g_HeadNodePtr3          0x20004684    0x4  Data  Lc  HW_Uart.o [1]
g_IRQInterface          0x20004258  0x128  Data  Lc  HW_IRQHandler.o [1]
g_WFC103_IOTable        0x20000048   0x10  Data  Gb  WFC103_IOTable.o [1]
get_decimal_point       0x08004fd1    0x4  Code  Lc  cJSON.o [1]
get_object_item         0x08005911   0x4a  Code  Lc  cJSON.o [1]
global_error            0x20004654    0x8  Data  Lc  cJSON.o [1]
global_hooks            0x20000000    0xc  Data  Lc  cJSON.o [1]
init_mparams            0x0800014d   0x32  Code  Lc  dlmalloc.o [3]
init_top                0x0800017f   0x34  Code  Lc  dlmalloc.o [3]
m_DelayTimeNode         0x20004694    0x1  Data  Lc  HAL_Delay.o [1]
m_IOUpdateTimer         0x2000000c   0x10  Data  Lc  GPIO_Man.o [1]
m_InputIOTable          0x20000034    0xc  Data  Lc  WFC103_IOTable.o [1]
m_LedCtrlTimer          0x20000058   0x10  Data  Lc  WFC_HwCtrl.o [1]
m_OutputIOTable         0x20000040    0x8  Data  Lc  WFC103_IOTable.o [1]
m_ResetTimer            0x20004628   0x10  Data  Lc  CoreCtrl.o [1]
m_RxRing                0x20004580   0x50  Data  Lc  HW_Uart.o [1]
m_SysClock              0x20004648    0xc  Data  Lc  Clock.o [1]
m_WifiCtrlTimer         0x20000068   0x10  Data  Lc  WFC_WifiClock.o [1]
m_uClockJsonPack        0x20003e80  0x200  Data  Lc  WFC_WifiClock.o [1]
m_uInputChangeCount     0x20004380  0x100  Data  Lc  GPIO_Man.o [1]
m_uOutputChangeCount    0x20004480  0x100  Data  Lc  GPIO_Man.o [1]
m_uRecvBuff             0x20003080  0x200  Data  Lc  ESP82XX.o [1]
m_uRecvCmd              0x20003280  0x200  Data  Lc  ESP82XX.o [1]
m_uRxBuff               0x20002880  0x800  Data  Lc  HW_Uart.o [1]
m_uUartNode             0x2000466c    0x4  Data  Lc  ESP82XX.o [1]
m_uWeatherJsonPack      0x20003c80  0x200  Data  Lc  WFC_WifiClock.o [1]
m_ulBaseClock           0x20004660    0x4  Data  Lc  Clock.o [1]
m_ulBaseSysClock        0x2000465c    0x4  Data  Lc  Clock.o [1]
m_ulClockJsonLen        0x2000468c    0x4  Data  Lc  WFC_WifiClock.o [1]
m_ulInputStateGroup     0x200045d0   0x20  Data  Lc  GPIO_Man.o [1]
m_ulOutputStateGroup    0x200045f0   0x20  Data  Lc  GPIO_Man.o [1]
m_ulRecvIndex           0x20004670    0x4  Data  Lc  ESP82XX.o [1]
m_ulSysTickCount        0x20004674    0x4  Data  Lc  HW_SysTick.o [1]
m_ulSysTickTime         0x2000001c    0x4  Data  Lc  HW_SysTick.o [1]
m_ulWeatherJsonLen      0x20004688    0x4  Data  Lc  WFC_WifiClock.o [1]
main                    0x080082af   0x14  Code  Gb  Main.o [1]
memchr                  0x08002b9d         Code  Gb  memchr.o [5]
mparams                 0x20004610   0x18  Data  Lc  dlmalloc.o [3]
ndigs                   0x08007ef0   0x28  Data  Lc  xstoul.o [3]
parse_array             0x080056d1   0xfa  Code  Lc  cJSON.o [1]
parse_hex4              0x080050d1   0x5c  Code  Lc  cJSON.o [1]
parse_number            0x08004fd5   0xfc  Code  Lc  cJSON.o [1]
parse_object            0x080057cb  0x146  Code  Lc  cJSON.o [1]
parse_string            0x0800526b  0x19c  Code  Lc  cJSON.o [1]
parse_value             0x0800557d  0x13e  Code  Lc  cJSON.o [1]
pf_ESP82XX_RecvBuff     0x20004668    0x4  Data  Lc  ESP82XX.o [1]
pf_ESP82XX_SendBuff     0x20004664    0x4  Data  Lc  ESP82XX.o [1]
pows                    0x080060c0   0x48  Data  Lc  xdtento.o [4]
prepend_alloc           0x080001b3  0x372  Code  Lc  dlmalloc.o [3]
segment_holding         0x08000131   0x1c  Code  Lc  dlmalloc.o [3]
skip_utf8_bom           0x08005447   0x42  Code  Lc  cJSON.o [1]
sprintf                 0x08006c01   0x34  Code  Gb  sprintf.o [3]
strchr                  0x08002b4d         Code  Gb  strchr.o [5]
strlen                  0x08002b65         Code  Gb  strlen.o [5]
strncmp                 0x080059d3   0x2c  Code  Gb  strncmp.o [3]
strtod                  0x0800599d    0x6  Code  Gb  strtod.o [4]
sys_alloc               0x08000525  0x388  Code  Lc  dlmalloc.o [3]
tmalloc_large           0x08000d5f  0x380  Code  Lc  dlmalloc.o [3]
tmalloc_small           0x080010df  0x206  Code  Lc  dlmalloc.o [3]
tolower                 0x08005991    0xc  Code  Gb  tolower.o [3]
try_realloc_chunk       0x08001ac3  0x306  Code  Lc  dlmalloc.o [3]
utf16_literal_to_utf8   0x0800512d  0x13e  Code  Lc  cJSON.o [1]


[1] = E:\GitHub\GCP-MulitMCUs\Project\GCP-STM32F10X\Release\Obj
[2] = command line
[3] = dl7M_tln.a
[4] = m7M_tl.a
[5] = rt7M_tl.a
[6] = shb_l.a

  32 982 bytes of readonly  code memory
   1 032 bytes of readonly  data memory
  18 066 bytes of readwrite data memory

Errors: none
Warnings: none
